Archive member included to satisfy reference by file (symbol)

D:/STM32Cube/STM32CubeCLT_1.16.0/GNU-tools-for-STM32/bin/../lib/gcc/arm-none-eabi/12.3.1/thumb/v7e-m/nofp\libgcc.a(_aeabi_uldivmod.o)
                              CMakeFiles/untitled2.elf.dir/Drivers/STM32F4xx_HAL_Driver/Src/stm32f4xx_hal_rcc.c.obj (__aeabi_uldivmod)
D:/STM32Cube/STM32CubeCLT_1.16.0/GNU-tools-for-STM32/bin/../lib/gcc/arm-none-eabi/12.3.1/thumb/v7e-m/nofp\libgcc.a(_udivmoddi4.o)
                              D:/STM32Cube/STM32CubeCLT_1.16.0/GNU-tools-for-STM32/bin/../lib/gcc/arm-none-eabi/12.3.1/thumb/v7e-m/nofp\libgcc.a(_aeabi_uldivmod.o) (__udivmoddi4)
D:/STM32Cube/STM32CubeCLT_1.16.0/GNU-tools-for-STM32/bin/../lib/gcc/arm-none-eabi/12.3.1/thumb/v7e-m/nofp\libgcc.a(_dvmd_tls.o)
                              D:/STM32Cube/STM32CubeCLT_1.16.0/GNU-tools-for-STM32/bin/../lib/gcc/arm-none-eabi/12.3.1/thumb/v7e-m/nofp\libgcc.a(_aeabi_uldivmod.o) (__aeabi_ldiv0)
D:/STM32Cube/STM32CubeCLT_1.16.0/GNU-tools-for-STM32/bin/../lib/gcc/arm-none-eabi/12.3.1/../../../../arm-none-eabi/lib/thumb/v7e-m/nofp\libg.a(libc_a-exit.o)
                              D:/STM32Cube/STM32CubeCLT_1.16.0/GNU-tools-for-STM32/bin/../lib/gcc/arm-none-eabi/12.3.1/../../../../arm-none-eabi/lib/thumb/v7e-m/nofp/crt0.o (exit)
D:/STM32Cube/STM32CubeCLT_1.16.0/GNU-tools-for-STM32/bin/../lib/gcc/arm-none-eabi/12.3.1/../../../../arm-none-eabi/lib/thumb/v7e-m/nofp\libg.a(libc_a-findfp.o)
                              D:/STM32Cube/STM32CubeCLT_1.16.0/GNU-tools-for-STM32/bin/../lib/gcc/arm-none-eabi/12.3.1/../../../../arm-none-eabi/lib/thumb/v7e-m/nofp\libg.a(libc_a-exit.o) (__stdio_exit_handler)
D:/STM32Cube/STM32CubeCLT_1.16.0/GNU-tools-for-STM32/bin/../lib/gcc/arm-none-eabi/12.3.1/../../../../arm-none-eabi/lib/thumb/v7e-m/nofp\libg.a(libc_a-fwalk.o)
                              D:/STM32Cube/STM32CubeCLT_1.16.0/GNU-tools-for-STM32/bin/../lib/gcc/arm-none-eabi/12.3.1/../../../../arm-none-eabi/lib/thumb/v7e-m/nofp\libg.a(libc_a-findfp.o) (_fwalk_sglue)
D:/STM32Cube/STM32CubeCLT_1.16.0/GNU-tools-for-STM32/bin/../lib/gcc/arm-none-eabi/12.3.1/../../../../arm-none-eabi/lib/thumb/v7e-m/nofp\libg.a(libc_a-stdio.o)
                              D:/STM32Cube/STM32CubeCLT_1.16.0/GNU-tools-for-STM32/bin/../lib/gcc/arm-none-eabi/12.3.1/../../../../arm-none-eabi/lib/thumb/v7e-m/nofp\libg.a(libc_a-findfp.o) (__sread)
D:/STM32Cube/STM32CubeCLT_1.16.0/GNU-tools-for-STM32/bin/../lib/gcc/arm-none-eabi/12.3.1/../../../../arm-none-eabi/lib/thumb/v7e-m/nofp\libg.a(libc_a-memset.o)
                              D:/STM32Cube/STM32CubeCLT_1.16.0/GNU-tools-for-STM32/bin/../lib/gcc/arm-none-eabi/12.3.1/../../../../arm-none-eabi/lib/thumb/v7e-m/nofp/crt0.o (memset)
D:/STM32Cube/STM32CubeCLT_1.16.0/GNU-tools-for-STM32/bin/../lib/gcc/arm-none-eabi/12.3.1/../../../../arm-none-eabi/lib/thumb/v7e-m/nofp\libg.a(libc_a-closer.o)
                              D:/STM32Cube/STM32CubeCLT_1.16.0/GNU-tools-for-STM32/bin/../lib/gcc/arm-none-eabi/12.3.1/../../../../arm-none-eabi/lib/thumb/v7e-m/nofp\libg.a(libc_a-stdio.o) (_close_r)
D:/STM32Cube/STM32CubeCLT_1.16.0/GNU-tools-for-STM32/bin/../lib/gcc/arm-none-eabi/12.3.1/../../../../arm-none-eabi/lib/thumb/v7e-m/nofp\libg.a(libc_a-reent.o)
                              D:/STM32Cube/STM32CubeCLT_1.16.0/GNU-tools-for-STM32/bin/../lib/gcc/arm-none-eabi/12.3.1/../../../../arm-none-eabi/lib/thumb/v7e-m/nofp\libg.a(libc_a-closer.o) (errno)
D:/STM32Cube/STM32CubeCLT_1.16.0/GNU-tools-for-STM32/bin/../lib/gcc/arm-none-eabi/12.3.1/../../../../arm-none-eabi/lib/thumb/v7e-m/nofp\libg.a(libc_a-impure.o)
                              D:/STM32Cube/STM32CubeCLT_1.16.0/GNU-tools-for-STM32/bin/../lib/gcc/arm-none-eabi/12.3.1/../../../../arm-none-eabi/lib/thumb/v7e-m/nofp\libg.a(libc_a-reent.o) (_impure_ptr)
D:/STM32Cube/STM32CubeCLT_1.16.0/GNU-tools-for-STM32/bin/../lib/gcc/arm-none-eabi/12.3.1/../../../../arm-none-eabi/lib/thumb/v7e-m/nofp\libg.a(libc_a-lseekr.o)
                              D:/STM32Cube/STM32CubeCLT_1.16.0/GNU-tools-for-STM32/bin/../lib/gcc/arm-none-eabi/12.3.1/../../../../arm-none-eabi/lib/thumb/v7e-m/nofp\libg.a(libc_a-stdio.o) (_lseek_r)
D:/STM32Cube/STM32CubeCLT_1.16.0/GNU-tools-for-STM32/bin/../lib/gcc/arm-none-eabi/12.3.1/../../../../arm-none-eabi/lib/thumb/v7e-m/nofp\libg.a(libc_a-readr.o)
                              D:/STM32Cube/STM32CubeCLT_1.16.0/GNU-tools-for-STM32/bin/../lib/gcc/arm-none-eabi/12.3.1/../../../../arm-none-eabi/lib/thumb/v7e-m/nofp\libg.a(libc_a-stdio.o) (_read_r)
D:/STM32Cube/STM32CubeCLT_1.16.0/GNU-tools-for-STM32/bin/../lib/gcc/arm-none-eabi/12.3.1/../../../../arm-none-eabi/lib/thumb/v7e-m/nofp\libg.a(libc_a-writer.o)
                              D:/STM32Cube/STM32CubeCLT_1.16.0/GNU-tools-for-STM32/bin/../lib/gcc/arm-none-eabi/12.3.1/../../../../arm-none-eabi/lib/thumb/v7e-m/nofp\libg.a(libc_a-stdio.o) (_write_r)
[...]
Memory Configuration

Name             Origin             Length             Attributes
CCMRAM           0x10000000         0x00010000         xrw
RAM              0x20000000         0x00030000         xrw
FLASH            0x08000000         0x00200000         xr
*default*        0x00000000         0xffffffff

Linker script and memory map

LOAD D:/STM32Cube/STM32CubeCLT_1.16.0/GNU-tools-for-STM32/bin/../lib/gcc/arm-none-eabi/12.3.1/thumb/v7e-m/nofp/crti.o
LOAD D:/STM32Cube/STM32CubeCLT_1.16.0/GNU-tools-for-STM32/bin/../lib/gcc/arm-none-eabi/12.3.1/thumb/v7e-m/nofp/crtbegin.o
LOAD D:/STM32Cube/STM32CubeCLT_1.16.0/GNU-tools-for-STM32/bin/../lib/gcc/arm-none-eabi/12.3.1/../../../../arm-none-eabi/lib/thumb/v7e-m/nofp/crt0.o
LOAD CMakeFiles/untitled2.elf.dir/Core/Src/callback.c.obj
LOAD CMakeFiles/untitled2.elf.dir/Core/Src/dma.c.obj
LOAD CMakeFiles/untitled2.elf.dir/Core/Src/gpio.c.obj
LOAD CMakeFiles/untitled2.elf.dir/Core/Src/main.c.obj
LOAD CMakeFiles/untitled2.elf.dir/Core/Src/stm32f4xx_hal_msp.c.obj
LOAD CMakeFiles/untitled2.elf.dir/Core/Src/stm32f4xx_it.c.obj
LOAD CMakeFiles/untitled2.elf.dir/Core/Src/syscalls.c.obj
LOAD CMakeFiles/untitled2.elf.dir/Core/Src/sysmem.c.obj
LOAD CMakeFiles/untitled2.elf.dir/Core/Src/system_stm32f4xx.c.obj
LOAD CMakeFiles/untitled2.elf.dir/Core/Src/tim.c.obj
LOAD CMakeFiles/untitled2.elf.dir/Core/Src/usart.c.obj
LOAD CMakeFiles/untitled2.elf.dir/Core/Startup/startup_stm32f427iihx.s.obj
LOAD CMakeFiles/untitled2.elf.dir/Drivers/STM32F4xx_HAL_Driver/Src/stm32f4xx_hal.c.obj
LOAD CMakeFiles/untitled2.elf.dir/Drivers/STM32F4xx_HAL_Driver/Src/stm32f4xx_hal_cortex.c.obj
LOAD CMakeFiles/untitled2.elf.dir/Drivers/STM32F4xx_HAL_Driver/Src/stm32f4xx_hal_dma.c.obj
LOAD CMakeFiles/untitled2.elf.dir/Drivers/STM32F4xx_HAL_Driver/Src/stm32f4xx_hal_dma_ex.c.obj
LOAD CMakeFiles/untitled2.elf.dir/Drivers/STM32F4xx_HAL_Driver/Src/stm32f4xx_hal_exti.c.obj
LOAD CMakeFiles/untitled2.elf.dir/Drivers/STM32F4xx_HAL_Driver/Src/stm32f4xx_hal_flash.c.obj
LOAD CMakeFiles/untitled2.elf.dir/Drivers/STM32F4xx_HAL_Driver/Src/stm32f4xx_hal_flash_ex.c.obj
LOAD CMakeFiles/untitled2.elf.dir/Drivers/STM32F4xx_HAL_Driver/Src/stm32f4xx_hal_flash_ramfunc.c.obj
LOAD CMakeFiles/untitled2.elf.dir/Drivers/STM32F4xx_HAL_Driver/Src/stm32f4xx_hal_gpio.c.obj
LOAD CMakeFiles/untitled2.elf.dir/Drivers/STM32F4xx_HAL_Driver/Src/stm32f4xx_hal_pwr.c.obj
LOAD CMakeFiles/untitled2.elf.dir/Drivers/STM32F4xx_HAL_Driver/Src/stm32f4xx_hal_pwr_ex.c.obj
LOAD CMakeFiles/untitled2.elf.dir/Drivers/STM32F4xx_HAL_Driver/Src/stm32f4xx_hal_rcc.c.obj
LOAD CMakeFiles/untitled2.elf.dir/Drivers/STM32F4xx_HAL_Driver/Src/stm32f4xx_hal_rcc_ex.c.obj
LOAD CMakeFiles/untitled2.elf.dir/Drivers/STM32F4xx_HAL_Driver/Src/stm32f4xx_hal_tim.c.obj
LOAD CMakeFiles/untitled2.elf.dir/Drivers/STM32F4xx_HAL_Driver/Src/stm32f4xx_hal_tim_ex.c.obj
LOAD CMakeFiles/untitled2.elf.dir/Drivers/STM32F4xx_HAL_Driver/Src/stm32f4xx_hal_uart.c.obj
START GROUP
LOAD D:/STM32Cube/STM32CubeCLT_1.16.0/GNU-tools-for-STM32/bin/../lib/gcc/arm-none-eabi/12.3.1/thumb/v7e-m/nofp\libgcc.a
LOAD D:/STM32Cube/STM32CubeCLT_1.16.0/GNU-tools-for-STM32/bin/../lib/gcc/arm-none-eabi/12.3.1/../../../../arm-none-eabi/lib/thumb/v7e-m/nofp\libg.a
LOAD D:/STM32Cube/STM32CubeCLT_1.16.0/GNU-tools-for-STM32/bin/../lib/gcc/arm-none-eabi/12.3.1/../../../../arm-none-eabi/lib/thumb/v7e-m/nofp\libc.a
END GROUP
LOAD D:/STM32Cube/STM32CubeCLT_1.16.0/GNU-tools-for-STM32/bin/../lib/gcc/arm-none-eabi/12.3.1/thumb/v7e-m/nofp/crtend.o
LOAD D:/STM32Cube/STM32CubeCLT_1.16.0/GNU-tools-for-STM32/bin/../lib/gcc/arm-none-eabi/12.3.1/thumb/v7e-m/nofp/crtn.o
                0x20030000                        _estack = (ORIGIN (RAM) + LENGTH (RAM))
                0x00000200                        _Min_Heap_Size = 0x200
                0x00000400                        _Min_Stack_Size = 0x400

.isr_vector     0x08000000      0x1ac
                0x08000000                        . = ALIGN (0x4)
 *(.isr_vector)
 .isr_vector    0x08000000      0x1ac CMakeFiles/untitled2.elf.dir/Core/Startup/startup_stm32f427iihx.s.obj
                0x08000000                g_pfnVectors
                0x080001ac                        . = ALIGN (0x4)

.text           0x080001ac     0x2a2c
                0x080001ac                        . = ALIGN (0x4)
 *(.text)
 .text          0x080001ac       0x40 D:/STM32Cube/STM32CubeCLT_1.16.0/GNU-tools-for-STM32/bin/../lib/gcc/arm-none-eabi/12.3.1/thumb/v7e-m/nofp/crtbegin.o
 .text          0x080001ec       0x30 D:/STM32Cube/STM32CubeCLT_1.16.0/GNU-tools-for-STM32/bin/../lib/gcc/arm-none-eabi/12.3.1/thumb/v7e-m/nofp\libgcc.a(_aeabi_uldivmod.o)
                0x080001ec                __aeabi_uldivmod
 .text          0x0800021c      0x2bc D:/STM32Cube/STM32CubeCLT_1.16.0/GNU-tools-for-STM32/bin/../lib/gcc/arm-none-eabi/12.3.1/thumb/v7e-m/nofp\libgcc.a(_udivmoddi4.o)
                0x0800021c                __udivmoddi4
 .text          0x080004d8        0x4 D:/STM32Cube/STM32CubeCLT_1.16.0/GNU-tools-for-STM32/bin/../lib/gcc/arm-none-eabi/12.3.1/thumb/v7e-m/nofp\libgcc.a(_dvmd_tls.o)
                0x080004d8                __aeabi_idiv0
                0x080004d8                __aeabi_ldiv0
 *(.text*)
 .text.HAL_UARTEx_RxEventCallback
                0x080004dc       0x3c CMakeFiles/untitled2.elf.dir/Core/Src/callback.c.obj
                0x080004dc                HAL_UARTEx_RxEventCallback
 .text.MX_DMA_Init
                0x08000518       0x44 CMakeFiles/untitled2.elf.dir/Core/Src/dma.c.obj
                0x08000518                MX_DMA_Init
 .text.MX_GPIO_Init
                0x0800055c       0xa8 CMakeFiles/untitled2.elf.dir/Core/Src/gpio.c.obj
                0x0800055c                MX_GPIO_Init
 .text.Error_Handler
                0x08000604        0x4 CMakeFiles/untitled2.elf.dir/Core/Src/main.c.obj
                0x08000604                Error_Handler
 .text.SystemClock_Config
                0x08000608       0xb4 CMakeFiles/untitled2.elf.dir/Core/Src/main.c.obj
                0x08000608                SystemClock_Config
 .text.main     0x080006bc       0x44 CMakeFiles/untitled2.elf.dir/Core/Src/main.c.obj
                0x080006bc                main
 .text.HAL_MspInit
                0x08000700       0x38 CMakeFiles/untitled2.elf.dir/Core/Src/stm32f4xx_hal_msp.c.obj
                0x08000700                HAL_MspInit
 .text.NMI_Handler
                0x08000738        0x2 CMakeFiles/untitled2.elf.dir/Core/Src/stm32f4xx_it.c.obj
                0x08000738                NMI_Handler
 .text.HardFault_Handler
                0x0800073a        0x2 CMakeFiles/untitled2.elf.dir/Core/Src/stm32f4xx_it.c.obj
                0x0800073a                HardFault_Handler
 .text.MemManage_Handler
                0x0800073c        0x2 CMakeFiles/untitled2.elf.dir/Core/Src/stm32f4xx_it.c.obj
                0x0800073c                MemManage_Handler
 .text.BusFault_Handler
                0x0800073e        0x2 CMakeFiles/untitled2.elf.dir/Core/Src/stm32f4xx_it.c.obj
                0x0800073e                BusFault_Handler
 .text.UsageFault_Handler
                0x08000740        0x2 CMakeFiles/untitled2.elf.dir/Core/Src/stm32f4xx_it.c.obj
                0x08000740                UsageFault_Handler
 .text.SVC_Handler
                0x08000742        0x2 CMakeFiles/untitled2.elf.dir/Core/Src/stm32f4xx_it.c.obj
                0x08000742                SVC_Handler
 .text.DebugMon_Handler
                0x08000744        0x2 CMakeFiles/untitled2.elf.dir/Core/Src/stm32f4xx_it.c.obj
                0x08000744                DebugMon_Handler
 .text.PendSV_Handler
                0x08000746        0x2 CMakeFiles/untitled2.elf.dir/Core/Src/stm32f4xx_it.c.obj
                0x08000746                PendSV_Handler
 .text.SysTick_Handler
                0x08000748        0x8 CMakeFiles/untitled2.elf.dir/Core/Src/stm32f4xx_it.c.obj
                0x08000748                SysTick_Handler
 .text.TIM1_UP_TIM10_IRQHandler
                0x08000750       0x10 CMakeFiles/untitled2.elf.dir/Core/Src/stm32f4xx_it.c.obj
                0x08000750                TIM1_UP_TIM10_IRQHandler
 .text.TIM6_DAC_IRQHandler
                0x08000760       0x10 CMakeFiles/untitled2.elf.dir/Core/Src/stm32f4xx_it.c.obj
                0x08000760                TIM6_DAC_IRQHandler
 .text.DMA2_Stream1_IRQHandler
                0x08000770       0x10 CMakeFiles/untitled2.elf.dir/Core/Src/stm32f4xx_it.c.obj
                0x08000770                DMA2_Stream1_IRQHandler
 .text.DMA2_Stream6_IRQHandler
                0x08000780       0x10 CMakeFiles/untitled2.elf.dir/Core/Src/stm32f4xx_it.c.obj
                0x08000780                DMA2_Stream6_IRQHandler
 .text.USART6_IRQHandler
                0x08000790       0x10 CMakeFiles/untitled2.elf.dir/Core/Src/stm32f4xx_it.c.obj
                0x08000790                USART6_IRQHandler
 .text.SystemInit
                0x080007a0        0x2 CMakeFiles/untitled2.elf.dir/Core/Src/system_stm32f4xx.c.obj
                0x080007a0                SystemInit
 *fill*         0x080007a2        0x2 
 .text.MX_TIM6_Init
                0x080007a4       0x50 CMakeFiles/untitled2.elf.dir/Core/Src/tim.c.obj
                0x080007a4                MX_TIM6_Init
 .text.HAL_TIM_Base_MspInit
                0x080007f4       0x74 CMakeFiles/untitled2.elf.dir/Core/Src/tim.c.obj
                0x080007f4                HAL_TIM_Base_MspInit
 .text.HAL_TIM_MspPostInit
                0x08000868       0x5c CMakeFiles/untitled2.elf.dir/Core/Src/tim.c.obj
                0x08000868                HAL_TIM_MspPostInit
 .text.MX_TIM1_Init
                0x080008c4       0xf0 CMakeFiles/untitled2.elf.dir/Core/Src/tim.c.obj
                0x080008c4                MX_TIM1_Init
 .text.MX_USART6_UART_Init
                0x080009b4       0x34 CMakeFiles/untitled2.elf.dir/Core/Src/usart.c.obj
                0x080009b4                MX_USART6_UART_Init
 .text.HAL_UART_MspInit
                0x080009e8       0xf8 CMakeFiles/untitled2.elf.dir/Core/Src/usart.c.obj
                0x080009e8                HAL_UART_MspInit
 .text.Reset_Handler
                0x08000ae0       0x50 CMakeFiles/untitled2.elf.dir/Core/Startup/startup_stm32f427iihx.s.obj
                0x08000ae0                Reset_Handler
 .text.Default_Handler
                0x08000b30        0x2 CMakeFiles/untitled2.elf.dir/Core/Startup/startup_stm32f427iihx.s.obj
                0x08000b30                RTC_Alarm_IRQHandler
                0x08000b30                HASH_RNG_IRQHandler
                0x08000b30                EXTI2_IRQHandler
                0x08000b30                TIM8_CC_IRQHandler
                0x08000b30                UART8_IRQHandler
                0x08000b30                SPI4_IRQHandler
                0x08000b30                TIM1_CC_IRQHandler
                0x08000b30                DMA2_Stream5_IRQHandler
                0x08000b30                DMA1_Stream5_IRQHandler
                0x08000b30                PVD_IRQHandler
                0x08000b30                SDIO_IRQHandler
                0x08000b30                TAMP_STAMP_IRQHandler
                0x08000b30                CAN2_RX1_IRQHandler
                0x08000b30                EXTI3_IRQHandler
                0x08000b30                TIM8_TRG_COM_TIM14_IRQHandler
                0x08000b30                TIM8_UP_TIM13_IRQHandler
                0x08000b30                I2C3_ER_IRQHandler
                0x08000b30                EXTI0_IRQHandler
                0x08000b30                I2C2_EV_IRQHandler
                0x08000b30                DMA1_Stream2_IRQHandler
                0x08000b30                CAN1_RX0_IRQHandler
                0x08000b30                FPU_IRQHandler
                0x08000b30                OTG_HS_WKUP_IRQHandler
                0x08000b30                CAN2_SCE_IRQHandler
                0x08000b30                DMA2_Stream2_IRQHandler
                0x08000b30                SPI1_IRQHandler
                0x08000b30                TIM1_BRK_TIM9_IRQHandler
                0x08000b30                DCMI_IRQHandler
                0x08000b30                CAN2_RX0_IRQHandler
                0x08000b30                DMA2_Stream3_IRQHandler
                0x08000b30                USART3_IRQHandler
                0x08000b30                CAN1_RX1_IRQHandler
                0x08000b30                UART5_IRQHandler
                0x08000b30                DMA2_Stream0_IRQHandler
                0x08000b30                TIM4_IRQHandler
                0x08000b30                I2C1_EV_IRQHandler
                0x08000b30                DMA1_Stream6_IRQHandler
                0x08000b30                DMA1_Stream1_IRQHandler
                0x08000b30                UART4_IRQHandler
                0x08000b30                TIM3_IRQHandler
                0x08000b30                RCC_IRQHandler
                0x08000b30                TIM8_BRK_TIM12_IRQHandler
                0x08000b30                Default_Handler
                0x08000b30                EXTI15_10_IRQHandler
                0x08000b30                ADC_IRQHandler
                0x08000b30                DMA1_Stream7_IRQHandler
                0x08000b30                SPI5_IRQHandler
                0x08000b30                TIM7_IRQHandler
                0x08000b30                CAN2_TX_IRQHandler
                0x08000b30                TIM5_IRQHandler
                0x08000b30                DMA2_Stream7_IRQHandler
                0x08000b30                I2C3_EV_IRQHandler
                0x08000b30                EXTI9_5_IRQHandler
                0x08000b30                RTC_WKUP_IRQHandler
                0x08000b30                ETH_WKUP_IRQHandler
                0x08000b30                SPI2_IRQHandler
                0x08000b30                OTG_HS_EP1_IN_IRQHandler
                0x08000b30                DMA1_Stream0_IRQHandler
                0x08000b30                CAN1_TX_IRQHandler
                0x08000b30                EXTI4_IRQHandler
                0x08000b30                ETH_IRQHandler
                0x08000b30                OTG_HS_EP1_OUT_IRQHandler
                0x08000b30                WWDG_IRQHandler
                0x08000b30                SPI6_IRQHandler
                0x08000b30                TIM2_IRQHandler
                0x08000b30                OTG_FS_WKUP_IRQHandler
                0x08000b30                TIM1_TRG_COM_TIM11_IRQHandler
                0x08000b30                OTG_HS_IRQHandler
                0x08000b30                DMA2D_IRQHandler
                0x08000b30                EXTI1_IRQHandler
                0x08000b30                UART7_IRQHandler
                0x08000b30                USART2_IRQHandler
                0x08000b30                I2C2_ER_IRQHandler
                0x08000b30                CAN1_SCE_IRQHandler
                0x08000b30                FLASH_IRQHandler
                0x08000b30                DMA2_Stream4_IRQHandler
                0x08000b30                USART1_IRQHandler
                0x08000b30                OTG_FS_IRQHandler
                0x08000b30                SPI3_IRQHandler
                0x08000b30                DMA1_Stream4_IRQHandler
                0x08000b30                I2C1_ER_IRQHandler
                0x08000b30                FMC_IRQHandler
                0x08000b30                SAI1_IRQHandler
                0x08000b30                DMA1_Stream3_IRQHandler
 *fill*         0x08000b32        0x2 
 .text.HAL_InitTick
                0x08000b34       0x4c CMakeFiles/untitled2.elf.dir/Drivers/STM32F4xx_HAL_Driver/Src/stm32f4xx_hal.c.obj
                0x08000b34                HAL_InitTick
 .text.HAL_Init
                0x08000b80       0x34 CMakeFiles/untitled2.elf.dir/Drivers/STM32F4xx_HAL_Driver/Src/stm32f4xx_hal.c.obj
                0x08000b80                HAL_Init
 .text.HAL_IncTick
                0x08000bb4       0x18 CMakeFiles/untitled2.elf.dir/Drivers/STM32F4xx_HAL_Driver/Src/stm32f4xx_hal.c.obj
                0x08000bb4                HAL_IncTick
 .text.HAL_GetTick
                0x08000bcc        0xc CMakeFiles/untitled2.elf.dir/Drivers/STM32F4xx_HAL_Driver/Src/stm32f4xx_hal.c.obj
                0x08000bcc                HAL_GetTick
 .text.__NVIC_EnableIRQ
                0x08000bd8       0x1c CMakeFiles/untitled2.elf.dir/Drivers/STM32F4xx_HAL_Driver/Src/stm32f4xx_hal_cortex.c.obj
 .text.__NVIC_SetPriority
                0x08000bf4       0x28 CMakeFiles/untitled2.elf.dir/Drivers/STM32F4xx_HAL_Driver/Src/stm32f4xx_hal_cortex.c.obj
 .text.NVIC_EncodePriority
                0x08000c1c       0x3e CMakeFiles/untitled2.elf.dir/Drivers/STM32F4xx_HAL_Driver/Src/stm32f4xx_hal_cortex.c.obj
 *fill*         0x08000c5a        0x2 
 .text.HAL_NVIC_SetPriorityGrouping
                0x08000c5c       0x24 CMakeFiles/untitled2.elf.dir/Drivers/STM32F4xx_HAL_Driver/Src/stm32f4xx_hal_cortex.c.obj
                0x08000c5c                HAL_NVIC_SetPriorityGrouping
 .text.HAL_NVIC_SetPriority
                0x08000c80       0x20 CMakeFiles/untitled2.elf.dir/Drivers/STM32F4xx_HAL_Driver/Src/stm32f4xx_hal_cortex.c.obj
                0x08000c80                HAL_NVIC_SetPriority
 .text.HAL_NVIC_EnableIRQ
                0x08000ca0        0x8 CMakeFiles/untitled2.elf.dir/Drivers/STM32F4xx_HAL_Driver/Src/stm32f4xx_hal_cortex.c.obj
                0x08000ca0                HAL_NVIC_EnableIRQ
 .text.HAL_SYSTICK_Config
                0x08000ca8       0x28 CMakeFiles/untitled2.elf.dir/Drivers/STM32F4xx_HAL_Driver/Src/stm32f4xx_hal_cortex.c.obj
                0x08000ca8                HAL_SYSTICK_Config
 .text.DMA_SetConfig
                0x08000cd0       0x2c CMakeFiles/untitled2.elf.dir/Drivers/STM32F4xx_HAL_Driver/Src/stm32f4xx_hal_dma.c.obj
 .text.DMA_CalcBaseAndBitshift
                0x08000cfc       0x40 CMakeFiles/untitled2.elf.dir/Drivers/STM32F4xx_HAL_Driver/Src/stm32f4xx_hal_dma.c.obj
 .text.DMA_CheckFifoParam
                0x08000d3c       0x8e CMakeFiles/untitled2.elf.dir/Drivers/STM32F4xx_HAL_Driver/Src/stm32f4xx_hal_dma.c.obj
 *fill*         0x08000dca        0x2 
 .text.HAL_DMA_Init
                0x08000dcc       0xcc CMakeFiles/untitled2.elf.dir/Drivers/STM32F4xx_HAL_Driver/Src/stm32f4xx_hal_dma.c.obj
                0x08000dcc                HAL_DMA_Init
 .text.HAL_DMA_Start_IT
                0x08000e98       0x6a CMakeFiles/untitled2.elf.dir/Drivers/STM32F4xx_HAL_Driver/Src/stm32f4xx_hal_dma.c.obj
                0x08000e98                HAL_DMA_Start_IT
 .text.HAL_DMA_Abort
                0x08000f02       0x94 CMakeFiles/untitled2.elf.dir/Drivers/STM32F4xx_HAL_Driver/Src/stm32f4xx_hal_dma.c.obj
                0x08000f02                HAL_DMA_Abort
 .text.HAL_DMA_Abort_IT
                0x08000f96       0x26 CMakeFiles/untitled2.elf.dir/Drivers/STM32F4xx_HAL_Driver/Src/stm32f4xx_hal_dma.c.obj
                0x08000f96                HAL_DMA_Abort_IT
 .text.HAL_DMA_IRQHandler
                0x08000fbc      0x1dc CMakeFiles/untitled2.elf.dir/Drivers/STM32F4xx_HAL_Driver/Src/stm32f4xx_hal_dma.c.obj
                0x08000fbc                HAL_DMA_IRQHandler
 .text.HAL_GPIO_Init
                0x08001198      0x20c CMakeFiles/untitled2.elf.dir/Drivers/STM32F4xx_HAL_Driver/Src/stm32f4xx_hal_gpio.c.obj
                0x08001198                HAL_GPIO_Init
 .text.HAL_GPIO_WritePin
                0x080013a4        0xc CMakeFiles/untitled2.elf.dir/Drivers/STM32F4xx_HAL_Driver/Src/stm32f4xx_hal_gpio.c.obj
                0x080013a4                HAL_GPIO_WritePin
 .text.HAL_PWREx_EnableOverDrive
                0x080013b0       0x7c CMakeFiles/untitled2.elf.dir/Drivers/STM32F4xx_HAL_Driver/Src/stm32f4xx_hal_pwr_ex.c.obj
                0x080013b0                HAL_PWREx_EnableOverDrive
 .text.HAL_RCC_OscConfig
                0x0800142c      0x3f8 CMakeFiles/untitled2.elf.dir/Drivers/STM32F4xx_HAL_Driver/Src/stm32f4xx_hal_rcc.c.obj
                0x0800142c                HAL_RCC_OscConfig
 .text.HAL_RCC_GetSysClockFreq
                0x08001824       0xa8 CMakeFiles/untitled2.elf.dir/Drivers/STM32F4xx_HAL_Driver/Src/stm32f4xx_hal_rcc.c.obj
                0x08001824                HAL_RCC_GetSysClockFreq
 .text.HAL_RCC_ClockConfig
                0x080018cc      0x160 CMakeFiles/untitled2.elf.dir/Drivers/STM32F4xx_HAL_Driver/Src/stm32f4xx_hal_rcc.c.obj
                0x080018cc                HAL_RCC_ClockConfig
 .text.HAL_RCC_GetHCLKFreq
                0x08001a2c        0xc CMakeFiles/untitled2.elf.dir/Drivers/STM32F4xx_HAL_Driver/Src/stm32f4xx_hal_rcc.c.obj
                0x08001a2c                HAL_RCC_GetHCLKFreq
 .text.HAL_RCC_GetPCLK1Freq
                0x08001a38       0x20 CMakeFiles/untitled2.elf.dir/Drivers/STM32F4xx_HAL_Driver/Src/stm32f4xx_hal_rcc.c.obj
                0x08001a38                HAL_RCC_GetPCLK1Freq
 .text.HAL_RCC_GetPCLK2Freq
                0x08001a58       0x20 CMakeFiles/untitled2.elf.dir/Drivers/STM32F4xx_HAL_Driver/Src/stm32f4xx_hal_rcc.c.obj
                0x08001a58                HAL_RCC_GetPCLK2Freq
 .text.TIM_OC1_SetConfig
                0x08001a78       0x70 CMakeFiles/untitled2.elf.dir/Drivers/STM32F4xx_HAL_Driver/Src/stm32f4xx_hal_tim.c.obj
 .text.TIM_OC3_SetConfig
                0x08001ae8       0x70 CMakeFiles/untitled2.elf.dir/Drivers/STM32F4xx_HAL_Driver/Src/stm32f4xx_hal_tim.c.obj
 .text.TIM_OC4_SetConfig
                0x08001b58       0x50 CMakeFiles/untitled2.elf.dir/Drivers/STM32F4xx_HAL_Driver/Src/stm32f4xx_hal_tim.c.obj
 .text.TIM_TI1_ConfigInputStage
                0x08001ba8       0x24 CMakeFiles/untitled2.elf.dir/Drivers/STM32F4xx_HAL_Driver/Src/stm32f4xx_hal_tim.c.obj
 .text.TIM_TI2_ConfigInputStage
                0x08001bcc       0x26 CMakeFiles/untitled2.elf.dir/Drivers/STM32F4xx_HAL_Driver/Src/stm32f4xx_hal_tim.c.obj
 .text.TIM_ITRx_SetConfig
                0x08001bf2       0x10 CMakeFiles/untitled2.elf.dir/Drivers/STM32F4xx_HAL_Driver/Src/stm32f4xx_hal_tim.c.obj
 .text.HAL_TIM_OC_MspInit
                0x08001c02        0x2 CMakeFiles/untitled2.elf.dir/Drivers/STM32F4xx_HAL_Driver/Src/stm32f4xx_hal_tim.c.obj
                0x08001c02                HAL_TIM_OC_MspInit
 .text.HAL_TIM_PeriodElapsedCallback
                0x08001c04        0x2 CMakeFiles/untitled2.elf.dir/Drivers/STM32F4xx_HAL_Driver/Src/stm32f4xx_hal_tim.c.obj
                0x08001c04                HAL_TIM_PeriodElapsedCallback
 .text.HAL_TIM_OC_DelayElapsedCallback
                0x08001c06        0x2 CMakeFiles/untitled2.elf.dir/Drivers/STM32F4xx_HAL_Driver/Src/stm32f4xx_hal_tim.c.obj
                0x08001c06                HAL_TIM_OC_DelayElapsedCallback
 .text.HAL_TIM_IC_CaptureCallback
                0x08001c08        0x2 CMakeFiles/untitled2.elf.dir/Drivers/STM32F4xx_HAL_Driver/Src/stm32f4xx_hal_tim.c.obj
                0x08001c08                HAL_TIM_IC_CaptureCallback
 .text.HAL_TIM_PWM_PulseFinishedCallback
                0x08001c0a        0x2 CMakeFiles/untitled2.elf.dir/Drivers/STM32F4xx_HAL_Driver/Src/stm32f4xx_hal_tim.c.obj
                0x08001c0a                HAL_TIM_PWM_PulseFinishedCallback
 .text.HAL_TIM_TriggerCallback
                0x08001c0c        0x2 CMakeFiles/untitled2.elf.dir/Drivers/STM32F4xx_HAL_Driver/Src/stm32f4xx_hal_tim.c.obj
                0x08001c0c                HAL_TIM_TriggerCallback
 .text.HAL_TIM_IRQHandler
                0x08001c0e      0x15e CMakeFiles/untitled2.elf.dir/Drivers/STM32F4xx_HAL_Driver/Src/stm32f4xx_hal_tim.c.obj
                0x08001c0e                HAL_TIM_IRQHandler
 .text.TIM_Base_SetConfig
                0x08001d6c       0xd8 CMakeFiles/untitled2.elf.dir/Drivers/STM32F4xx_HAL_Driver/Src/stm32f4xx_hal_tim.c.obj
                0x08001d6c                TIM_Base_SetConfig
 .text.HAL_TIM_Base_Init
                0x08001e44       0x58 CMakeFiles/untitled2.elf.dir/Drivers/STM32F4xx_HAL_Driver/Src/stm32f4xx_hal_tim.c.obj
                0x08001e44                HAL_TIM_Base_Init
 .text.HAL_TIM_OC_Init
                0x08001e9c       0x58 CMakeFiles/untitled2.elf.dir/Drivers/STM32F4xx_HAL_Driver/Src/stm32f4xx_hal_tim.c.obj
                0x08001e9c                HAL_TIM_OC_Init
 .text.TIM_OC2_SetConfig
                0x08001ef4       0x70 CMakeFiles/untitled2.elf.dir/Drivers/STM32F4xx_HAL_Driver/Src/stm32f4xx_hal_tim.c.obj
                0x08001ef4                TIM_OC2_SetConfig
 .text.HAL_TIM_OC_ConfigChannel
                0x08001f64       0x5e CMakeFiles/untitled2.elf.dir/Drivers/STM32F4xx_HAL_Driver/Src/stm32f4xx_hal_tim.c.obj
                0x08001f64                HAL_TIM_OC_ConfigChannel
 .text.TIM_ETR_SetConfig
                0x08001fc2       0x18 CMakeFiles/untitled2.elf.dir/Drivers/STM32F4xx_HAL_Driver/Src/stm32f4xx_hal_tim.c.obj
                0x08001fc2                TIM_ETR_SetConfig
 .text.HAL_TIM_ConfigClockSource
                0x08001fda       0xfe CMakeFiles/untitled2.elf.dir/Drivers/STM32F4xx_HAL_Driver/Src/stm32f4xx_hal_tim.c.obj
                0x08001fda                HAL_TIM_ConfigClockSource
 .text.HAL_TIMEx_MasterConfigSynchronization
                0x080020d8       0x8c CMakeFiles/untitled2.elf.dir/Drivers/STM32F4xx_HAL_Driver/Src/stm32f4xx_hal_tim_ex.c.obj
                0x080020d8                HAL_TIMEx_MasterConfigSynchronization
 .text.HAL_TIMEx_ConfigBreakDeadTime
                0x08002164       0x52 CMakeFiles/untitled2.elf.dir/Drivers/STM32F4xx_HAL_Driver/Src/stm32f4xx_hal_tim_ex.c.obj
                0x08002164                HAL_TIMEx_ConfigBreakDeadTime
 .text.HAL_TIMEx_CommutCallback
                0x080021b6        0x2 CMakeFiles/untitled2.elf.dir/Drivers/STM32F4xx_HAL_Driver/Src/stm32f4xx_hal_tim_ex.c.obj
                0x080021b6                HAL_TIMEx_CommutCallback
 .text.HAL_TIMEx_BreakCallback
                0x080021b8        0x2 CMakeFiles/untitled2.elf.dir/Drivers/STM32F4xx_HAL_Driver/Src/stm32f4xx_hal_tim_ex.c.obj
                0x080021b8                HAL_TIMEx_BreakCallback
 .text.UART_EndTxTransfer
                0x080021ba       0x20 CMakeFiles/untitled2.elf.dir/Drivers/STM32F4xx_HAL_Driver/Src/stm32f4xx_hal_uart.c.obj
 .text.UART_EndRxTransfer
                0x080021da       0x5c CMakeFiles/untitled2.elf.dir/Drivers/STM32F4xx_HAL_Driver/Src/stm32f4xx_hal_uart.c.obj
 .text.UART_Transmit_IT
                0x08002236       0x60 CMakeFiles/untitled2.elf.dir/Drivers/STM32F4xx_HAL_Driver/Src/stm32f4xx_hal_uart.c.obj
 *fill*         0x08002296        0x2 
 .text.UART_SetConfig
                0x08002298      0x110 CMakeFiles/untitled2.elf.dir/Drivers/STM32F4xx_HAL_Driver/Src/stm32f4xx_hal_uart.c.obj
 .text.HAL_UART_Init
                0x080023a8       0x60 CMakeFiles/untitled2.elf.dir/Drivers/STM32F4xx_HAL_Driver/Src/stm32f4xx_hal_uart.c.obj
                0x080023a8                HAL_UART_Init
 .text.HAL_UART_Transmit_DMA
                0x08002408       0x84 CMakeFiles/untitled2.elf.dir/Drivers/STM32F4xx_HAL_Driver/Src/stm32f4xx_hal_uart.c.obj
                0x08002408                HAL_UART_Transmit_DMA
 .text.HAL_UART_TxCpltCallback
                0x0800248c        0x2 CMakeFiles/untitled2.elf.dir/Drivers/STM32F4xx_HAL_Driver/Src/stm32f4xx_hal_uart.c.obj
                0x0800248c                HAL_UART_TxCpltCallback
 .text.UART_DMATransmitCplt
                0x0800248e       0x4c CMakeFiles/untitled2.elf.dir/Drivers/STM32F4xx_HAL_Driver/Src/stm32f4xx_hal_uart.c.obj
 .text.UART_EndTransmit_IT
                0x080024da       0x1a CMakeFiles/untitled2.elf.dir/Drivers/STM32F4xx_HAL_Driver/Src/stm32f4xx_hal_uart.c.obj
 .text.HAL_UART_TxHalfCpltCallback
                0x080024f4        0x2 CMakeFiles/untitled2.elf.dir/Drivers/STM32F4xx_HAL_Driver/Src/stm32f4xx_hal_uart.c.obj
                0x080024f4                HAL_UART_TxHalfCpltCallback
 .text.UART_DMATxHalfCplt
                0x080024f6        0xa CMakeFiles/untitled2.elf.dir/Drivers/STM32F4xx_HAL_Driver/Src/stm32f4xx_hal_uart.c.obj
 .text.HAL_UART_RxCpltCallback
                0x08002500        0x2 CMakeFiles/untitled2.elf.dir/Drivers/STM32F4xx_HAL_Driver/Src/stm32f4xx_hal_uart.c.obj
                0x08002500                HAL_UART_RxCpltCallback
 .text.HAL_UART_RxHalfCpltCallback
                0x08002502        0x2 CMakeFiles/untitled2.elf.dir/Drivers/STM32F4xx_HAL_Driver/Src/stm32f4xx_hal_uart.c.obj
                0x08002502                HAL_UART_RxHalfCpltCallback
 .text.HAL_UART_ErrorCallback
                0x08002504        0x2 CMakeFiles/untitled2.elf.dir/Drivers/STM32F4xx_HAL_Driver/Src/stm32f4xx_hal_uart.c.obj
                0x08002504                HAL_UART_ErrorCallback
 .text.UART_DMAError
                0x08002506       0x58 CMakeFiles/untitled2.elf.dir/Drivers/STM32F4xx_HAL_Driver/Src/stm32f4xx_hal_uart.c.obj
 .text.UART_DMAAbortOnError
                0x0800255e       0x10 CMakeFiles/untitled2.elf.dir/Drivers/STM32F4xx_HAL_Driver/Src/stm32f4xx_hal_uart.c.obj
 .text.UART_Receive_IT
                0x0800256e       0xe6 CMakeFiles/untitled2.elf.dir/Drivers/STM32F4xx_HAL_Driver/Src/stm32f4xx_hal_uart.c.obj
 .text.HAL_UART_IRQHandler
                0x08002654      0x284 CMakeFiles/untitled2.elf.dir/Drivers/STM32F4xx_HAL_Driver/Src/stm32f4xx_hal_uart.c.obj
                0x08002654                HAL_UART_IRQHandler
 .text.UART_DMARxHalfCplt
                0x080028d8       0x1e CMakeFiles/untitled2.elf.dir/Drivers/STM32F4xx_HAL_Driver/Src/stm32f4xx_hal_uart.c.obj
 .text.UART_DMAReceiveCplt
                0x080028f6       0x9a CMakeFiles/untitled2.elf.dir/Drivers/STM32F4xx_HAL_Driver/Src/stm32f4xx_hal_uart.c.obj
 .text.UART_Start_Receive_DMA
                0x08002990       0xa4 CMakeFiles/untitled2.elf.dir/Drivers/STM32F4xx_HAL_Driver/Src/stm32f4xx_hal_uart.c.obj
                0x08002990                UART_Start_Receive_DMA
 .text.HAL_UARTEx_ReceiveToIdle_DMA
                0x08002a34       0x66 CMakeFiles/untitled2.elf.dir/Drivers/STM32F4xx_HAL_Driver/Src/stm32f4xx_hal_uart.c.obj
                0x08002a34                HAL_UARTEx_ReceiveToIdle_DMA
 .text.memset   0x08002a9a       0x10 D:/STM32Cube/STM32CubeCLT_1.16.0/GNU-tools-for-STM32/bin/../lib/gcc/arm-none-eabi/12.3.1/../../../../arm-none-eabi/lib/thumb/v7e-m/nofp\libg.a(libc_a-memset.o)
                0x08002a9a                memset
 *fill*         0x08002aaa        0x2 
 .text.__libc_init_array
                0x08002aac       0x48 D:/STM32Cube/STM32CubeCLT_1.16.0/GNU-tools-for-STM32/bin/../lib/gcc/arm-none-eabi/12.3.1/../../../../arm-none-eabi/lib/thumb/v7e-m/nofp\libg.a(libc_a-init.o)
                0x08002aac                __libc_init_array
 .text.__retarget_lock_acquire_recursive
                0x08002af4        0x2 D:/STM32Cube/STM32CubeCLT_1.16.0/GNU-tools-for-STM32/bin/../lib/gcc/arm-none-eabi/12.3.1/../../../../arm-none-eabi/lib/thumb/v7e-m/nofp\libg.a(libc_a-lock.o)
                0x08002af4                __retarget_lock_acquire_recursive
 .text.__retarget_lock_release_recursive
                0x08002af6        0x2 D:/STM32Cube/STM32CubeCLT_1.16.0/GNU-tools-for-STM32/bin/../lib/gcc/arm-none-eabi/12.3.1/../../../../arm-none-eabi/lib/thumb/v7e-m/nofp\libg.a(libc_a-lock.o)
                0x08002af6                __retarget_lock_release_recursive
 .text.startup.register_fini
                0x08002af8       0x14 D:/STM32Cube/STM32CubeCLT_1.16.0/GNU-tools-for-STM32/bin/../lib/gcc/arm-none-eabi/12.3.1/../../../../arm-none-eabi/lib/thumb/v7e-m/nofp\libg.a(libc_a-__call_atexit.o)
 .text.atexit   0x08002b0c        0xc D:/STM32Cube/STM32CubeCLT_1.16.0/GNU-tools-for-STM32/bin/../lib/gcc/arm-none-eabi/12.3.1/../../../../arm-none-eabi/lib/thumb/v7e-m/nofp\libg.a(libc_a-atexit.o)
                0x08002b0c                atexit
 .text.__libc_fini_array
                0x08002b18       0x28 D:/STM32Cube/STM32CubeCLT_1.16.0/GNU-tools-for-STM32/bin/../lib/gcc/arm-none-eabi/12.3.1/../../../../arm-none-eabi/lib/thumb/v7e-m/nofp\libg.a(libc_a-fini.o)
                0x08002b18                __libc_fini_array
 .text.__register_exitproc
                0x08002b40       0x80 D:/STM32Cube/STM32CubeCLT_1.16.0/GNU-tools-for-STM32/bin/../lib/gcc/arm-none-eabi/12.3.1/../../../../arm-none-eabi/lib/thumb/v7e-m/nofp\libg.a(libc_a-__atexit.o)
                0x08002b40                __register_exitproc
 *(.glue_7)
 .glue_7        0x08002bc0        0x0 linker stubs
 *(.glue_7t)
 .glue_7t       0x08002bc0        0x0 linker stubs
 *(.eh_frame)
 .eh_frame      0x08002bc0        0x0 D:/STM32Cube/STM32CubeCLT_1.16.0/GNU-tools-for-STM32/bin/../lib/gcc/arm-none-eabi/12.3.1/thumb/v7e-m/nofp/crtbegin.o
 *(.init)
 .init          0x08002bc0        0x4 D:/STM32Cube/STM32CubeCLT_1.16.0/GNU-tools-for-STM32/bin/../lib/gcc/arm-none-eabi/12.3.1/thumb/v7e-m/nofp/crti.o
                0x08002bc0                _init
 .init          0x08002bc4        0x8 D:/STM32Cube/STM32CubeCLT_1.16.0/GNU-tools-for-STM32/bin/../lib/gcc/arm-none-eabi/12.3.1/thumb/v7e-m/nofp/crtn.o
 *(.fini)
 .fini          0x08002bcc        0x4 D:/STM32Cube/STM32CubeCLT_1.16.0/GNU-tools-for-STM32/bin/../lib/gcc/arm-none-eabi/12.3.1/thumb/v7e-m/nofp/crti.o
                0x08002bcc                _fini
 .fini          0x08002bd0        0x8 D:/STM32Cube/STM32CubeCLT_1.16.0/GNU-tools-for-STM32/bin/../lib/gcc/arm-none-eabi/12.3.1/thumb/v7e-m/nofp/crtn.o
                0x08002bd8                        . = ALIGN (0x4)
                0x08002bd8                        _etext = .

.vfp11_veneer   0x08002bd8        0x0
 .vfp11_veneer  0x08002bd8        0x0 linker stubs

.v4_bx          0x08002bd8        0x0
 .v4_bx         0x08002bd8        0x0 linker stubs

.iplt           0x08002bd8        0x0
 .iplt          0x08002bd8        0x0 D:/STM32Cube/STM32CubeCLT_1.16.0/GNU-tools-for-STM32/bin/../lib/gcc/arm-none-eabi/12.3.1/thumb/v7e-m/nofp/crtbegin.o

.rodata         0x08002bd8       0x20
                0x08002bd8                        . = ALIGN (0x4)
 *(.rodata)
 *(.rodata*)
 .rodata.APBPrescTable
                0x08002bd8        0x8 CMakeFiles/untitled2.elf.dir/Core/Src/system_stm32f4xx.c.obj
                0x08002bd8                APBPrescTable
 .rodata.AHBPrescTable
                0x08002be0       0x10 CMakeFiles/untitled2.elf.dir/Core/Src/system_stm32f4xx.c.obj
                0x08002be0                AHBPrescTable
 .rodata.flagBitshiftOffset.0
                0x08002bf0        0x8 CMakeFiles/untitled2.elf.dir/Drivers/STM32F4xx_HAL_Driver/Src/stm32f4xx_hal_dma.c.obj
                0x08002bf8                        . = ALIGN (0x4)

.ARM.extab      0x08002bf8        0x0
                0x08002bf8                        . = ALIGN (0x4)
 *(.ARM.extab* .gnu.linkonce.armextab.*)
                0x08002bf8                        . = ALIGN (0x4)

.ARM            0x08002bf8        0x8
                0x08002bf8                        . = ALIGN (0x4)
                0x08002bf8                        __exidx_start = .
 *(.ARM.exidx*)
 .ARM.exidx     0x08002bf8        0x8 D:/STM32Cube/STM32CubeCLT_1.16.0/GNU-tools-for-STM32/bin/../lib/gcc/arm-none-eabi/12.3.1/thumb/v7e-m/nofp\libgcc.a(_udivmoddi4.o)
                0x08002c00                        __exidx_end = .
                0x08002c00                        . = ALIGN (0x4)

.preinit_array  0x08002c00        0x0
                0x08002c00                        . = ALIGN (0x4)
                0x08002c00                        PROVIDE (__preinit_array_start = .)
 *(.preinit_array*)
                0x08002c00                        PROVIDE (__preinit_array_end = .)
                0x08002c00                        . = ALIGN (0x4)

.init_array     0x08002c00        0x8
                0x08002c00                        . = ALIGN (0x4)
                0x08002c00                        PROVIDE (__init_array_start = .)
 *(SORT_BY_NAME(.init_array.*))
 .init_array.00000
                0x08002c00        0x4 D:/STM32Cube/STM32CubeCLT_1.16.0/GNU-tools-for-STM32/bin/../lib/gcc/arm-none-eabi/12.3.1/../../../../arm-none-eabi/lib/thumb/v7e-m/nofp\libg.a(libc_a-__call_atexit.o)
 *(.init_array*)
 .init_array    0x08002c04        0x4 D:/STM32Cube/STM32CubeCLT_1.16.0/GNU-tools-for-STM32/bin/../lib/gcc/arm-none-eabi/12.3.1/thumb/v7e-m/nofp/crtbegin.o
                0x08002c08                        PROVIDE (__init_array_end = .)
                0x08002c08                        . = ALIGN (0x4)

.fini_array     0x08002c08        0x4
                0x08002c08                        . = ALIGN (0x4)
                0x08002c08                        PROVIDE (__fini_array_start = .)
 *(SORT_BY_NAME(.fini_array.*))
 *(.fini_array*)
 .fini_array    0x08002c08        0x4 D:/STM32Cube/STM32CubeCLT_1.16.0/GNU-tools-for-STM32/bin/../lib/gcc/arm-none-eabi/12.3.1/thumb/v7e-m/nofp/crtbegin.o
                0x08002c0c                        PROVIDE (__fini_array_end = .)
                0x08002c0c                        . = ALIGN (0x4)
                0x08002c0c                        _sidata = LOADADDR (.data)

.rel.dyn        0x08002c0c        0x0
 .rel.iplt      0x08002c0c        0x0 D:/STM32Cube/STM32CubeCLT_1.16.0/GNU-tools-for-STM32/bin/../lib/gcc/arm-none-eabi/12.3.1/thumb/v7e-m/nofp/crtbegin.o

.data           0x20000000       0x10 load address 0x08002c0c
                0x20000000                        . = ALIGN (0x4)
                0x20000000                        _sdata = .
 *(.data)
 *(.data*)
 .data.SystemCoreClock
                0x20000000        0x4 CMakeFiles/untitled2.elf.dir/Core/Src/system_stm32f4xx.c.obj
                0x20000000                SystemCoreClock
 .data.uwTickFreq
                0x20000004        0x1 CMakeFiles/untitled2.elf.dir/Drivers/STM32F4xx_HAL_Driver/Src/stm32f4xx_hal.c.obj
                0x20000004                uwTickFreq
 *fill*         0x20000005        0x3 
 .data.uwTickPrio
                0x20000008        0x4 CMakeFiles/untitled2.elf.dir/Drivers/STM32F4xx_HAL_Driver/Src/stm32f4xx_hal.c.obj
                0x20000008                uwTickPrio
 .data.__atexit_recursive_mutex
                0x2000000c        0x4 D:/STM32Cube/STM32CubeCLT_1.16.0/GNU-tools-for-STM32/bin/../lib/gcc/arm-none-eabi/12.3.1/../../../../arm-none-eabi/lib/thumb/v7e-m/nofp\libg.a(libc_a-__call_atexit.o)
                0x2000000c                __atexit_recursive_mutex
 *(.RamFunc)
 *(.RamFunc*)
                0x20000010                        . = ALIGN (0x4)
                0x20000010                        _edata = .
                0x08002c1c                        _siccmram = LOADADDR (.ccmram)

.igot.plt       0x20000010        0x0 load address 0x08002c1c
 .igot.plt      0x20000010        0x0 D:/STM32Cube/STM32CubeCLT_1.16.0/GNU-tools-for-STM32/bin/../lib/gcc/arm-none-eabi/12.3.1/thumb/v7e-m/nofp/crtbegin.o

.ccmram         0x10000000        0x0 load address 0x08002c1c
                0x10000000                        . = ALIGN (0x4)
                0x10000000                        _sccmram = .
 *(.ccmram)
 *(.ccmram*)
                0x10000000                        . = ALIGN (0x4)
                0x10000000                        _eccmram = .
                0x10000000                        . = ALIGN (0x4)

.bss            0x20000010      0x384
                0x20000010                        _sbss = .
                0x20000010                        __bss_start__ = _sbss
 *(.bss)
 .bss           0x20000010       0x1c D:/STM32Cube/STM32CubeCLT_1.16.0/GNU-tools-for-STM32/bin/../lib/gcc/arm-none-eabi/12.3.1/thumb/v7e-m/nofp/crtbegin.o
 *(.bss*)
 .bss.receiveData
                0x2000002c       0x32 CMakeFiles/untitled2.elf.dir/Core/Src/main.c.obj
                0x2000002c                receiveData
 *fill*         0x2000005e        0x2 
 .bss.htim6     0x20000060       0x48 CMakeFiles/untitled2.elf.dir/Core/Src/tim.c.obj
                0x20000060                htim6
 .bss.htim1     0x200000a8       0x48 CMakeFiles/untitled2.elf.dir/Core/Src/tim.c.obj
                0x200000a8                htim1
 .bss.hdma_usart6_rx
                0x200000f0       0x60 CMakeFiles/untitled2.elf.dir/Core/Src/usart.c.obj
                0x200000f0                hdma_usart6_rx
 .bss.hdma_usart6_tx
                0x20000150       0x60 CMakeFiles/untitled2.elf.dir/Core/Src/usart.c.obj
                0x20000150                hdma_usart6_tx
 .bss.huart6    0x200001b0       0x48 CMakeFiles/untitled2.elf.dir/Core/Src/usart.c.obj
                0x200001b0                huart6
 .bss.uwTick    0x200001f8        0x4 CMakeFiles/untitled2.elf.dir/Drivers/STM32F4xx_HAL_Driver/Src/stm32f4xx_hal.c.obj
                0x200001f8                uwTick
 .bss.__lock___atexit_recursive_mutex
                0x200001fc        0x1 D:/STM32Cube/STM32CubeCLT_1.16.0/GNU-tools-for-STM32/bin/../lib/gcc/arm-none-eabi/12.3.1/../../../../arm-none-eabi/lib/thumb/v7e-m/nofp\libg.a(libc_a-lock.o)
                0x200001fc                __lock___atexit_recursive_mutex
 *fill*         0x200001fd        0x3 
 .bss.__atexit  0x20000200        0x4 D:/STM32Cube/STM32CubeCLT_1.16.0/GNU-tools-for-STM32/bin/../lib/gcc/arm-none-eabi/12.3.1/../../../../arm-none-eabi/lib/thumb/v7e-m/nofp\libg.a(libc_a-__call_atexit.o)
                0x20000200                __atexit
 .bss.__atexit0
                0x20000204      0x190 D:/STM32Cube/STM32CubeCLT_1.16.0/GNU-tools-for-STM32/bin/../lib/gcc/arm-none-eabi/12.3.1/../../../../arm-none-eabi/lib/thumb/v7e-m/nofp\libg.a(libc_a-__atexit.o)
                0x20000204                __atexit0
 *(COMMON)
                0x20000394                        . = ALIGN (0x4)
                0x20000394                        _ebss = .
                0x20000394                        __bss_end__ = _ebss

._user_heap_stack
                0x20000394      0x604
                0x20000398                        . = ALIGN (0x8)
 *fill*         0x20000394        0x4 
                [!provide]                        PROVIDE (end = .)
                0x20000398                        PROVIDE (_end = .)
                0x20000598                        . = (. + _Min_Heap_Size)
 *fill*         0x20000398      0x200 
                0x20000998                        . = (. + _Min_Stack_Size)
 *fill*         0x20000598      0x400 
                0x20000998                        . = ALIGN (0x8)

/DISCARD/
 libc.a(*)
 libm.a(*)
 libgcc.a(*)

.ARM.attributes
                0x00000000       0x2a
 *(.ARM.attributes)
 .ARM.attributes
                0x00000000       0x1e D:/STM32Cube/STM32CubeCLT_1.16.0/GNU-tools-for-STM32/bin/../lib/gcc/arm-none-eabi/12.3.1/thumb/v7e-m/nofp/crti.o
 .ARM.attributes
                0x0000001e       0x2e D:/STM32Cube/STM32CubeCLT_1.16.0/GNU-tools-for-STM32/bin/../lib/gcc/arm-none-eabi/12.3.1/thumb/v7e-m/nofp/crtbegin.o
 .ARM.attributes
                0x0000004c       0x2e CMakeFiles/untitled2.elf.dir/Core/Src/callback.c.obj
 .ARM.attributes
                0x0000007a       0x2e CMakeFiles/untitled2.elf.dir/Core/Src/dma.c.obj
 .ARM.attributes
                0x000000a8       0x2e CMakeFiles/untitled2.elf.dir/Core/Src/gpio.c.obj
 .ARM.attributes
                0x000000d6       0x2e CMakeFiles/untitled2.elf.dir/Core/Src/main.c.obj
 .ARM.attributes
                0x00000104       0x2e CMakeFiles/untitled2.elf.dir/Core/Src/stm32f4xx_hal_msp.c.obj
 .ARM.attributes
                0x00000132       0x2e CMakeFiles/untitled2.elf.dir/Core/Src/stm32f4xx_it.c.obj
 .ARM.attributes
                0x00000160       0x2e CMakeFiles/untitled2.elf.dir/Core/Src/system_stm32f4xx.c.obj
 .ARM.attributes
                0x0000018e       0x2e CMakeFiles/untitled2.elf.dir/Core/Src/tim.c.obj
 .ARM.attributes
                0x000001bc       0x2e CMakeFiles/untitled2.elf.dir/Core/Src/usart.c.obj
 .ARM.attributes
                0x000001ea       0x21 CMakeFiles/untitled2.elf.dir/Core/Startup/startup_stm32f427iihx.s.obj
 .ARM.attributes
                0x0000020b       0x2e CMakeFiles/untitled2.elf.dir/Drivers/STM32F4xx_HAL_Driver/Src/stm32f4xx_hal.c.obj
 .ARM.attributes
                0x00000239       0x2e CMakeFiles/untitled2.elf.dir/Drivers/STM32F4xx_HAL_Driver/Src/stm32f4xx_hal_cortex.c.obj
 .ARM.attributes
                0x00000267       0x2e CMakeFiles/untitled2.elf.dir/Drivers/STM32F4xx_HAL_Driver/Src/stm32f4xx_hal_dma.c.obj
 .ARM.attributes
                0x00000295       0x2e CMakeFiles/untitled2.elf.dir/Drivers/STM32F4xx_HAL_Driver/Src/stm32f4xx_hal_gpio.c.obj
 .ARM.attributes
                0x000002c3       0x2e CMakeFiles/untitled2.elf.dir/Drivers/STM32F4xx_HAL_Driver/Src/stm32f4xx_hal_pwr_ex.c.obj
 .ARM.attributes
                0x000002f1       0x2e CMakeFiles/untitled2.elf.dir/Drivers/STM32F4xx_HAL_Driver/Src/stm32f4xx_hal_rcc.c.obj
 .ARM.attributes
                0x0000031f       0x2e CMakeFiles/untitled2.elf.dir/Drivers/STM32F4xx_HAL_Driver/Src/stm32f4xx_hal_tim.c.obj
 .ARM.attributes
                0x0000034d       0x2e CMakeFiles/untitled2.elf.dir/Drivers/STM32F4xx_HAL_Driver/Src/stm32f4xx_hal_tim_ex.c.obj
 .ARM.attributes
                0x0000037b       0x2e CMakeFiles/untitled2.elf.dir/Drivers/STM32F4xx_HAL_Driver/Src/stm32f4xx_hal_uart.c.obj
 .ARM.attributes
                0x000003a9       0x1e D:/STM32Cube/STM32CubeCLT_1.16.0/GNU-tools-for-STM32/bin/../lib/gcc/arm-none-eabi/12.3.1/thumb/v7e-m/nofp\libgcc.a(_aeabi_uldivmod.o)
 .ARM.attributes
                0x000003c7       0x2e D:/STM32Cube/STM32CubeCLT_1.16.0/GNU-tools-for-STM32/bin/../lib/gcc/arm-none-eabi/12.3.1/thumb/v7e-m/nofp\libgcc.a(_udivmoddi4.o)
 .ARM.attributes
                0x000003f5       0x1e D:/STM32Cube/STM32CubeCLT_1.16.0/GNU-tools-for-STM32/bin/../lib/gcc/arm-none-eabi/12.3.1/thumb/v7e-m/nofp\libgcc.a(_dvmd_tls.o)
 .ARM.attributes
                0x00000413       0x2e D:/STM32Cube/STM32CubeCLT_1.16.0/GNU-tools-for-STM32/bin/../lib/gcc/arm-none-eabi/12.3.1/../../../../arm-none-eabi/lib/thumb/v7e-m/nofp\libg.a(libc_a-memset.o)
 .ARM.attributes
                0x00000441       0x2e D:/STM32Cube/STM32CubeCLT_1.16.0/GNU-tools-for-STM32/bin/../lib/gcc/arm-none-eabi/12.3.1/../../../../arm-none-eabi/lib/thumb/v7e-m/nofp\libg.a(libc_a-init.o)
 .ARM.attributes
                0x0000046f       0x2e D:/STM32Cube/STM32CubeCLT_1.16.0/GNU-tools-for-STM32/bin/../lib/gcc/arm-none-eabi/12.3.1/../../../../arm-none-eabi/lib/thumb/v7e-m/nofp\libg.a(libc_a-lock.o)
 .ARM.attributes
                0x0000049d       0x2e D:/STM32Cube/STM32CubeCLT_1.16.0/GNU-tools-for-STM32/bin/../lib/gcc/arm-none-eabi/12.3.1/../../../../arm-none-eabi/lib/thumb/v7e-m/nofp\libg.a(libc_a-__call_atexit.o)
 .ARM.attributes
                0x000004cb       0x2e D:/STM32Cube/STM32CubeCLT_1.16.0/GNU-tools-for-STM32/bin/../lib/gcc/arm-none-eabi/12.3.1/../../../../arm-none-eabi/lib/thumb/v7e-m/nofp\libg.a(libc_a-atexit.o)
 .ARM.attributes
                0x000004f9       0x2e D:/STM32Cube/STM32CubeCLT_1.16.0/GNU-tools-for-STM32/bin/../lib/gcc/arm-none-eabi/12.3.1/../../../../arm-none-eabi/lib/thumb/v7e-m/nofp\libg.a(libc_a-fini.o)
 .ARM.attributes
                0x00000527       0x2e D:/STM32Cube/STM32CubeCLT_1.16.0/GNU-tools-for-STM32/bin/../lib/gcc/arm-none-eabi/12.3.1/../../../../arm-none-eabi/lib/thumb/v7e-m/nofp\libg.a(libc_a-__atexit.o)
 .ARM.attributes
                0x00000555       0x1e D:/STM32Cube/STM32CubeCLT_1.16.0/GNU-tools-for-STM32/bin/../lib/gcc/arm-none-eabi/12.3.1/thumb/v7e-m/nofp/crtn.o
OUTPUT(untitled2.elf elf32-littlearm)
LOAD linker stubs
LOAD D:/STM32Cube/STM32CubeCLT_1.16.0/GNU-tools-for-STM32/bin/../lib/gcc/arm-none-eabi/12.3.1/../../../../arm-none-eabi/lib/thumb/v7e-m/nofp\libc.a
LOAD D:/STM32Cube/STM32CubeCLT_1.16.0/GNU-tools-for-STM32/bin/../lib/gcc/arm-none-eabi/12.3.1/../../../../arm-none-eabi/lib/thumb/v7e-m/nofp\libm.a
LOAD D:/STM32Cube/STM32CubeCLT_1.16.0/GNU-tools-for-STM32/bin/../lib/gcc/arm-none-eabi/12.3.1/thumb/v7e-m/nofp\libgcc.a

.debug_info     0x00000000    0x12a30
 .debug_info    0x00000000      0x67d CMakeFiles/untitled2.elf.dir/Core/Src/callback.c.obj
 .debug_info    0x0000067d      0x553 CMakeFiles/untitled2.elf.dir/Core/Src/dma.c.obj
 .debug_info    0x00000bd0      0x474 CMakeFiles/untitled2.elf.dir/Core/Src/gpio.c.obj
 .debug_info    0x00001044      0xaf2 CMakeFiles/untitled2.elf.dir/Core/Src/main.c.obj
 .debug_info    0x00001b36      0x27d CMakeFiles/untitled2.elf.dir/Core/Src/stm32f4xx_hal_msp.c.obj
 .debug_info    0x00001db3      0xa44 CMakeFiles/untitled2.elf.dir/Core/Src/stm32f4xx_it.c.obj
 .debug_info    0x000027f7      0x34c CMakeFiles/untitled2.elf.dir/Core/Src/system_stm32f4xx.c.obj
 .debug_info    0x00002b43     0x11bb CMakeFiles/untitled2.elf.dir/Core/Src/tim.c.obj
 .debug_info    0x00003cfe      0xd16 CMakeFiles/untitled2.elf.dir/Core/Src/usart.c.obj
 .debug_info    0x00004a14       0x30 CMakeFiles/untitled2.elf.dir/Core/Startup/startup_stm32f427iihx.s.obj
 .debug_info    0x00004a44      0xa4c CMakeFiles/untitled2.elf.dir/Drivers/STM32F4xx_HAL_Driver/Src/stm32f4xx_hal.c.obj
 .debug_info    0x00005490      0xfe5 CMakeFiles/untitled2.elf.dir/Drivers/STM32F4xx_HAL_Driver/Src/stm32f4xx_hal_cortex.c.obj
 .debug_info    0x00006475      0xad9 CMakeFiles/untitled2.elf.dir/Drivers/STM32F4xx_HAL_Driver/Src/stm32f4xx_hal_dma.c.obj
 .debug_info    0x00006f4e      0x71c CMakeFiles/untitled2.elf.dir/Drivers/STM32F4xx_HAL_Driver/Src/stm32f4xx_hal_gpio.c.obj
 .debug_info    0x0000766a      0x78a CMakeFiles/untitled2.elf.dir/Drivers/STM32F4xx_HAL_Driver/Src/stm32f4xx_hal_pwr_ex.c.obj
 .debug_info    0x00007df4      0xa85 CMakeFiles/untitled2.elf.dir/Drivers/STM32F4xx_HAL_Driver/Src/stm32f4xx_hal_rcc.c.obj
 .debug_info    0x00008879     0x3be0 CMakeFiles/untitled2.elf.dir/Drivers/STM32F4xx_HAL_Driver/Src/stm32f4xx_hal_tim.c.obj
 .debug_info    0x0000c459     0x1ac8 CMakeFiles/untitled2.elf.dir/Drivers/STM32F4xx_HAL_Driver/Src/stm32f4xx_hal_tim_ex.c.obj
 .debug_info    0x0000df21     0x3fcf CMakeFiles/untitled2.elf.dir/Drivers/STM32F4xx_HAL_Driver/Src/stm32f4xx_hal_uart.c.obj
 .debug_info    0x00011ef0       0xe0 D:/STM32Cube/STM32CubeCLT_1.16.0/GNU-tools-for-STM32/bin/../lib/gcc/arm-none-eabi/12.3.1/../../../../arm-none-eabi/lib/thumb/v7e-m/nofp\libg.a(libc_a-memset.o)
 .debug_info    0x00011fd0      0x10b D:/STM32Cube/STM32CubeCLT_1.16.0/GNU-tools-for-STM32/bin/../lib/gcc/arm-none-eabi/12.3.1/../../../../arm-none-eabi/lib/thumb/v7e-m/nofp\libg.a(libc_a-init.o)
 .debug_info    0x000120db      0x20a D:/STM32Cube/STM32CubeCLT_1.16.0/GNU-tools-for-STM32/bin/../lib/gcc/arm-none-eabi/12.3.1/../../../../arm-none-eabi/lib/thumb/v7e-m/nofp\libg.a(libc_a-lock.o)
 .debug_info    0x000122e5      0x2dd D:/STM32Cube/STM32CubeCLT_1.16.0/GNU-tools-for-STM32/bin/../lib/gcc/arm-none-eabi/12.3.1/../../../../arm-none-eabi/lib/thumb/v7e-m/nofp\libg.a(libc_a-__call_atexit.o)
 .debug_info    0x000125c2      0x118 D:/STM32Cube/STM32CubeCLT_1.16.0/GNU-tools-for-STM32/bin/../lib/gcc/arm-none-eabi/12.3.1/../../../../arm-none-eabi/lib/thumb/v7e-m/nofp\libg.a(libc_a-atexit.o)
 .debug_info    0x000126da       0xf7 D:/STM32Cube/STM32CubeCLT_1.16.0/GNU-tools-for-STM32/bin/../lib/gcc/arm-none-eabi/12.3.1/../../../../arm-none-eabi/lib/thumb/v7e-m/nofp\libg.a(libc_a-fini.o)
 .debug_info    0x000127d1      0x25f D:/STM32Cube/STM32CubeCLT_1.16.0/GNU-tools-for-STM32/bin/../lib/gcc/arm-none-eabi/12.3.1/../../../../arm-none-eabi/lib/thumb/v7e-m/nofp\libg.a(libc_a-__atexit.o)

.debug_abbrev   0x00000000     0x2db1
 .debug_abbrev  0x00000000      0x18c CMakeFiles/untitled2.elf.dir/Core/Src/callback.c.obj
 .debug_abbrev  0x0000018c      0x12b CMakeFiles/untitled2.elf.dir/Core/Src/dma.c.obj
 .debug_abbrev  0x000002b7      0x164 CMakeFiles/untitled2.elf.dir/Core/Src/gpio.c.obj
 .debug_abbrev  0x0000041b      0x242 CMakeFiles/untitled2.elf.dir/Core/Src/main.c.obj
 .debug_abbrev  0x0000065d       0xd6 CMakeFiles/untitled2.elf.dir/Core/Src/stm32f4xx_hal_msp.c.obj
 .debug_abbrev  0x00000733      0x1bf CMakeFiles/untitled2.elf.dir/Core/Src/stm32f4xx_it.c.obj
 .debug_abbrev  0x000008f2      0x120 CMakeFiles/untitled2.elf.dir/Core/Src/system_stm32f4xx.c.obj
 .debug_abbrev  0x00000a12      0x242 CMakeFiles/untitled2.elf.dir/Core/Src/tim.c.obj
 .debug_abbrev  0x00000c54      0x24c CMakeFiles/untitled2.elf.dir/Core/Src/usart.c.obj
 .debug_abbrev  0x00000ea0       0x24 CMakeFiles/untitled2.elf.dir/Core/Startup/startup_stm32f427iihx.s.obj
 .debug_abbrev  0x00000ec4      0x240 CMakeFiles/untitled2.elf.dir/Drivers/STM32F4xx_HAL_Driver/Src/stm32f4xx_hal.c.obj
 .debug_abbrev  0x00001104      0x391 CMakeFiles/untitled2.elf.dir/Drivers/STM32F4xx_HAL_Driver/Src/stm32f4xx_hal_cortex.c.obj
 .debug_abbrev  0x00001495      0x2c0 CMakeFiles/untitled2.elf.dir/Drivers/STM32F4xx_HAL_Driver/Src/stm32f4xx_hal_dma.c.obj
 .debug_abbrev  0x00001755      0x202 CMakeFiles/untitled2.elf.dir/Drivers/STM32F4xx_HAL_Driver/Src/stm32f4xx_hal_gpio.c.obj
 .debug_abbrev  0x00001957      0x1e6 CMakeFiles/untitled2.elf.dir/Drivers/STM32F4xx_HAL_Driver/Src/stm32f4xx_hal_pwr_ex.c.obj
 .debug_abbrev  0x00001b3d      0x2c7 CMakeFiles/untitled2.elf.dir/Drivers/STM32F4xx_HAL_Driver/Src/stm32f4xx_hal_rcc.c.obj
 .debug_abbrev  0x00001e04      0x271 CMakeFiles/untitled2.elf.dir/Drivers/STM32F4xx_HAL_Driver/Src/stm32f4xx_hal_tim.c.obj
 .debug_abbrev  0x00002075      0x26f CMakeFiles/untitled2.elf.dir/Drivers/STM32F4xx_HAL_Driver/Src/stm32f4xx_hal_tim_ex.c.obj
 .debug_abbrev  0x000022e4      0x32f CMakeFiles/untitled2.elf.dir/Drivers/STM32F4xx_HAL_Driver/Src/stm32f4xx_hal_uart.c.obj
 .debug_abbrev  0x00002613       0x9e D:/STM32Cube/STM32CubeCLT_1.16.0/GNU-tools-for-STM32/bin/../lib/gcc/arm-none-eabi/12.3.1/../../../../arm-none-eabi/lib/thumb/v7e-m/nofp\libg.a(libc_a-memset.o)
 .debug_abbrev  0x000026b1       0xc9 D:/STM32Cube/STM32CubeCLT_1.16.0/GNU-tools-for-STM32/bin/../lib/gcc/arm-none-eabi/12.3.1/../../../../arm-none-eabi/lib/thumb/v7e-m/nofp\libg.a(libc_a-init.o)
 .debug_abbrev  0x0000277a      0x115 D:/STM32Cube/STM32CubeCLT_1.16.0/GNU-tools-for-STM32/bin/../lib/gcc/arm-none-eabi/12.3.1/../../../../arm-none-eabi/lib/thumb/v7e-m/nofp\libg.a(libc_a-lock.o)
 .debug_abbrev  0x0000288f      0x20c D:/STM32Cube/STM32CubeCLT_1.16.0/GNU-tools-for-STM32/bin/../lib/gcc/arm-none-eabi/12.3.1/../../../../arm-none-eabi/lib/thumb/v7e-m/nofp\libg.a(libc_a-__call_atexit.o)
 .debug_abbrev  0x00002a9b       0xc1 D:/STM32Cube/STM32CubeCLT_1.16.0/GNU-tools-for-STM32/bin/../lib/gcc/arm-none-eabi/12.3.1/../../../../arm-none-eabi/lib/thumb/v7e-m/nofp\libg.a(libc_a-atexit.o)
 .debug_abbrev  0x00002b5c       0xcc D:/STM32Cube/STM32CubeCLT_1.16.0/GNU-tools-for-STM32/bin/../lib/gcc/arm-none-eabi/12.3.1/../../../../arm-none-eabi/lib/thumb/v7e-m/nofp\libg.a(libc_a-fini.o)
 .debug_abbrev  0x00002c28      0x189 D:/STM32Cube/STM32CubeCLT_1.16.0/GNU-tools-for-STM32/bin/../lib/gcc/arm-none-eabi/12.3.1/../../../../arm-none-eabi/lib/thumb/v7e-m/nofp\libg.a(libc_a-__atexit.o)

.debug_loclists
                0x00000000     0x8910
 .debug_loclists
                0x00000000       0x5c CMakeFiles/untitled2.elf.dir/Core/Src/callback.c.obj
 .debug_loclists
                0x0000005c       0xdb CMakeFiles/untitled2.elf.dir/Core/Src/system_stm32f4xx.c.obj
 .debug_loclists
                0x00000137       0xa6 CMakeFiles/untitled2.elf.dir/Core/Src/tim.c.obj
 .debug_loclists
                0x000001dd       0x50 CMakeFiles/untitled2.elf.dir/Core/Src/usart.c.obj
 .debug_loclists
                0x0000022d       0xc9 CMakeFiles/untitled2.elf.dir/Drivers/STM32F4xx_HAL_Driver/Src/stm32f4xx_hal.c.obj
 .debug_loclists
                0x000002f6      0x439 CMakeFiles/untitled2.elf.dir/Drivers/STM32F4xx_HAL_Driver/Src/stm32f4xx_hal_cortex.c.obj
 .debug_loclists
                0x0000072f      0x763 CMakeFiles/untitled2.elf.dir/Drivers/STM32F4xx_HAL_Driver/Src/stm32f4xx_hal_dma.c.obj
 .debug_loclists
                0x00000e92      0x356 CMakeFiles/untitled2.elf.dir/Drivers/STM32F4xx_HAL_Driver/Src/stm32f4xx_hal_gpio.c.obj
 .debug_loclists
                0x000011e8      0x14e CMakeFiles/untitled2.elf.dir/Drivers/STM32F4xx_HAL_Driver/Src/stm32f4xx_hal_pwr_ex.c.obj
 .debug_loclists
                0x00001336      0x3a9 CMakeFiles/untitled2.elf.dir/Drivers/STM32F4xx_HAL_Driver/Src/stm32f4xx_hal_rcc.c.obj
 .debug_loclists
                0x000016df     0x3331 CMakeFiles/untitled2.elf.dir/Drivers/STM32F4xx_HAL_Driver/Src/stm32f4xx_hal_tim.c.obj
 .debug_loclists
                0x00004a10     0x129a CMakeFiles/untitled2.elf.dir/Drivers/STM32F4xx_HAL_Driver/Src/stm32f4xx_hal_tim_ex.c.obj
 .debug_loclists
                0x00005caa     0x29f1 CMakeFiles/untitled2.elf.dir/Drivers/STM32F4xx_HAL_Driver/Src/stm32f4xx_hal_uart.c.obj
 .debug_loclists
                0x0000869b       0x47 D:/STM32Cube/STM32CubeCLT_1.16.0/GNU-tools-for-STM32/bin/../lib/gcc/arm-none-eabi/12.3.1/../../../../arm-none-eabi/lib/thumb/v7e-m/nofp\libg.a(libc_a-memset.o)
 .debug_loclists
                0x000086e2       0x44 D:/STM32Cube/STM32CubeCLT_1.16.0/GNU-tools-for-STM32/bin/../lib/gcc/arm-none-eabi/12.3.1/../../../../arm-none-eabi/lib/thumb/v7e-m/nofp\libg.a(libc_a-init.o)
 .debug_loclists
                0x00008726       0x23 D:/STM32Cube/STM32CubeCLT_1.16.0/GNU-tools-for-STM32/bin/../lib/gcc/arm-none-eabi/12.3.1/../../../../arm-none-eabi/lib/thumb/v7e-m/nofp\libg.a(libc_a-lock.o)
 .debug_loclists
                0x00008749       0xd4 D:/STM32Cube/STM32CubeCLT_1.16.0/GNU-tools-for-STM32/bin/../lib/gcc/arm-none-eabi/12.3.1/../../../../arm-none-eabi/lib/thumb/v7e-m/nofp\libg.a(libc_a-__call_atexit.o)
 .debug_loclists
                0x0000881d       0x2a D:/STM32Cube/STM32CubeCLT_1.16.0/GNU-tools-for-STM32/bin/../lib/gcc/arm-none-eabi/12.3.1/../../../../arm-none-eabi/lib/thumb/v7e-m/nofp\libg.a(libc_a-atexit.o)
 .debug_loclists
                0x00008847       0x3b D:/STM32Cube/STM32CubeCLT_1.16.0/GNU-tools-for-STM32/bin/../lib/gcc/arm-none-eabi/12.3.1/../../../../arm-none-eabi/lib/thumb/v7e-m/nofp\libg.a(libc_a-fini.o)
 .debug_loclists
                0x00008882       0x8e D:/STM32Cube/STM32CubeCLT_1.16.0/GNU-tools-for-STM32/bin/../lib/gcc/arm-none-eabi/12.3.1/../../../../arm-none-eabi/lib/thumb/v7e-m/nofp\libg.a(libc_a-__atexit.o)

.debug_aranges  0x00000000      0xe30
 .debug_aranges
                0x00000000       0x20 CMakeFiles/untitled2.elf.dir/Core/Src/callback.c.obj
 .debug_aranges
                0x00000020       0x20 CMakeFiles/untitled2.elf.dir/Core/Src/dma.c.obj
 .debug_aranges
                0x00000040       0x20 CMakeFiles/untitled2.elf.dir/Core/Src/gpio.c.obj
 .debug_aranges
                0x00000060       0x30 CMakeFiles/untitled2.elf.dir/Core/Src/main.c.obj
 .debug_aranges
                0x00000090       0x20 CMakeFiles/untitled2.elf.dir/Core/Src/stm32f4xx_hal_msp.c.obj
 .debug_aranges
                0x000000b0       0x88 CMakeFiles/untitled2.elf.dir/Core/Src/stm32f4xx_it.c.obj
 .debug_aranges
                0x00000138       0x28 CMakeFiles/untitled2.elf.dir/Core/Src/system_stm32f4xx.c.obj
 .debug_aranges
                0x00000160       0x40 CMakeFiles/untitled2.elf.dir/Core/Src/tim.c.obj
 .debug_aranges
                0x000001a0       0x30 CMakeFiles/untitled2.elf.dir/Core/Src/usart.c.obj
 .debug_aranges
                0x000001d0       0x28 CMakeFiles/untitled2.elf.dir/Core/Startup/startup_stm32f427iihx.s.obj
 .debug_aranges
                0x000001f8      0x100 CMakeFiles/untitled2.elf.dir/Drivers/STM32F4xx_HAL_Driver/Src/stm32f4xx_hal.c.obj
 .debug_aranges
                0x000002f8       0xf8 CMakeFiles/untitled2.elf.dir/Drivers/STM32F4xx_HAL_Driver/Src/stm32f4xx_hal_cortex.c.obj
 .debug_aranges
                0x000003f0       0x90 CMakeFiles/untitled2.elf.dir/Drivers/STM32F4xx_HAL_Driver/Src/stm32f4xx_hal_dma.c.obj
 .debug_aranges
                0x00000480       0x58 CMakeFiles/untitled2.elf.dir/Drivers/STM32F4xx_HAL_Driver/Src/stm32f4xx_hal_gpio.c.obj
 .debug_aranges
                0x000004d8       0x60 CMakeFiles/untitled2.elf.dir/Drivers/STM32F4xx_HAL_Driver/Src/stm32f4xx_hal_pwr_ex.c.obj
 .debug_aranges
                0x00000538       0x88 CMakeFiles/untitled2.elf.dir/Drivers/STM32F4xx_HAL_Driver/Src/stm32f4xx_hal_rcc.c.obj
 .debug_aranges
                0x000005c0      0x3d0 CMakeFiles/untitled2.elf.dir/Drivers/STM32F4xx_HAL_Driver/Src/stm32f4xx_hal_tim.c.obj
 .debug_aranges
                0x00000990      0x168 CMakeFiles/untitled2.elf.dir/Drivers/STM32F4xx_HAL_Driver/Src/stm32f4xx_hal_tim_ex.c.obj
 .debug_aranges
                0x00000af8      0x208 CMakeFiles/untitled2.elf.dir/Drivers/STM32F4xx_HAL_Driver/Src/stm32f4xx_hal_uart.c.obj
 .debug_aranges
                0x00000d00       0x20 D:/STM32Cube/STM32CubeCLT_1.16.0/GNU-tools-for-STM32/bin/../lib/gcc/arm-none-eabi/12.3.1/../../../../arm-none-eabi/lib/thumb/v7e-m/nofp\libg.a(libc_a-memset.o)
 .debug_aranges
                0x00000d20       0x20 D:/STM32Cube/STM32CubeCLT_1.16.0/GNU-tools-for-STM32/bin/../lib/gcc/arm-none-eabi/12.3.1/../../../../arm-none-eabi/lib/thumb/v7e-m/nofp\libg.a(libc_a-init.o)
 .debug_aranges
                0x00000d40       0x68 D:/STM32Cube/STM32CubeCLT_1.16.0/GNU-tools-for-STM32/bin/../lib/gcc/arm-none-eabi/12.3.1/../../../../arm-none-eabi/lib/thumb/v7e-m/nofp\libg.a(libc_a-lock.o)
 .debug_aranges
                0x00000da8       0x28 D:/STM32Cube/STM32CubeCLT_1.16.0/GNU-tools-for-STM32/bin/../lib/gcc/arm-none-eabi/12.3.1/../../../../arm-none-eabi/lib/thumb/v7e-m/nofp\libg.a(libc_a-__call_atexit.o)
 .debug_aranges
                0x00000dd0       0x20 D:/STM32Cube/STM32CubeCLT_1.16.0/GNU-tools-for-STM32/bin/../lib/gcc/arm-none-eabi/12.3.1/../../../../arm-none-eabi/lib/thumb/v7e-m/nofp\libg.a(libc_a-atexit.o)
 .debug_aranges
                0x00000df0       0x20 D:/STM32Cube/STM32CubeCLT_1.16.0/GNU-tools-for-STM32/bin/../lib/gcc/arm-none-eabi/12.3.1/../../../../arm-none-eabi/lib/thumb/v7e-m/nofp\libg.a(libc_a-fini.o)
 .debug_aranges
                0x00000e10       0x20 D:/STM32Cube/STM32CubeCLT_1.16.0/GNU-tools-for-STM32/bin/../lib/gcc/arm-none-eabi/12.3.1/../../../../arm-none-eabi/lib/thumb/v7e-m/nofp\libg.a(libc_a-__atexit.o)

.debug_rnglists
                0x00000000      0xab2
 .debug_rnglists
                0x00000000       0x13 CMakeFiles/untitled2.elf.dir/Core/Src/callback.c.obj
 .debug_rnglists
                0x00000013       0x13 CMakeFiles/untitled2.elf.dir/Core/Src/dma.c.obj
 .debug_rnglists
                0x00000026       0x14 CMakeFiles/untitled2.elf.dir/Core/Src/gpio.c.obj
 .debug_rnglists
                0x0000003a       0x20 CMakeFiles/untitled2.elf.dir/Core/Src/main.c.obj
 .debug_rnglists
                0x0000005a       0x13 CMakeFiles/untitled2.elf.dir/Core/Src/stm32f4xx_hal_msp.c.obj
 .debug_rnglists
                0x0000006d       0x61 CMakeFiles/untitled2.elf.dir/Core/Src/stm32f4xx_it.c.obj
 .debug_rnglists
                0x000000ce       0x1a CMakeFiles/untitled2.elf.dir/Core/Src/system_stm32f4xx.c.obj
 .debug_rnglists
                0x000000e8       0x2c CMakeFiles/untitled2.elf.dir/Core/Src/tim.c.obj
 .debug_rnglists
                0x00000114       0x20 CMakeFiles/untitled2.elf.dir/Core/Src/usart.c.obj
 .debug_rnglists
                0x00000134       0x19 CMakeFiles/untitled2.elf.dir/Core/Startup/startup_stm32f427iihx.s.obj
 .debug_rnglists
                0x0000014d       0xbb CMakeFiles/untitled2.elf.dir/Drivers/STM32F4xx_HAL_Driver/Src/stm32f4xx_hal.c.obj
 .debug_rnglists
                0x00000208       0xb5 CMakeFiles/untitled2.elf.dir/Drivers/STM32F4xx_HAL_Driver/Src/stm32f4xx_hal_cortex.c.obj
 .debug_rnglists
                0x000002bd       0x6c CMakeFiles/untitled2.elf.dir/Drivers/STM32F4xx_HAL_Driver/Src/stm32f4xx_hal_dma.c.obj
 .debug_rnglists
                0x00000329       0x3f CMakeFiles/untitled2.elf.dir/Drivers/STM32F4xx_HAL_Driver/Src/stm32f4xx_hal_gpio.c.obj
 .debug_rnglists
                0x00000368       0x44 CMakeFiles/untitled2.elf.dir/Drivers/STM32F4xx_HAL_Driver/Src/stm32f4xx_hal_pwr_ex.c.obj
 .debug_rnglists
                0x000003ac       0x75 CMakeFiles/untitled2.elf.dir/Drivers/STM32F4xx_HAL_Driver/Src/stm32f4xx_hal_rcc.c.obj
 .debug_rnglists
                0x00000421      0x302 CMakeFiles/untitled2.elf.dir/Drivers/STM32F4xx_HAL_Driver/Src/stm32f4xx_hal_tim.c.obj
 .debug_rnglists
                0x00000723      0x11b CMakeFiles/untitled2.elf.dir/Drivers/STM32F4xx_HAL_Driver/Src/stm32f4xx_hal_tim_ex.c.obj
 .debug_rnglists
                0x0000083e      0x1a1 CMakeFiles/untitled2.elf.dir/Drivers/STM32F4xx_HAL_Driver/Src/stm32f4xx_hal_uart.c.obj
 .debug_rnglists
                0x000009df       0x13 D:/STM32Cube/STM32CubeCLT_1.16.0/GNU-tools-for-STM32/bin/../lib/gcc/arm-none-eabi/12.3.1/../../../../arm-none-eabi/lib/thumb/v7e-m/nofp\libg.a(libc_a-memset.o)
 .debug_rnglists
                0x000009f2       0x13 D:/STM32Cube/STM32CubeCLT_1.16.0/GNU-tools-for-STM32/bin/../lib/gcc/arm-none-eabi/12.3.1/../../../../arm-none-eabi/lib/thumb/v7e-m/nofp\libg.a(libc_a-init.o)
 .debug_rnglists
                0x00000a05       0x49 D:/STM32Cube/STM32CubeCLT_1.16.0/GNU-tools-for-STM32/bin/../lib/gcc/arm-none-eabi/12.3.1/../../../../arm-none-eabi/lib/thumb/v7e-m/nofp\libg.a(libc_a-lock.o)
 .debug_rnglists
                0x00000a4e       0x2a D:/STM32Cube/STM32CubeCLT_1.16.0/GNU-tools-for-STM32/bin/../lib/gcc/arm-none-eabi/12.3.1/../../../../arm-none-eabi/lib/thumb/v7e-m/nofp\libg.a(libc_a-__call_atexit.o)
 .debug_rnglists
                0x00000a78       0x13 D:/STM32Cube/STM32CubeCLT_1.16.0/GNU-tools-for-STM32/bin/../lib/gcc/arm-none-eabi/12.3.1/../../../../arm-none-eabi/lib/thumb/v7e-m/nofp\libg.a(libc_a-atexit.o)
 .debug_rnglists
                0x00000a8b       0x13 D:/STM32Cube/STM32CubeCLT_1.16.0/GNU-tools-for-STM32/bin/../lib/gcc/arm-none-eabi/12.3.1/../../../../arm-none-eabi/lib/thumb/v7e-m/nofp\libg.a(libc_a-fini.o)
 .debug_rnglists
                0x00000a9e       0x14 D:/STM32Cube/STM32CubeCLT_1.16.0/GNU-tools-for-STM32/bin/../lib/gcc/arm-none-eabi/12.3.1/../../../../arm-none-eabi/lib/thumb/v7e-m/nofp\libg.a(libc_a-__atexit.o)

.debug_line     0x00000000    0x10d38
 .debug_line    0x00000000      0x295 CMakeFiles/untitled2.elf.dir/Core/Src/callback.c.obj
 .debug_line    0x00000295      0x22e CMakeFiles/untitled2.elf.dir/Core/Src/dma.c.obj
 .debug_line    0x000004c3      0x26b CMakeFiles/untitled2.elf.dir/Core/Src/gpio.c.obj
 .debug_line    0x0000072e      0x458 CMakeFiles/untitled2.elf.dir/Core/Src/main.c.obj
 .debug_line    0x00000b86      0x1ed CMakeFiles/untitled2.elf.dir/Core/Src/stm32f4xx_hal_msp.c.obj
 .debug_line    0x00000d73      0x3f6 CMakeFiles/untitled2.elf.dir/Core/Src/stm32f4xx_it.c.obj
 .debug_line    0x00001169      0x2b5 CMakeFiles/untitled2.elf.dir/Core/Src/system_stm32f4xx.c.obj
 .debug_line    0x0000141e      0x56a CMakeFiles/untitled2.elf.dir/Core/Src/tim.c.obj
 .debug_line    0x00001988      0x46b CMakeFiles/untitled2.elf.dir/Core/Src/usart.c.obj
 .debug_line    0x00001df3       0x7a CMakeFiles/untitled2.elf.dir/Core/Startup/startup_stm32f427iihx.s.obj
 .debug_line    0x00001e6d      0x663 CMakeFiles/untitled2.elf.dir/Drivers/STM32F4xx_HAL_Driver/Src/stm32f4xx_hal.c.obj
 .debug_line    0x000024d0      0x918 CMakeFiles/untitled2.elf.dir/Drivers/STM32F4xx_HAL_Driver/Src/stm32f4xx_hal_cortex.c.obj
 .debug_line    0x00002de8      0xf08 CMakeFiles/untitled2.elf.dir/Drivers/STM32F4xx_HAL_Driver/Src/stm32f4xx_hal_dma.c.obj
 .debug_line    0x00003cf0      0x780 CMakeFiles/untitled2.elf.dir/Drivers/STM32F4xx_HAL_Driver/Src/stm32f4xx_hal_gpio.c.obj
 .debug_line    0x00004470      0x564 CMakeFiles/untitled2.elf.dir/Drivers/STM32F4xx_HAL_Driver/Src/stm32f4xx_hal_pwr_ex.c.obj
 .debug_line    0x000049d4      0xbe9 CMakeFiles/untitled2.elf.dir/Drivers/STM32F4xx_HAL_Driver/Src/stm32f4xx_hal_rcc.c.obj
 .debug_line    0x000055bd     0x4b26 CMakeFiles/untitled2.elf.dir/Drivers/STM32F4xx_HAL_Driver/Src/stm32f4xx_hal_tim.c.obj
 .debug_line    0x0000a0e3     0x1dbf CMakeFiles/untitled2.elf.dir/Drivers/STM32F4xx_HAL_Driver/Src/stm32f4xx_hal_tim_ex.c.obj
 .debug_line    0x0000bea2     0x4384 CMakeFiles/untitled2.elf.dir/Drivers/STM32F4xx_HAL_Driver/Src/stm32f4xx_hal_uart.c.obj
 .debug_line    0x00010226      0x17e D:/STM32Cube/STM32CubeCLT_1.16.0/GNU-tools-for-STM32/bin/../lib/gcc/arm-none-eabi/12.3.1/../../../../arm-none-eabi/lib/thumb/v7e-m/nofp\libg.a(libc_a-memset.o)
 .debug_line    0x000103a4      0x188 D:/STM32Cube/STM32CubeCLT_1.16.0/GNU-tools-for-STM32/bin/../lib/gcc/arm-none-eabi/12.3.1/../../../../arm-none-eabi/lib/thumb/v7e-m/nofp\libg.a(libc_a-init.o)
 .debug_line    0x0001052c      0x19b D:/STM32Cube/STM32CubeCLT_1.16.0/GNU-tools-for-STM32/bin/../lib/gcc/arm-none-eabi/12.3.1/../../../../arm-none-eabi/lib/thumb/v7e-m/nofp\libg.a(libc_a-lock.o)
 .debug_line    0x000106c7      0x28a D:/STM32Cube/STM32CubeCLT_1.16.0/GNU-tools-for-STM32/bin/../lib/gcc/arm-none-eabi/12.3.1/../../../../arm-none-eabi/lib/thumb/v7e-m/nofp\libg.a(libc_a-__call_atexit.o)
 .debug_line    0x00010951      0x102 D:/STM32Cube/STM32CubeCLT_1.16.0/GNU-tools-for-STM32/bin/../lib/gcc/arm-none-eabi/12.3.1/../../../../arm-none-eabi/lib/thumb/v7e-m/nofp\libg.a(libc_a-atexit.o)
 .debug_line    0x00010a53      0x140 D:/STM32Cube/STM32CubeCLT_1.16.0/GNU-tools-for-STM32/bin/../lib/gcc/arm-none-eabi/12.3.1/../../../../arm-none-eabi/lib/thumb/v7e-m/nofp\libg.a(libc_a-fini.o)
 .debug_line    0x00010b93      0x1a5 D:/STM32Cube/STM32CubeCLT_1.16.0/GNU-tools-for-STM32/bin/../lib/gcc/arm-none-eabi/12.3.1/../../../../arm-none-eabi/lib/thumb/v7e-m/nofp\libg.a(libc_a-__atexit.o)

.debug_str      0x00000000     0x476c
 .debug_str     0x00000000      0x63c CMakeFiles/untitled2.elf.dir/Core/Src/callback.c.obj
                                0x6e1 (size before relaxing)
 .debug_str     0x0000063c      0x6b0 CMakeFiles/untitled2.elf.dir/Core/Src/dma.c.obj
                                0x849 (size before relaxing)
 .debug_str     0x00000cec       0xe6 CMakeFiles/untitled2.elf.dir/Core/Src/gpio.c.obj
                                0x3a9 (size before relaxing)
 .debug_str     0x00000dd2      0x1fd CMakeFiles/untitled2.elf.dir/Core/Src/main.c.obj
                                0x9ad (size before relaxing)
 .debug_str     0x00000fcf       0x40 CMakeFiles/untitled2.elf.dir/Core/Src/stm32f4xx_hal_msp.c.obj
                                0x2ea (size before relaxing)
 .debug_str     0x0000100f      0x431 CMakeFiles/untitled2.elf.dir/Core/Src/stm32f4xx_it.c.obj
                                0xa7d (size before relaxing)
 .debug_str     0x00001440       0x9b CMakeFiles/untitled2.elf.dir/Core/Src/system_stm32f4xx.c.obj
                                0x350 (size before relaxing)
 .debug_str     0x000014db      0x2c2 CMakeFiles/untitled2.elf.dir/Core/Src/tim.c.obj
                               0x112f (size before relaxing)
 .debug_str     0x0000179d       0x91 CMakeFiles/untitled2.elf.dir/Core/Src/usart.c.obj
                                0xe20 (size before relaxing)
 .debug_str     0x0000182e       0x58 CMakeFiles/untitled2.elf.dir/Core/Startup/startup_stm32f427iihx.s.obj
                                 0x8d (size before relaxing)
 .debug_str     0x00001886      0x39e CMakeFiles/untitled2.elf.dir/Drivers/STM32F4xx_HAL_Driver/Src/stm32f4xx_hal.c.obj
                                0xc1b (size before relaxing)
 .debug_str     0x00001c24      0x4d3 CMakeFiles/untitled2.elf.dir/Drivers/STM32F4xx_HAL_Driver/Src/stm32f4xx_hal_cortex.c.obj
                                0xcde (size before relaxing)
 .debug_str     0x000020f7      0x2f9 CMakeFiles/untitled2.elf.dir/Drivers/STM32F4xx_HAL_Driver/Src/stm32f4xx_hal_dma.c.obj
                                0x792 (size before relaxing)
 .debug_str     0x000023f0      0x12e CMakeFiles/untitled2.elf.dir/Drivers/STM32F4xx_HAL_Driver/Src/stm32f4xx_hal_gpio.c.obj
                                0x50f (size before relaxing)
 .debug_str     0x0000251e      0x152 CMakeFiles/untitled2.elf.dir/Drivers/STM32F4xx_HAL_Driver/Src/stm32f4xx_hal_pwr_ex.c.obj
                                0x4fa (size before relaxing)
 .debug_str     0x00002670      0x1b8 CMakeFiles/untitled2.elf.dir/Drivers/STM32F4xx_HAL_Driver/Src/stm32f4xx_hal_rcc.c.obj
                                0x735 (size before relaxing)
 .debug_str     0x00002828      0xe1d CMakeFiles/untitled2.elf.dir/Drivers/STM32F4xx_HAL_Driver/Src/stm32f4xx_hal_tim.c.obj
                               0x171b (size before relaxing)
 .debug_str     0x00003645      0x450 CMakeFiles/untitled2.elf.dir/Drivers/STM32F4xx_HAL_Driver/Src/stm32f4xx_hal_tim_ex.c.obj
                                0xf27 (size before relaxing)
 .debug_str     0x00003a95      0x5c9 CMakeFiles/untitled2.elf.dir/Drivers/STM32F4xx_HAL_Driver/Src/stm32f4xx_hal_uart.c.obj
                                0xdb7 (size before relaxing)
 .debug_str     0x0000405e      0x16a D:/STM32Cube/STM32CubeCLT_1.16.0/GNU-tools-for-STM32/bin/../lib/gcc/arm-none-eabi/12.3.1/../../../../arm-none-eabi/lib/thumb/v7e-m/nofp\libg.a(libc_a-memset.o)
                                0x206 (size before relaxing)
 .debug_str     0x000041c8       0xb6 D:/STM32Cube/STM32CubeCLT_1.16.0/GNU-tools-for-STM32/bin/../lib/gcc/arm-none-eabi/12.3.1/../../../../arm-none-eabi/lib/thumb/v7e-m/nofp\libg.a(libc_a-init.o)
                                0x267 (size before relaxing)
 .debug_str     0x0000427e      0x266 D:/STM32Cube/STM32CubeCLT_1.16.0/GNU-tools-for-STM32/bin/../lib/gcc/arm-none-eabi/12.3.1/../../../../arm-none-eabi/lib/thumb/v7e-m/nofp\libg.a(libc_a-lock.o)
                                0x379 (size before relaxing)
 .debug_str     0x000044e4      0x105 D:/STM32Cube/STM32CubeCLT_1.16.0/GNU-tools-for-STM32/bin/../lib/gcc/arm-none-eabi/12.3.1/../../../../arm-none-eabi/lib/thumb/v7e-m/nofp\libg.a(libc_a-__call_atexit.o)
                                0x343 (size before relaxing)
 .debug_str     0x000045e9       0x9e D:/STM32Cube/STM32CubeCLT_1.16.0/GNU-tools-for-STM32/bin/../lib/gcc/arm-none-eabi/12.3.1/../../../../arm-none-eabi/lib/thumb/v7e-m/nofp\libg.a(libc_a-atexit.o)
                                0x243 (size before relaxing)
 .debug_str     0x00004687       0x7a D:/STM32Cube/STM32CubeCLT_1.16.0/GNU-tools-for-STM32/bin/../lib/gcc/arm-none-eabi/12.3.1/../../../../arm-none-eabi/lib/thumb/v7e-m/nofp\libg.a(libc_a-fini.o)
                                0x23d (size before relaxing)
 .debug_str     0x00004701       0x6b D:/STM32Cube/STM32CubeCLT_1.16.0/GNU-tools-for-STM32/bin/../lib/gcc/arm-none-eabi/12.3.1/../../../../arm-none-eabi/lib/thumb/v7e-m/nofp\libg.a(libc_a-__atexit.o)
                                0x31a (size before relaxing)

.comment        0x00000000       0x43
 .comment       0x00000000       0x43 CMakeFiles/untitled2.elf.dir/Core/Src/callback.c.obj
                                 0x44 (size before relaxing)
 .comment       0x00000043       0x44 CMakeFiles/untitled2.elf.dir/Core/Src/dma.c.obj
 .comment       0x00000043       0x44 CMakeFiles/untitled2.elf.dir/Core/Src/gpio.c.obj
 .comment       0x00000043       0x44 CMakeFiles/untitled2.elf.dir/Core/Src/main.c.obj
 .comment       0x00000043       0x44 CMakeFiles/untitled2.elf.dir/Core/Src/stm32f4xx_hal_msp.c.obj
 .comment       0x00000043       0x44 CMakeFiles/untitled2.elf.dir/Core/Src/stm32f4xx_it.c.obj
 .comment       0x00000043       0x44 CMakeFiles/untitled2.elf.dir/Core/Src/system_stm32f4xx.c.obj
 .comment       0x00000043       0x44 CMakeFiles/untitled2.elf.dir/Core/Src/tim.c.obj
 .comment       0x00000043       0x44 CMakeFiles/untitled2.elf.dir/Core/Src/usart.c.obj
 .comment       0x00000043       0x44 CMakeFiles/untitled2.elf.dir/Drivers/STM32F4xx_HAL_Driver/Src/stm32f4xx_hal.c.obj
 .comment       0x00000043       0x44 CMakeFiles/untitled2.elf.dir/Drivers/STM32F4xx_HAL_Driver/Src/stm32f4xx_hal_cortex.c.obj
 .comment       0x00000043       0x44 CMakeFiles/untitled2.elf.dir/Drivers/STM32F4xx_HAL_Driver/Src/stm32f4xx_hal_dma.c.obj
 .comment       0x00000043       0x44 CMakeFiles/untitled2.elf.dir/Drivers/STM32F4xx_HAL_Driver/Src/stm32f4xx_hal_gpio.c.obj
 .comment       0x00000043       0x44 CMakeFiles/untitled2.elf.dir/Drivers/STM32F4xx_HAL_Driver/Src/stm32f4xx_hal_pwr_ex.c.obj
 .comment       0x00000043       0x44 CMakeFiles/untitled2.elf.dir/Drivers/STM32F4xx_HAL_Driver/Src/stm32f4xx_hal_rcc.c.obj
 .comment       0x00000043       0x44 CMakeFiles/untitled2.elf.dir/Drivers/STM32F4xx_HAL_Driver/Src/stm32f4xx_hal_tim.c.obj
 .comment       0x00000043       0x44 CMakeFiles/untitled2.elf.dir/Drivers/STM32F4xx_HAL_Driver/Src/stm32f4xx_hal_tim_ex.c.obj
 .comment       0x00000043       0x44 CMakeFiles/untitled2.elf.dir/Drivers/STM32F4xx_HAL_Driver/Src/stm32f4xx_hal_uart.c.obj
 .comment       0x00000043       0x44 D:/STM32Cube/STM32CubeCLT_1.16.0/GNU-tools-for-STM32/bin/../lib/gcc/arm-none-eabi/12.3.1/../../../../arm-none-eabi/lib/thumb/v7e-m/nofp\libg.a(libc_a-memset.o)
 .comment       0x00000043       0x44 D:/STM32Cube/STM32CubeCLT_1.16.0/GNU-tools-for-STM32/bin/../lib/gcc/arm-none-eabi/12.3.1/../../../../arm-none-eabi/lib/thumb/v7e-m/nofp\libg.a(libc_a-init.o)
 .comment       0x00000043       0x44 D:/STM32Cube/STM32CubeCLT_1.16.0/GNU-tools-for-STM32/bin/../lib/gcc/arm-none-eabi/12.3.1/../../../../arm-none-eabi/lib/thumb/v7e-m/nofp\libg.a(libc_a-lock.o)
 .comment       0x00000043       0x44 D:/STM32Cube/STM32CubeCLT_1.16.0/GNU-tools-for-STM32/bin/../lib/gcc/arm-none-eabi/12.3.1/../../../../arm-none-eabi/lib/thumb/v7e-m/nofp\libg.a(libc_a-__call_atexit.o)
 .comment       0x00000043       0x44 D:/STM32Cube/STM32CubeCLT_1.16.0/GNU-tools-for-STM32/bin/../lib/gcc/arm-none-eabi/12.3.1/../../../../arm-none-eabi/lib/thumb/v7e-m/nofp\libg.a(libc_a-atexit.o)
 .comment       0x00000043       0x44 D:/STM32Cube/STM32CubeCLT_1.16.0/GNU-tools-for-STM32/bin/../lib/gcc/arm-none-eabi/12.3.1/../../../../arm-none-eabi/lib/thumb/v7e-m/nofp\libg.a(libc_a-fini.o)
 .comment       0x00000043       0x44 D:/STM32Cube/STM32CubeCLT_1.16.0/GNU-tools-for-STM32/bin/../lib/gcc/arm-none-eabi/12.3.1/../../../../arm-none-eabi/lib/thumb/v7e-m/nofp\libg.a(libc_a-__atexit.o)

.debug_frame    0x00000000     0x2370
 .debug_frame   0x00000000       0x2c CMakeFiles/untitled2.elf.dir/Core/Src/callback.c.obj
 .debug_frame   0x0000002c       0x30 CMakeFiles/untitled2.elf.dir/Core/Src/dma.c.obj
 .debug_frame   0x0000005c       0x30 CMakeFiles/untitled2.elf.dir/Core/Src/gpio.c.obj
 .debug_frame   0x0000008c       0x58 CMakeFiles/untitled2.elf.dir/Core/Src/main.c.obj
 .debug_frame   0x000000e4       0x28 CMakeFiles/untitled2.elf.dir/Core/Src/stm32f4xx_hal_msp.c.obj
 .debug_frame   0x0000010c      0x120 CMakeFiles/untitled2.elf.dir/Core/Src/stm32f4xx_it.c.obj
 .debug_frame   0x0000022c       0x30 CMakeFiles/untitled2.elf.dir/Core/Src/system_stm32f4xx.c.obj
 .debug_frame   0x0000025c       0xac CMakeFiles/untitled2.elf.dir/Core/Src/tim.c.obj
 .debug_frame   0x00000308       0x64 CMakeFiles/untitled2.elf.dir/Core/Src/usart.c.obj
 .debug_frame   0x0000036c      0x20c CMakeFiles/untitled2.elf.dir/Drivers/STM32F4xx_HAL_Driver/Src/stm32f4xx_hal.c.obj
 .debug_frame   0x00000578      0x214 CMakeFiles/untitled2.elf.dir/Drivers/STM32F4xx_HAL_Driver/Src/stm32f4xx_hal_cortex.c.obj
 .debug_frame   0x0000078c      0x188 CMakeFiles/untitled2.elf.dir/Drivers/STM32F4xx_HAL_Driver/Src/stm32f4xx_hal_dma.c.obj
 .debug_frame   0x00000914       0xd4 CMakeFiles/untitled2.elf.dir/Drivers/STM32F4xx_HAL_Driver/Src/stm32f4xx_hal_gpio.c.obj
 .debug_frame   0x000009e8       0xec CMakeFiles/untitled2.elf.dir/Drivers/STM32F4xx_HAL_Driver/Src/stm32f4xx_hal_pwr_ex.c.obj
 .debug_frame   0x00000ad4      0x16c CMakeFiles/untitled2.elf.dir/Drivers/STM32F4xx_HAL_Driver/Src/stm32f4xx_hal_rcc.c.obj
 .debug_frame   0x00000c40      0xb08 CMakeFiles/untitled2.elf.dir/Drivers/STM32F4xx_HAL_Driver/Src/stm32f4xx_hal_tim.c.obj
 .debug_frame   0x00001748      0x40c CMakeFiles/untitled2.elf.dir/Drivers/STM32F4xx_HAL_Driver/Src/stm32f4xx_hal_tim_ex.c.obj
 .debug_frame   0x00001b54      0x5dc CMakeFiles/untitled2.elf.dir/Drivers/STM32F4xx_HAL_Driver/Src/stm32f4xx_hal_uart.c.obj
 .debug_frame   0x00002130       0x2c D:/STM32Cube/STM32CubeCLT_1.16.0/GNU-tools-for-STM32/bin/../lib/gcc/arm-none-eabi/12.3.1/thumb/v7e-m/nofp\libgcc.a(_aeabi_uldivmod.o)
 .debug_frame   0x0000215c       0x34 D:/STM32Cube/STM32CubeCLT_1.16.0/GNU-tools-for-STM32/bin/../lib/gcc/arm-none-eabi/12.3.1/thumb/v7e-m/nofp\libgcc.a(_udivmoddi4.o)
 .debug_frame   0x00002190       0x20 D:/STM32Cube/STM32CubeCLT_1.16.0/GNU-tools-for-STM32/bin/../lib/gcc/arm-none-eabi/12.3.1/../../../../arm-none-eabi/lib/thumb/v7e-m/nofp\libg.a(libc_a-memset.o)
 .debug_frame   0x000021b0       0x2c D:/STM32Cube/STM32CubeCLT_1.16.0/GNU-tools-for-STM32/bin/../lib/gcc/arm-none-eabi/12.3.1/../../../../arm-none-eabi/lib/thumb/v7e-m/nofp\libg.a(libc_a-init.o)
 .debug_frame   0x000021dc       0xb0 D:/STM32Cube/STM32CubeCLT_1.16.0/GNU-tools-for-STM32/bin/../lib/gcc/arm-none-eabi/12.3.1/../../../../arm-none-eabi/lib/thumb/v7e-m/nofp\libg.a(libc_a-lock.o)
 .debug_frame   0x0000228c       0x58 D:/STM32Cube/STM32CubeCLT_1.16.0/GNU-tools-for-STM32/bin/../lib/gcc/arm-none-eabi/12.3.1/../../../../arm-none-eabi/lib/thumb/v7e-m/nofp\libg.a(libc_a-__call_atexit.o)
 .debug_frame   0x000022e4       0x20 D:/STM32Cube/STM32CubeCLT_1.16.0/GNU-tools-for-STM32/bin/../lib/gcc/arm-none-eabi/12.3.1/../../../../arm-none-eabi/lib/thumb/v7e-m/nofp\libg.a(libc_a-atexit.o)
 .debug_frame   0x00002304       0x38 D:/STM32Cube/STM32CubeCLT_1.16.0/GNU-tools-for-STM32/bin/../lib/gcc/arm-none-eabi/12.3.1/../../../../arm-none-eabi/lib/thumb/v7e-m/nofp\libg.a(libc_a-fini.o)
 .debug_frame   0x0000233c       0x34 D:/STM32Cube/STM32CubeCLT_1.16.0/GNU-tools-for-STM32/bin/../lib/gcc/arm-none-eabi/12.3.1/../../../../arm-none-eabi/lib/thumb/v7e-m/nofp\libg.a(libc_a-__atexit.o)

.debug_line_str
                0x00000000       0x71
 .debug_line_str
                0x00000000       0x71 CMakeFiles/untitled2.elf.dir/Core/Startup/startup_stm32f427iihx.s.obj
