Archive member included to satisfy reference by file (symbol)

D:/STM32Cube/STM32CubeCLT_1.16.0/GNU-tools-for-STM32/bin/../lib/gcc/arm-none-eabi/12.3.1/thumb/v7e-m/nofp\libgcc.a(_aeabi_uldivmod.o)
                              CMakeFiles/untitled2.elf.dir/Drivers/STM32F4xx_HAL_Driver/Src/stm32f4xx_hal_rcc.c.obj (__aeabi_uldivmod)
D:/STM32Cube/STM32CubeCLT_1.16.0/GNU-tools-for-STM32/bin/../lib/gcc/arm-none-eabi/12.3.1/thumb/v7e-m/nofp\libgcc.a(_udivmoddi4.o)
                              D:/STM32Cube/STM32CubeCLT_1.16.0/GNU-tools-for-STM32/bin/../lib/gcc/arm-none-eabi/12.3.1/thumb/v7e-m/nofp\libgcc.a(_aeabi_uldivmod.o) (__udivmoddi4)
D:/STM32Cube/STM32CubeCLT_1.16.0/GNU-tools-for-STM32/bin/../lib/gcc/arm-none-eabi/12.3.1/thumb/v7e-m/nofp\libgcc.a(_dvmd_tls.o)
                              D:/STM32Cube/STM32CubeCLT_1.16.0/GNU-tools-for-STM32/bin/../lib/gcc/arm-none-eabi/12.3.1/thumb/v7e-m/nofp\libgcc.a(_aeabi_uldivmod.o) (__aeabi_ldiv0)
D:/STM32Cube/STM32CubeCLT_1.16.0/GNU-tools-for-STM32/bin/../lib/gcc/arm-none-eabi/12.3.1/../../../../arm-none-eabi/lib/thumb/v7e-m/nofp\libg.a(libc_a-exit.o)
                              D:/STM32Cube/STM32CubeCLT_1.16.0/GNU-tools-for-STM32/bin/../lib/gcc/arm-none-eabi/12.3.1/../../../../arm-none-eabi/lib/thumb/v7e-m/nofp/crt0.o (exit)
D:/STM32Cube/STM32CubeCLT_1.16.0/GNU-tools-for-STM32/bin/../lib/gcc/arm-none-eabi/12.3.1/../../../../arm-none-eabi/lib/thumb/v7e-m/nofp\libg.a(libc_a-findfp.o)
                              D:/STM32Cube/STM32CubeCLT_1.16.0/GNU-tools-for-STM32/bin/../lib/gcc/arm-none-eabi/12.3.1/../../../../arm-none-eabi/lib/thumb/v7e-m/nofp\libg.a(libc_a-exit.o) (__stdio_exit_handler)
D:/STM32Cube/STM32CubeCLT_1.16.0/GNU-tools-for-STM32/bin/../lib/gcc/arm-none-eabi/12.3.1/../../../../arm-none-eabi/lib/thumb/v7e-m/nofp\libg.a(libc_a-fwalk.o)
                              D:/STM32Cube/STM32CubeCLT_1.16.0/GNU-tools-for-STM32/bin/../lib/gcc/arm-none-eabi/12.3.1/../../../../arm-none-eabi/lib/thumb/v7e-m/nofp\libg.a(libc_a-findfp.o) (_fwalk_sglue)
D:/STM32Cube/STM32CubeCLT_1.16.0/GNU-tools-for-STM32/bin/../lib/gcc/arm-none-eabi/12.3.1/../../../../arm-none-eabi/lib/thumb/v7e-m/nofp\libg.a(libc_a-stdio.o)
                              D:/STM32Cube/STM32CubeCLT_1.16.0/GNU-tools-for-STM32/bin/../lib/gcc/arm-none-eabi/12.3.1/../../../../arm-none-eabi/lib/thumb/v7e-m/nofp\libg.a(libc_a-findfp.o) (__sread)
D:/STM32Cube/STM32CubeCLT_1.16.0/GNU-tools-for-STM32/bin/../lib/gcc/arm-none-eabi/12.3.1/../../../../arm-none-eabi/lib/thumb/v7e-m/nofp\libg.a(libc_a-memset.o)
                              D:/STM32Cube/STM32CubeCLT_1.16.0/GNU-tools-for-STM32/bin/../lib/gcc/arm-none-eabi/12.3.1/../../../../arm-none-eabi/lib/thumb/v7e-m/nofp/crt0.o (memset)
D:/STM32Cube/STM32CubeCLT_1.16.0/GNU-tools-for-STM32/bin/../lib/gcc/arm-none-eabi/12.3.1/../../../../arm-none-eabi/lib/thumb/v7e-m/nofp\libg.a(libc_a-closer.o)
                              D:/STM32Cube/STM32CubeCLT_1.16.0/GNU-tools-for-STM32/bin/../lib/gcc/arm-none-eabi/12.3.1/../../../../arm-none-eabi/lib/thumb/v7e-m/nofp\libg.a(libc_a-stdio.o) (_close_r)
D:/STM32Cube/STM32CubeCLT_1.16.0/GNU-tools-for-STM32/bin/../lib/gcc/arm-none-eabi/12.3.1/../../../../arm-none-eabi/lib/thumb/v7e-m/nofp\libg.a(libc_a-reent.o)
                              D:/STM32Cube/STM32CubeCLT_1.16.0/GNU-tools-for-STM32/bin/../lib/gcc/arm-none-eabi/12.3.1/../../../../arm-none-eabi/lib/thumb/v7e-m/nofp\libg.a(libc_a-closer.o) (errno)
D:/STM32Cube/STM32CubeCLT_1.16.0/GNU-tools-for-STM32/bin/../lib/gcc/arm-none-eabi/12.3.1/../../../../arm-none-eabi/lib/thumb/v7e-m/nofp\libg.a(libc_a-impure.o)
                              D:/STM32Cube/STM32CubeCLT_1.16.0/GNU-tools-for-STM32/bin/../lib/gcc/arm-none-eabi/12.3.1/../../../../arm-none-eabi/lib/thumb/v7e-m/nofp\libg.a(libc_a-reent.o) (_impure_ptr)
D:/STM32Cube/STM32CubeCLT_1.16.0/GNU-tools-for-STM32/bin/../lib/gcc/arm-none-eabi/12.3.1/../../../../arm-none-eabi/lib/thumb/v7e-m/nofp\libg.a(libc_a-lseekr.o)
                              D:/STM32Cube/STM32CubeCLT_1.16.0/GNU-tools-for-STM32/bin/../lib/gcc/arm-none-eabi/12.3.1/../../../../arm-none-eabi/lib/thumb/v7e-m/nofp\libg.a(libc_a-stdio.o) (_lseek_r)
D:/STM32Cube/STM32CubeCLT_1.16.0/GNU-tools-for-STM32/bin/../lib/gcc/arm-none-eabi/12.3.1/../../../../arm-none-eabi/lib/thumb/v7e-m/nofp\libg.a(libc_a-readr.o)
                              D:/STM32Cube/STM32CubeCLT_1.16.0/GNU-tools-for-STM32/bin/../lib/gcc/arm-none-eabi/12.3.1/../../../../arm-none-eabi/lib/thumb/v7e-m/nofp\libg.a(libc_a-stdio.o) (_read_r)
D:/STM32Cube/STM32CubeCLT_1.16.0/GNU-tools-for-STM32/bin/../lib/gcc/arm-none-eabi/12.3.1/../../../../arm-none-eabi/lib/thumb/v7e-m/nofp\libg.a(libc_a-writer.o)
                              D:/STM32Cube/STM32CubeCLT_1.16.0/GNU-tools-for-STM32/bin/../lib/gcc/arm-none-eabi/12.3.1/../../../../arm-none-eabi/lib/thumb/v7e-m/nofp\libg.a(libc_a-stdio.o) (_write_r)
[...]
Memory Configuration

Name             Origin             Length             Attributes
CCMRAM           0x10000000         0x00010000         xrw
RAM              0x20000000         0x00030000         xrw
FLASH            0x08000000         0x00200000         xr
*default*        0x00000000         0xffffffff

Linker script and memory map

LOAD D:/STM32Cube/STM32CubeCLT_1.16.0/GNU-tools-for-STM32/bin/../lib/gcc/arm-none-eabi/12.3.1/thumb/v7e-m/nofp/crti.o
LOAD D:/STM32Cube/STM32CubeCLT_1.16.0/GNU-tools-for-STM32/bin/../lib/gcc/arm-none-eabi/12.3.1/thumb/v7e-m/nofp/crtbegin.o
LOAD D:/STM32Cube/STM32CubeCLT_1.16.0/GNU-tools-for-STM32/bin/../lib/gcc/arm-none-eabi/12.3.1/../../../../arm-none-eabi/lib/thumb/v7e-m/nofp/crt0.o
LOAD CMakeFiles/untitled2.elf.dir/Core/Src/callback.c.obj
LOAD CMakeFiles/untitled2.elf.dir/Core/Src/gpio.c.obj
LOAD CMakeFiles/untitled2.elf.dir/Core/Src/main.c.obj
LOAD CMakeFiles/untitled2.elf.dir/Core/Src/stm32f4xx_hal_msp.c.obj
LOAD CMakeFiles/untitled2.elf.dir/Core/Src/stm32f4xx_it.c.obj
LOAD CMakeFiles/untitled2.elf.dir/Core/Src/syscalls.c.obj
LOAD CMakeFiles/untitled2.elf.dir/Core/Src/sysmem.c.obj
LOAD CMakeFiles/untitled2.elf.dir/Core/Src/system_stm32f4xx.c.obj
LOAD CMakeFiles/untitled2.elf.dir/Core/Src/tim.c.obj
LOAD CMakeFiles/untitled2.elf.dir/Core/Src/usart.c.obj
LOAD CMakeFiles/untitled2.elf.dir/Core/Startup/startup_stm32f427iihx.s.obj
LOAD CMakeFiles/untitled2.elf.dir/Drivers/CMSIS/Device/ST/STM32F4xx/Source/Templates/system_stm32f4xx.c.obj
LOAD CMakeFiles/untitled2.elf.dir/Drivers/STM32F4xx_HAL_Driver/Src/stm32f4xx_hal.c.obj
LOAD CMakeFiles/untitled2.elf.dir/Drivers/STM32F4xx_HAL_Driver/Src/stm32f4xx_hal_cortex.c.obj
LOAD CMakeFiles/untitled2.elf.dir/Drivers/STM32F4xx_HAL_Driver/Src/stm32f4xx_hal_dma.c.obj
LOAD CMakeFiles/untitled2.elf.dir/Drivers/STM32F4xx_HAL_Driver/Src/stm32f4xx_hal_dma_ex.c.obj
LOAD CMakeFiles/untitled2.elf.dir/Drivers/STM32F4xx_HAL_Driver/Src/stm32f4xx_hal_exti.c.obj
LOAD CMakeFiles/untitled2.elf.dir/Drivers/STM32F4xx_HAL_Driver/Src/stm32f4xx_hal_flash.c.obj
LOAD CMakeFiles/untitled2.elf.dir/Drivers/STM32F4xx_HAL_Driver/Src/stm32f4xx_hal_flash_ex.c.obj
LOAD CMakeFiles/untitled2.elf.dir/Drivers/STM32F4xx_HAL_Driver/Src/stm32f4xx_hal_flash_ramfunc.c.obj
LOAD CMakeFiles/untitled2.elf.dir/Drivers/STM32F4xx_HAL_Driver/Src/stm32f4xx_hal_gpio.c.obj
LOAD CMakeFiles/untitled2.elf.dir/Drivers/STM32F4xx_HAL_Driver/Src/stm32f4xx_hal_pwr.c.obj
LOAD CMakeFiles/untitled2.elf.dir/Drivers/STM32F4xx_HAL_Driver/Src/stm32f4xx_hal_pwr_ex.c.obj
LOAD CMakeFiles/untitled2.elf.dir/Drivers/STM32F4xx_HAL_Driver/Src/stm32f4xx_hal_rcc.c.obj
LOAD CMakeFiles/untitled2.elf.dir/Drivers/STM32F4xx_HAL_Driver/Src/stm32f4xx_hal_rcc_ex.c.obj
LOAD CMakeFiles/untitled2.elf.dir/Drivers/STM32F4xx_HAL_Driver/Src/stm32f4xx_hal_tim.c.obj
LOAD CMakeFiles/untitled2.elf.dir/Drivers/STM32F4xx_HAL_Driver/Src/stm32f4xx_hal_tim_ex.c.obj
LOAD CMakeFiles/untitled2.elf.dir/Drivers/STM32F4xx_HAL_Driver/Src/stm32f4xx_hal_uart.c.obj
START GROUP
LOAD D:/STM32Cube/STM32CubeCLT_1.16.0/GNU-tools-for-STM32/bin/../lib/gcc/arm-none-eabi/12.3.1/thumb/v7e-m/nofp\libgcc.a
LOAD D:/STM32Cube/STM32CubeCLT_1.16.0/GNU-tools-for-STM32/bin/../lib/gcc/arm-none-eabi/12.3.1/../../../../arm-none-eabi/lib/thumb/v7e-m/nofp\libg.a
LOAD D:/STM32Cube/STM32CubeCLT_1.16.0/GNU-tools-for-STM32/bin/../lib/gcc/arm-none-eabi/12.3.1/../../../../arm-none-eabi/lib/thumb/v7e-m/nofp\libc.a
END GROUP
LOAD D:/STM32Cube/STM32CubeCLT_1.16.0/GNU-tools-for-STM32/bin/../lib/gcc/arm-none-eabi/12.3.1/thumb/v7e-m/nofp/crtend.o
LOAD D:/STM32Cube/STM32CubeCLT_1.16.0/GNU-tools-for-STM32/bin/../lib/gcc/arm-none-eabi/12.3.1/thumb/v7e-m/nofp/crtn.o
                0x20030000                        _estack = (ORIGIN (RAM) + LENGTH (RAM))
                0x00000200                        _Min_Heap_Size = 0x200
                0x00000400                        _Min_Stack_Size = 0x400

.isr_vector     0x08000000      0x1ac
                0x08000000                        . = ALIGN (0x4)
 *(.isr_vector)
 .isr_vector    0x08000000      0x1ac CMakeFiles/untitled2.elf.dir/Core/Startup/startup_stm32f427iihx.s.obj
                0x08000000                g_pfnVectors
                0x080001ac                        . = ALIGN (0x4)

.text           0x080001ac     0x1d58
                0x080001ac                        . = ALIGN (0x4)
 *(.text)
 .text          0x080001ac       0x40 D:/STM32Cube/STM32CubeCLT_1.16.0/GNU-tools-for-STM32/bin/../lib/gcc/arm-none-eabi/12.3.1/thumb/v7e-m/nofp/crtbegin.o
 .text          0x080001ec       0x30 D:/STM32Cube/STM32CubeCLT_1.16.0/GNU-tools-for-STM32/bin/../lib/gcc/arm-none-eabi/12.3.1/thumb/v7e-m/nofp\libgcc.a(_aeabi_uldivmod.o)
                0x080001ec                __aeabi_uldivmod
 .text          0x0800021c      0x2bc D:/STM32Cube/STM32CubeCLT_1.16.0/GNU-tools-for-STM32/bin/../lib/gcc/arm-none-eabi/12.3.1/thumb/v7e-m/nofp\libgcc.a(_udivmoddi4.o)
                0x0800021c                __udivmoddi4
 .text          0x080004d8        0x4 D:/STM32Cube/STM32CubeCLT_1.16.0/GNU-tools-for-STM32/bin/../lib/gcc/arm-none-eabi/12.3.1/thumb/v7e-m/nofp\libgcc.a(_dvmd_tls.o)
                0x080004d8                __aeabi_idiv0
                0x080004d8                __aeabi_ldiv0
 *(.text*)
 .text.HAL_TIM_PeriodElapsedCallback
                0x080004dc       0x24 CMakeFiles/untitled2.elf.dir/Core/Src/callback.c.obj
                0x080004dc                HAL_TIM_PeriodElapsedCallback
 .text.MX_GPIO_Init
                0x08000500       0xa8 CMakeFiles/untitled2.elf.dir/Core/Src/gpio.c.obj
                0x08000500                MX_GPIO_Init
 .text.Error_Handler
                0x080005a8        0x4 CMakeFiles/untitled2.elf.dir/Core/Src/main.c.obj
                0x080005a8                Error_Handler
 .text.SystemClock_Config
                0x080005ac       0xb4 CMakeFiles/untitled2.elf.dir/Core/Src/main.c.obj
                0x080005ac                SystemClock_Config
 .text.main     0x08000660       0x48 CMakeFiles/untitled2.elf.dir/Core/Src/main.c.obj
                0x08000660                main
 .text.HAL_MspInit
                0x080006a8       0x38 CMakeFiles/untitled2.elf.dir/Core/Src/stm32f4xx_hal_msp.c.obj
                0x080006a8                HAL_MspInit
 .text.NMI_Handler
                0x080006e0        0x2 CMakeFiles/untitled2.elf.dir/Core/Src/stm32f4xx_it.c.obj
                0x080006e0                NMI_Handler
 .text.HardFault_Handler
                0x080006e2        0x2 CMakeFiles/untitled2.elf.dir/Core/Src/stm32f4xx_it.c.obj
                0x080006e2                HardFault_Handler
 .text.MemManage_Handler
                0x080006e4        0x2 CMakeFiles/untitled2.elf.dir/Core/Src/stm32f4xx_it.c.obj
                0x080006e4                MemManage_Handler
 .text.BusFault_Handler
                0x080006e6        0x2 CMakeFiles/untitled2.elf.dir/Core/Src/stm32f4xx_it.c.obj
                0x080006e6                BusFault_Handler
 .text.UsageFault_Handler
                0x080006e8        0x2 CMakeFiles/untitled2.elf.dir/Core/Src/stm32f4xx_it.c.obj
                0x080006e8                UsageFault_Handler
 .text.SVC_Handler
                0x080006ea        0x2 CMakeFiles/untitled2.elf.dir/Core/Src/stm32f4xx_it.c.obj
                0x080006ea                SVC_Handler
 .text.DebugMon_Handler
                0x080006ec        0x2 CMakeFiles/untitled2.elf.dir/Core/Src/stm32f4xx_it.c.obj
                0x080006ec                DebugMon_Handler
 .text.PendSV_Handler
                0x080006ee        0x2 CMakeFiles/untitled2.elf.dir/Core/Src/stm32f4xx_it.c.obj
                0x080006ee                PendSV_Handler
 .text.SysTick_Handler
                0x080006f0        0x8 CMakeFiles/untitled2.elf.dir/Core/Src/stm32f4xx_it.c.obj
                0x080006f0                SysTick_Handler
 .text.TIM1_UP_TIM10_IRQHandler
                0x080006f8       0x10 CMakeFiles/untitled2.elf.dir/Core/Src/stm32f4xx_it.c.obj
                0x080006f8                TIM1_UP_TIM10_IRQHandler
 .text.TIM6_DAC_IRQHandler
                0x08000708       0x10 CMakeFiles/untitled2.elf.dir/Core/Src/stm32f4xx_it.c.obj
                0x08000708                TIM6_DAC_IRQHandler
 .text.SystemInit
                0x08000718        0x2 CMakeFiles/untitled2.elf.dir/Core/Src/system_stm32f4xx.c.obj
                0x08000718                SystemInit
 *fill*         0x0800071a        0x2 
 .text.MX_TIM6_Init
                0x0800071c       0x50 CMakeFiles/untitled2.elf.dir/Core/Src/tim.c.obj
                0x0800071c                MX_TIM6_Init
 .text.HAL_TIM_Base_MspInit
                0x0800076c       0x74 CMakeFiles/untitled2.elf.dir/Core/Src/tim.c.obj
                0x0800076c                HAL_TIM_Base_MspInit
 .text.HAL_TIM_MspPostInit
                0x080007e0       0x5c CMakeFiles/untitled2.elf.dir/Core/Src/tim.c.obj
                0x080007e0                HAL_TIM_MspPostInit
 .text.MX_TIM1_Init
                0x0800083c       0xf0 CMakeFiles/untitled2.elf.dir/Core/Src/tim.c.obj
                0x0800083c                MX_TIM1_Init
 .text.MX_USART6_UART_Init
                0x0800092c       0x34 CMakeFiles/untitled2.elf.dir/Core/Src/usart.c.obj
                0x0800092c                MX_USART6_UART_Init
 .text.HAL_UART_MspInit
                0x08000960       0x70 CMakeFiles/untitled2.elf.dir/Core/Src/usart.c.obj
                0x08000960                HAL_UART_MspInit
 .text.Reset_Handler
                0x080009d0       0x50 CMakeFiles/untitled2.elf.dir/Core/Startup/startup_stm32f427iihx.s.obj
                0x080009d0                Reset_Handler
 .text.Default_Handler
                0x08000a20        0x2 CMakeFiles/untitled2.elf.dir/Core/Startup/startup_stm32f427iihx.s.obj
                0x08000a20                RTC_Alarm_IRQHandler
                0x08000a20                HASH_RNG_IRQHandler
                0x08000a20                EXTI2_IRQHandler
                0x08000a20                TIM8_CC_IRQHandler
                0x08000a20                UART8_IRQHandler
                0x08000a20                SPI4_IRQHandler
                0x08000a20                TIM1_CC_IRQHandler
                0x08000a20                DMA2_Stream5_IRQHandler
                0x08000a20                DMA1_Stream5_IRQHandler
                0x08000a20                PVD_IRQHandler
                0x08000a20                SDIO_IRQHandler
                0x08000a20                TAMP_STAMP_IRQHandler
                0x08000a20                CAN2_RX1_IRQHandler
                0x08000a20                EXTI3_IRQHandler
                0x08000a20                TIM8_TRG_COM_TIM14_IRQHandler
                0x08000a20                TIM8_UP_TIM13_IRQHandler
                0x08000a20                I2C3_ER_IRQHandler
                0x08000a20                EXTI0_IRQHandler
                0x08000a20                I2C2_EV_IRQHandler
                0x08000a20                DMA1_Stream2_IRQHandler
                0x08000a20                CAN1_RX0_IRQHandler
                0x08000a20                FPU_IRQHandler
                0x08000a20                OTG_HS_WKUP_IRQHandler
                0x08000a20                CAN2_SCE_IRQHandler
                0x08000a20                DMA2_Stream2_IRQHandler
                0x08000a20                SPI1_IRQHandler
                0x08000a20                TIM1_BRK_TIM9_IRQHandler
                0x08000a20                DCMI_IRQHandler
                0x08000a20                CAN2_RX0_IRQHandler
                0x08000a20                DMA2_Stream3_IRQHandler
                0x08000a20                USART6_IRQHandler
                0x08000a20                USART3_IRQHandler
                0x08000a20                CAN1_RX1_IRQHandler
                0x08000a20                UART5_IRQHandler
                0x08000a20                DMA2_Stream0_IRQHandler
                0x08000a20                TIM4_IRQHandler
                0x08000a20                I2C1_EV_IRQHandler
                0x08000a20                DMA1_Stream6_IRQHandler
                0x08000a20                DMA1_Stream1_IRQHandler
                0x08000a20                UART4_IRQHandler
                0x08000a20                TIM3_IRQHandler
                0x08000a20                RCC_IRQHandler
                0x08000a20                TIM8_BRK_TIM12_IRQHandler
                0x08000a20                Default_Handler
                0x08000a20                EXTI15_10_IRQHandler
                0x08000a20                ADC_IRQHandler
                0x08000a20                DMA1_Stream7_IRQHandler
                0x08000a20                SPI5_IRQHandler
                0x08000a20                TIM7_IRQHandler
                0x08000a20                CAN2_TX_IRQHandler
                0x08000a20                TIM5_IRQHandler
                0x08000a20                DMA2_Stream7_IRQHandler
                0x08000a20                I2C3_EV_IRQHandler
                0x08000a20                EXTI9_5_IRQHandler
                0x08000a20                RTC_WKUP_IRQHandler
                0x08000a20                ETH_WKUP_IRQHandler
                0x08000a20                SPI2_IRQHandler
                0x08000a20                OTG_HS_EP1_IN_IRQHandler
                0x08000a20                DMA1_Stream0_IRQHandler
                0x08000a20                CAN1_TX_IRQHandler
                0x08000a20                EXTI4_IRQHandler
                0x08000a20                ETH_IRQHandler
                0x08000a20                OTG_HS_EP1_OUT_IRQHandler
                0x08000a20                WWDG_IRQHandler
                0x08000a20                SPI6_IRQHandler
                0x08000a20                TIM2_IRQHandler
                0x08000a20                OTG_FS_WKUP_IRQHandler
                0x08000a20                TIM1_TRG_COM_TIM11_IRQHandler
                0x08000a20                OTG_HS_IRQHandler
                0x08000a20                DMA2D_IRQHandler
                0x08000a20                EXTI1_IRQHandler
                0x08000a20                UART7_IRQHandler
                0x08000a20                USART2_IRQHandler
                0x08000a20                I2C2_ER_IRQHandler
                0x08000a20                DMA2_Stream1_IRQHandler
                0x08000a20                CAN1_SCE_IRQHandler
                0x08000a20                FLASH_IRQHandler
                0x08000a20                DMA2_Stream4_IRQHandler
                0x08000a20                USART1_IRQHandler
                0x08000a20                OTG_FS_IRQHandler
                0x08000a20                SPI3_IRQHandler
                0x08000a20                DMA1_Stream4_IRQHandler
                0x08000a20                I2C1_ER_IRQHandler
                0x08000a20                FMC_IRQHandler
                0x08000a20                DMA2_Stream6_IRQHandler
                0x08000a20                SAI1_IRQHandler
                0x08000a20                DMA1_Stream3_IRQHandler
 *fill*         0x08000a22        0x2 
 .text.HAL_InitTick
                0x08000a24       0x4c CMakeFiles/untitled2.elf.dir/Drivers/STM32F4xx_HAL_Driver/Src/stm32f4xx_hal.c.obj
                0x08000a24                HAL_InitTick
 .text.HAL_Init
                0x08000a70       0x34 CMakeFiles/untitled2.elf.dir/Drivers/STM32F4xx_HAL_Driver/Src/stm32f4xx_hal.c.obj
                0x08000a70                HAL_Init
 .text.HAL_IncTick
                0x08000aa4       0x18 CMakeFiles/untitled2.elf.dir/Drivers/STM32F4xx_HAL_Driver/Src/stm32f4xx_hal.c.obj
                0x08000aa4                HAL_IncTick
 .text.HAL_GetTick
                0x08000abc        0xc CMakeFiles/untitled2.elf.dir/Drivers/STM32F4xx_HAL_Driver/Src/stm32f4xx_hal.c.obj
                0x08000abc                HAL_GetTick
 .text.HAL_Delay
                0x08000ac8       0x28 CMakeFiles/untitled2.elf.dir/Drivers/STM32F4xx_HAL_Driver/Src/stm32f4xx_hal.c.obj
                0x08000ac8                HAL_Delay
 .text.__NVIC_EnableIRQ
                0x08000af0       0x1c CMakeFiles/untitled2.elf.dir/Drivers/STM32F4xx_HAL_Driver/Src/stm32f4xx_hal_cortex.c.obj
 .text.__NVIC_SetPriority
                0x08000b0c       0x28 CMakeFiles/untitled2.elf.dir/Drivers/STM32F4xx_HAL_Driver/Src/stm32f4xx_hal_cortex.c.obj
 .text.NVIC_EncodePriority
                0x08000b34       0x3e CMakeFiles/untitled2.elf.dir/Drivers/STM32F4xx_HAL_Driver/Src/stm32f4xx_hal_cortex.c.obj
 *fill*         0x08000b72        0x2 
 .text.HAL_NVIC_SetPriorityGrouping
                0x08000b74       0x24 CMakeFiles/untitled2.elf.dir/Drivers/STM32F4xx_HAL_Driver/Src/stm32f4xx_hal_cortex.c.obj
                0x08000b74                HAL_NVIC_SetPriorityGrouping
 .text.HAL_NVIC_SetPriority
                0x08000b98       0x20 CMakeFiles/untitled2.elf.dir/Drivers/STM32F4xx_HAL_Driver/Src/stm32f4xx_hal_cortex.c.obj
                0x08000b98                HAL_NVIC_SetPriority
 .text.HAL_NVIC_EnableIRQ
                0x08000bb8        0x8 CMakeFiles/untitled2.elf.dir/Drivers/STM32F4xx_HAL_Driver/Src/stm32f4xx_hal_cortex.c.obj
                0x08000bb8                HAL_NVIC_EnableIRQ
 .text.HAL_SYSTICK_Config
                0x08000bc0       0x28 CMakeFiles/untitled2.elf.dir/Drivers/STM32F4xx_HAL_Driver/Src/stm32f4xx_hal_cortex.c.obj
                0x08000bc0                HAL_SYSTICK_Config
 .text.HAL_GPIO_Init
                0x08000be8      0x20c CMakeFiles/untitled2.elf.dir/Drivers/STM32F4xx_HAL_Driver/Src/stm32f4xx_hal_gpio.c.obj
                0x08000be8                HAL_GPIO_Init
 .text.HAL_GPIO_WritePin
                0x08000df4        0xc CMakeFiles/untitled2.elf.dir/Drivers/STM32F4xx_HAL_Driver/Src/stm32f4xx_hal_gpio.c.obj
                0x08000df4                HAL_GPIO_WritePin
 .text.HAL_GPIO_TogglePin
                0x08000e00       0x12 CMakeFiles/untitled2.elf.dir/Drivers/STM32F4xx_HAL_Driver/Src/stm32f4xx_hal_gpio.c.obj
                0x08000e00                HAL_GPIO_TogglePin
 *fill*         0x08000e12        0x2 
 .text.HAL_PWREx_EnableOverDrive
                0x08000e14       0x7c CMakeFiles/untitled2.elf.dir/Drivers/STM32F4xx_HAL_Driver/Src/stm32f4xx_hal_pwr_ex.c.obj
                0x08000e14                HAL_PWREx_EnableOverDrive
 .text.HAL_RCC_OscConfig
                0x08000e90      0x3f8 CMakeFiles/untitled2.elf.dir/Drivers/STM32F4xx_HAL_Driver/Src/stm32f4xx_hal_rcc.c.obj
                0x08000e90                HAL_RCC_OscConfig
 .text.HAL_RCC_GetSysClockFreq
                0x08001288       0xa8 CMakeFiles/untitled2.elf.dir/Drivers/STM32F4xx_HAL_Driver/Src/stm32f4xx_hal_rcc.c.obj
                0x08001288                HAL_RCC_GetSysClockFreq
 .text.HAL_RCC_ClockConfig
                0x08001330      0x160 CMakeFiles/untitled2.elf.dir/Drivers/STM32F4xx_HAL_Driver/Src/stm32f4xx_hal_rcc.c.obj
                0x08001330                HAL_RCC_ClockConfig
 .text.HAL_RCC_GetHCLKFreq
                0x08001490        0xc CMakeFiles/untitled2.elf.dir/Drivers/STM32F4xx_HAL_Driver/Src/stm32f4xx_hal_rcc.c.obj
                0x08001490                HAL_RCC_GetHCLKFreq
 .text.HAL_RCC_GetPCLK1Freq
                0x0800149c       0x20 CMakeFiles/untitled2.elf.dir/Drivers/STM32F4xx_HAL_Driver/Src/stm32f4xx_hal_rcc.c.obj
                0x0800149c                HAL_RCC_GetPCLK1Freq
 .text.HAL_RCC_GetPCLK2Freq
                0x080014bc       0x20 CMakeFiles/untitled2.elf.dir/Drivers/STM32F4xx_HAL_Driver/Src/stm32f4xx_hal_rcc.c.obj
                0x080014bc                HAL_RCC_GetPCLK2Freq
 .text.TIM_OC1_SetConfig
                0x080014dc       0x70 CMakeFiles/untitled2.elf.dir/Drivers/STM32F4xx_HAL_Driver/Src/stm32f4xx_hal_tim.c.obj
 .text.TIM_OC3_SetConfig
                0x0800154c       0x70 CMakeFiles/untitled2.elf.dir/Drivers/STM32F4xx_HAL_Driver/Src/stm32f4xx_hal_tim.c.obj
 .text.TIM_OC4_SetConfig
                0x080015bc       0x50 CMakeFiles/untitled2.elf.dir/Drivers/STM32F4xx_HAL_Driver/Src/stm32f4xx_hal_tim.c.obj
 .text.TIM_TI1_ConfigInputStage
                0x0800160c       0x24 CMakeFiles/untitled2.elf.dir/Drivers/STM32F4xx_HAL_Driver/Src/stm32f4xx_hal_tim.c.obj
 .text.TIM_TI2_ConfigInputStage
                0x08001630       0x26 CMakeFiles/untitled2.elf.dir/Drivers/STM32F4xx_HAL_Driver/Src/stm32f4xx_hal_tim.c.obj
 .text.TIM_ITRx_SetConfig
                0x08001656       0x10 CMakeFiles/untitled2.elf.dir/Drivers/STM32F4xx_HAL_Driver/Src/stm32f4xx_hal_tim.c.obj
 .text.HAL_TIM_OC_MspInit
                0x08001666        0x2 CMakeFiles/untitled2.elf.dir/Drivers/STM32F4xx_HAL_Driver/Src/stm32f4xx_hal_tim.c.obj
                0x08001666                HAL_TIM_OC_MspInit
 .text.HAL_TIM_OC_DelayElapsedCallback
                0x08001668        0x2 CMakeFiles/untitled2.elf.dir/Drivers/STM32F4xx_HAL_Driver/Src/stm32f4xx_hal_tim.c.obj
                0x08001668                HAL_TIM_OC_DelayElapsedCallback
 .text.HAL_TIM_IC_CaptureCallback
                0x0800166a        0x2 CMakeFiles/untitled2.elf.dir/Drivers/STM32F4xx_HAL_Driver/Src/stm32f4xx_hal_tim.c.obj
                0x0800166a                HAL_TIM_IC_CaptureCallback
 .text.HAL_TIM_PWM_PulseFinishedCallback
                0x0800166c        0x2 CMakeFiles/untitled2.elf.dir/Drivers/STM32F4xx_HAL_Driver/Src/stm32f4xx_hal_tim.c.obj
                0x0800166c                HAL_TIM_PWM_PulseFinishedCallback
 .text.HAL_TIM_TriggerCallback
                0x0800166e        0x2 CMakeFiles/untitled2.elf.dir/Drivers/STM32F4xx_HAL_Driver/Src/stm32f4xx_hal_tim.c.obj
                0x0800166e                HAL_TIM_TriggerCallback
 .text.HAL_TIM_IRQHandler
                0x08001670      0x15e CMakeFiles/untitled2.elf.dir/Drivers/STM32F4xx_HAL_Driver/Src/stm32f4xx_hal_tim.c.obj
                0x08001670                HAL_TIM_IRQHandler
 *fill*         0x080017ce        0x2 
 .text.TIM_Base_SetConfig
                0x080017d0       0xd8 CMakeFiles/untitled2.elf.dir/Drivers/STM32F4xx_HAL_Driver/Src/stm32f4xx_hal_tim.c.obj
                0x080017d0                TIM_Base_SetConfig
 .text.HAL_TIM_Base_Init
                0x080018a8       0x58 CMakeFiles/untitled2.elf.dir/Drivers/STM32F4xx_HAL_Driver/Src/stm32f4xx_hal_tim.c.obj
                0x080018a8                HAL_TIM_Base_Init
 .text.HAL_TIM_OC_Init
                0x08001900       0x58 CMakeFiles/untitled2.elf.dir/Drivers/STM32F4xx_HAL_Driver/Src/stm32f4xx_hal_tim.c.obj
                0x08001900                HAL_TIM_OC_Init
 .text.TIM_OC2_SetConfig
                0x08001958       0x70 CMakeFiles/untitled2.elf.dir/Drivers/STM32F4xx_HAL_Driver/Src/stm32f4xx_hal_tim.c.obj
                0x08001958                TIM_OC2_SetConfig
 .text.HAL_TIM_OC_ConfigChannel
                0x080019c8       0x5e CMakeFiles/untitled2.elf.dir/Drivers/STM32F4xx_HAL_Driver/Src/stm32f4xx_hal_tim.c.obj
                0x080019c8                HAL_TIM_OC_ConfigChannel
 .text.TIM_ETR_SetConfig
                0x08001a26       0x18 CMakeFiles/untitled2.elf.dir/Drivers/STM32F4xx_HAL_Driver/Src/stm32f4xx_hal_tim.c.obj
                0x08001a26                TIM_ETR_SetConfig
 .text.HAL_TIM_ConfigClockSource
                0x08001a3e       0xfe CMakeFiles/untitled2.elf.dir/Drivers/STM32F4xx_HAL_Driver/Src/stm32f4xx_hal_tim.c.obj
                0x08001a3e                HAL_TIM_ConfigClockSource
 .text.HAL_TIMEx_MasterConfigSynchronization
                0x08001b3c       0x8c CMakeFiles/untitled2.elf.dir/Drivers/STM32F4xx_HAL_Driver/Src/stm32f4xx_hal_tim_ex.c.obj
                0x08001b3c                HAL_TIMEx_MasterConfigSynchronization
 .text.HAL_TIMEx_ConfigBreakDeadTime
                0x08001bc8       0x52 CMakeFiles/untitled2.elf.dir/Drivers/STM32F4xx_HAL_Driver/Src/stm32f4xx_hal_tim_ex.c.obj
                0x08001bc8                HAL_TIMEx_ConfigBreakDeadTime
 .text.HAL_TIMEx_CommutCallback
                0x08001c1a        0x2 CMakeFiles/untitled2.elf.dir/Drivers/STM32F4xx_HAL_Driver/Src/stm32f4xx_hal_tim_ex.c.obj
                0x08001c1a                HAL_TIMEx_CommutCallback
 .text.HAL_TIMEx_BreakCallback
                0x08001c1c        0x2 CMakeFiles/untitled2.elf.dir/Drivers/STM32F4xx_HAL_Driver/Src/stm32f4xx_hal_tim_ex.c.obj
                0x08001c1c                HAL_TIMEx_BreakCallback
 *fill*         0x08001c1e        0x2 
 .text.UART_SetConfig
                0x08001c20      0x110 CMakeFiles/untitled2.elf.dir/Drivers/STM32F4xx_HAL_Driver/Src/stm32f4xx_hal_uart.c.obj
 .text.HAL_UART_Init
                0x08001d30       0x60 CMakeFiles/untitled2.elf.dir/Drivers/STM32F4xx_HAL_Driver/Src/stm32f4xx_hal_uart.c.obj
                0x08001d30                HAL_UART_Init
 .text.HAL_UART_Transmit_IT
                0x08001d90       0x38 CMakeFiles/untitled2.elf.dir/Drivers/STM32F4xx_HAL_Driver/Src/stm32f4xx_hal_uart.c.obj
                0x08001d90                HAL_UART_Transmit_IT
 .text.memset   0x08001dc8       0x10 D:/STM32Cube/STM32CubeCLT_1.16.0/GNU-tools-for-STM32/bin/../lib/gcc/arm-none-eabi/12.3.1/../../../../arm-none-eabi/lib/thumb/v7e-m/nofp\libg.a(libc_a-memset.o)
                0x08001dc8                memset
 .text.__libc_init_array
                0x08001dd8       0x48 D:/STM32Cube/STM32CubeCLT_1.16.0/GNU-tools-for-STM32/bin/../lib/gcc/arm-none-eabi/12.3.1/../../../../arm-none-eabi/lib/thumb/v7e-m/nofp\libg.a(libc_a-init.o)
                0x08001dd8                __libc_init_array
 .text.__retarget_lock_acquire_recursive
                0x08001e20        0x2 D:/STM32Cube/STM32CubeCLT_1.16.0/GNU-tools-for-STM32/bin/../lib/gcc/arm-none-eabi/12.3.1/../../../../arm-none-eabi/lib/thumb/v7e-m/nofp\libg.a(libc_a-lock.o)
                0x08001e20                __retarget_lock_acquire_recursive
 .text.__retarget_lock_release_recursive
                0x08001e22        0x2 D:/STM32Cube/STM32CubeCLT_1.16.0/GNU-tools-for-STM32/bin/../lib/gcc/arm-none-eabi/12.3.1/../../../../arm-none-eabi/lib/thumb/v7e-m/nofp\libg.a(libc_a-lock.o)
                0x08001e22                __retarget_lock_release_recursive
 .text.startup.register_fini
                0x08001e24       0x14 D:/STM32Cube/STM32CubeCLT_1.16.0/GNU-tools-for-STM32/bin/../lib/gcc/arm-none-eabi/12.3.1/../../../../arm-none-eabi/lib/thumb/v7e-m/nofp\libg.a(libc_a-__call_atexit.o)
 .text.atexit   0x08001e38        0xc D:/STM32Cube/STM32CubeCLT_1.16.0/GNU-tools-for-STM32/bin/../lib/gcc/arm-none-eabi/12.3.1/../../../../arm-none-eabi/lib/thumb/v7e-m/nofp\libg.a(libc_a-atexit.o)
                0x08001e38                atexit
 .text.__libc_fini_array
                0x08001e44       0x28 D:/STM32Cube/STM32CubeCLT_1.16.0/GNU-tools-for-STM32/bin/../lib/gcc/arm-none-eabi/12.3.1/../../../../arm-none-eabi/lib/thumb/v7e-m/nofp\libg.a(libc_a-fini.o)
                0x08001e44                __libc_fini_array
 .text.__register_exitproc
                0x08001e6c       0x80 D:/STM32Cube/STM32CubeCLT_1.16.0/GNU-tools-for-STM32/bin/../lib/gcc/arm-none-eabi/12.3.1/../../../../arm-none-eabi/lib/thumb/v7e-m/nofp\libg.a(libc_a-__atexit.o)
                0x08001e6c                __register_exitproc
 *(.glue_7)
 .glue_7        0x08001eec        0x0 linker stubs
 *(.glue_7t)
 .glue_7t       0x08001eec        0x0 linker stubs
 *(.eh_frame)
 .eh_frame      0x08001eec        0x0 D:/STM32Cube/STM32CubeCLT_1.16.0/GNU-tools-for-STM32/bin/../lib/gcc/arm-none-eabi/12.3.1/thumb/v7e-m/nofp/crtbegin.o
 *(.init)
 .init          0x08001eec        0x4 D:/STM32Cube/STM32CubeCLT_1.16.0/GNU-tools-for-STM32/bin/../lib/gcc/arm-none-eabi/12.3.1/thumb/v7e-m/nofp/crti.o
                0x08001eec                _init
 .init          0x08001ef0        0x8 D:/STM32Cube/STM32CubeCLT_1.16.0/GNU-tools-for-STM32/bin/../lib/gcc/arm-none-eabi/12.3.1/thumb/v7e-m/nofp/crtn.o
 *(.fini)
 .fini          0x08001ef8        0x4 D:/STM32Cube/STM32CubeCLT_1.16.0/GNU-tools-for-STM32/bin/../lib/gcc/arm-none-eabi/12.3.1/thumb/v7e-m/nofp/crti.o
                0x08001ef8                _fini
 .fini          0x08001efc        0x8 D:/STM32Cube/STM32CubeCLT_1.16.0/GNU-tools-for-STM32/bin/../lib/gcc/arm-none-eabi/12.3.1/thumb/v7e-m/nofp/crtn.o
                0x08001f04                        . = ALIGN (0x4)
                0x08001f04                        _etext = .

.vfp11_veneer   0x08001f04        0x0
 .vfp11_veneer  0x08001f04        0x0 linker stubs

.v4_bx          0x08001f04        0x0
 .v4_bx         0x08001f04        0x0 linker stubs

.iplt           0x08001f04        0x0
 .iplt          0x08001f04        0x0 D:/STM32Cube/STM32CubeCLT_1.16.0/GNU-tools-for-STM32/bin/../lib/gcc/arm-none-eabi/12.3.1/thumb/v7e-m/nofp/crtbegin.o

.rodata         0x08001f04       0x24
                0x08001f04                        . = ALIGN (0x4)
 *(.rodata)
 *(.rodata*)
 .rodata.main.str1.4
                0x08001f04        0xb CMakeFiles/untitled2.elf.dir/Core/Src/main.c.obj
 *fill*         0x08001f0f        0x1 
 .rodata.APBPrescTable
                0x08001f10        0x8 CMakeFiles/untitled2.elf.dir/Core/Src/system_stm32f4xx.c.obj
                0x08001f10                APBPrescTable
 .rodata.AHBPrescTable
                0x08001f18       0x10 CMakeFiles/untitled2.elf.dir/Core/Src/system_stm32f4xx.c.obj
                0x08001f18                AHBPrescTable
                0x08001f28                        . = ALIGN (0x4)

.ARM.extab      0x08001f28        0x0
                0x08001f28                        . = ALIGN (0x4)
 *(.ARM.extab* .gnu.linkonce.armextab.*)
                0x08001f28                        . = ALIGN (0x4)

.ARM            0x08001f28        0x8
                0x08001f28                        . = ALIGN (0x4)
                0x08001f28                        __exidx_start = .
 *(.ARM.exidx*)
 .ARM.exidx     0x08001f28        0x8 D:/STM32Cube/STM32CubeCLT_1.16.0/GNU-tools-for-STM32/bin/../lib/gcc/arm-none-eabi/12.3.1/thumb/v7e-m/nofp\libgcc.a(_udivmoddi4.o)
                0x08001f30                        __exidx_end = .
                0x08001f30                        . = ALIGN (0x4)

.preinit_array  0x08001f30        0x0
                0x08001f30                        . = ALIGN (0x4)
                0x08001f30                        PROVIDE (__preinit_array_start = .)
 *(.preinit_array*)
                0x08001f30                        PROVIDE (__preinit_array_end = .)
                0x08001f30                        . = ALIGN (0x4)

.init_array     0x08001f30        0x8
                0x08001f30                        . = ALIGN (0x4)
                0x08001f30                        PROVIDE (__init_array_start = .)
 *(SORT_BY_NAME(.init_array.*))
 .init_array.00000
                0x08001f30        0x4 D:/STM32Cube/STM32CubeCLT_1.16.0/GNU-tools-for-STM32/bin/../lib/gcc/arm-none-eabi/12.3.1/../../../../arm-none-eabi/lib/thumb/v7e-m/nofp\libg.a(libc_a-__call_atexit.o)
 *(.init_array*)
 .init_array    0x08001f34        0x4 D:/STM32Cube/STM32CubeCLT_1.16.0/GNU-tools-for-STM32/bin/../lib/gcc/arm-none-eabi/12.3.1/thumb/v7e-m/nofp/crtbegin.o
                0x08001f38                        PROVIDE (__init_array_end = .)
                0x08001f38                        . = ALIGN (0x4)

.fini_array     0x08001f38        0x4
                0x08001f38                        . = ALIGN (0x4)
                0x08001f38                        PROVIDE (__fini_array_start = .)
 *(SORT_BY_NAME(.fini_array.*))
 *(.fini_array*)
 .fini_array    0x08001f38        0x4 D:/STM32Cube/STM32CubeCLT_1.16.0/GNU-tools-for-STM32/bin/../lib/gcc/arm-none-eabi/12.3.1/thumb/v7e-m/nofp/crtbegin.o
                0x08001f3c                        PROVIDE (__fini_array_end = .)
                0x08001f3c                        . = ALIGN (0x4)
                0x08001f3c                        _sidata = LOADADDR (.data)

.rel.dyn        0x08001f3c        0x0
 .rel.iplt      0x08001f3c        0x0 D:/STM32Cube/STM32CubeCLT_1.16.0/GNU-tools-for-STM32/bin/../lib/gcc/arm-none-eabi/12.3.1/thumb/v7e-m/nofp/crtbegin.o

.data           0x20000000       0x10 load address 0x08001f3c
                0x20000000                        . = ALIGN (0x4)
                0x20000000                        _sdata = .
 *(.data)
 *(.data*)
 .data.SystemCoreClock
                0x20000000        0x4 CMakeFiles/untitled2.elf.dir/Core/Src/system_stm32f4xx.c.obj
                0x20000000                SystemCoreClock
 .data.uwTickFreq
                0x20000004        0x1 CMakeFiles/untitled2.elf.dir/Drivers/STM32F4xx_HAL_Driver/Src/stm32f4xx_hal.c.obj
                0x20000004                uwTickFreq
 *fill*         0x20000005        0x3 
 .data.uwTickPrio
                0x20000008        0x4 CMakeFiles/untitled2.elf.dir/Drivers/STM32F4xx_HAL_Driver/Src/stm32f4xx_hal.c.obj
                0x20000008                uwTickPrio
 .data.__atexit_recursive_mutex
                0x2000000c        0x4 D:/STM32Cube/STM32CubeCLT_1.16.0/GNU-tools-for-STM32/bin/../lib/gcc/arm-none-eabi/12.3.1/../../../../arm-none-eabi/lib/thumb/v7e-m/nofp\libg.a(libc_a-__call_atexit.o)
                0x2000000c                __atexit_recursive_mutex
 *(.RamFunc)
 *(.RamFunc*)
                0x20000010                        . = ALIGN (0x4)
                0x20000010                        _edata = .
                0x08001f4c                        _siccmram = LOADADDR (.ccmram)

.igot.plt       0x20000010        0x0 load address 0x08001f4c
 .igot.plt      0x20000010        0x0 D:/STM32Cube/STM32CubeCLT_1.16.0/GNU-tools-for-STM32/bin/../lib/gcc/arm-none-eabi/12.3.1/thumb/v7e-m/nofp/crtbegin.o

.ccmram         0x10000000        0x0 load address 0x08001f4c
                0x10000000                        . = ALIGN (0x4)
                0x10000000                        _sccmram = .
 *(.ccmram)
 *(.ccmram*)
                0x10000000                        . = ALIGN (0x4)
                0x10000000                        _eccmram = .
                0x10000000                        . = ALIGN (0x4)

.bss            0x20000010      0x290
                0x20000010                        _sbss = .
                0x20000010                        __bss_start__ = _sbss
 *(.bss)
 .bss           0x20000010       0x1c D:/STM32Cube/STM32CubeCLT_1.16.0/GNU-tools-for-STM32/bin/../lib/gcc/arm-none-eabi/12.3.1/thumb/v7e-m/nofp/crtbegin.o
 *(.bss*)
 .bss.htim6     0x2000002c       0x48 CMakeFiles/untitled2.elf.dir/Core/Src/tim.c.obj
                0x2000002c                htim6
 .bss.htim1     0x20000074       0x48 CMakeFiles/untitled2.elf.dir/Core/Src/tim.c.obj
                0x20000074                htim1
 .bss.huart6    0x200000bc       0x48 CMakeFiles/untitled2.elf.dir/Core/Src/usart.c.obj
                0x200000bc                huart6
 .bss.uwTick    0x20000104        0x4 CMakeFiles/untitled2.elf.dir/Drivers/STM32F4xx_HAL_Driver/Src/stm32f4xx_hal.c.obj
                0x20000104                uwTick
 .bss.__lock___atexit_recursive_mutex
                0x20000108        0x1 D:/STM32Cube/STM32CubeCLT_1.16.0/GNU-tools-for-STM32/bin/../lib/gcc/arm-none-eabi/12.3.1/../../../../arm-none-eabi/lib/thumb/v7e-m/nofp\libg.a(libc_a-lock.o)
                0x20000108                __lock___atexit_recursive_mutex
 *fill*         0x20000109        0x3 
 .bss.__atexit  0x2000010c        0x4 D:/STM32Cube/STM32CubeCLT_1.16.0/GNU-tools-for-STM32/bin/../lib/gcc/arm-none-eabi/12.3.1/../../../../arm-none-eabi/lib/thumb/v7e-m/nofp\libg.a(libc_a-__call_atexit.o)
                0x2000010c                __atexit
 .bss.__atexit0
                0x20000110      0x190 D:/STM32Cube/STM32CubeCLT_1.16.0/GNU-tools-for-STM32/bin/../lib/gcc/arm-none-eabi/12.3.1/../../../../arm-none-eabi/lib/thumb/v7e-m/nofp\libg.a(libc_a-__atexit.o)
                0x20000110                __atexit0
 *(COMMON)
                0x200002a0                        . = ALIGN (0x4)
                0x200002a0                        _ebss = .
                0x200002a0                        __bss_end__ = _ebss

._user_heap_stack
                0x200002a0      0x600
                0x200002a0                        . = ALIGN (0x8)
                [!provide]                        PROVIDE (end = .)
                0x200002a0                        PROVIDE (_end = .)
                0x200004a0                        . = (. + _Min_Heap_Size)
 *fill*         0x200002a0      0x200 
                0x200008a0                        . = (. + _Min_Stack_Size)
 *fill*         0x200004a0      0x400 
                0x200008a0                        . = ALIGN (0x8)

/DISCARD/
 libc.a(*)
 libm.a(*)
 libgcc.a(*)

.ARM.attributes
                0x00000000       0x2a
 *(.ARM.attributes)
 .ARM.attributes
                0x00000000       0x1e D:/STM32Cube/STM32CubeCLT_1.16.0/GNU-tools-for-STM32/bin/../lib/gcc/arm-none-eabi/12.3.1/thumb/v7e-m/nofp/crti.o
 .ARM.attributes
                0x0000001e       0x2e D:/STM32Cube/STM32CubeCLT_1.16.0/GNU-tools-for-STM32/bin/../lib/gcc/arm-none-eabi/12.3.1/thumb/v7e-m/nofp/crtbegin.o
 .ARM.attributes
                0x0000004c       0x2e CMakeFiles/untitled2.elf.dir/Core/Src/callback.c.obj
 .ARM.attributes
                0x0000007a       0x2e CMakeFiles/untitled2.elf.dir/Core/Src/gpio.c.obj
 .ARM.attributes
                0x000000a8       0x2e CMakeFiles/untitled2.elf.dir/Core/Src/main.c.obj
 .ARM.attributes
                0x000000d6       0x2e CMakeFiles/untitled2.elf.dir/Core/Src/stm32f4xx_hal_msp.c.obj
 .ARM.attributes
                0x00000104       0x2e CMakeFiles/untitled2.elf.dir/Core/Src/stm32f4xx_it.c.obj
 .ARM.attributes
                0x00000132       0x2e CMakeFiles/untitled2.elf.dir/Core/Src/system_stm32f4xx.c.obj
 .ARM.attributes
                0x00000160       0x2e CMakeFiles/untitled2.elf.dir/Core/Src/tim.c.obj
 .ARM.attributes
                0x0000018e       0x2e CMakeFiles/untitled2.elf.dir/Core/Src/usart.c.obj
 .ARM.attributes
                0x000001bc       0x21 CMakeFiles/untitled2.elf.dir/Core/Startup/startup_stm32f427iihx.s.obj
 .ARM.attributes
                0x000001dd       0x2e CMakeFiles/untitled2.elf.dir/Drivers/STM32F4xx_HAL_Driver/Src/stm32f4xx_hal.c.obj
 .ARM.attributes
                0x0000020b       0x2e CMakeFiles/untitled2.elf.dir/Drivers/STM32F4xx_HAL_Driver/Src/stm32f4xx_hal_cortex.c.obj
 .ARM.attributes
                0x00000239       0x2e CMakeFiles/untitled2.elf.dir/Drivers/STM32F4xx_HAL_Driver/Src/stm32f4xx_hal_gpio.c.obj
 .ARM.attributes
                0x00000267       0x2e CMakeFiles/untitled2.elf.dir/Drivers/STM32F4xx_HAL_Driver/Src/stm32f4xx_hal_pwr_ex.c.obj
 .ARM.attributes
                0x00000295       0x2e CMakeFiles/untitled2.elf.dir/Drivers/STM32F4xx_HAL_Driver/Src/stm32f4xx_hal_rcc.c.obj
 .ARM.attributes
                0x000002c3       0x2e CMakeFiles/untitled2.elf.dir/Drivers/STM32F4xx_HAL_Driver/Src/stm32f4xx_hal_tim.c.obj
 .ARM.attributes
                0x000002f1       0x2e CMakeFiles/untitled2.elf.dir/Drivers/STM32F4xx_HAL_Driver/Src/stm32f4xx_hal_tim_ex.c.obj
 .ARM.attributes
                0x0000031f       0x2e CMakeFiles/untitled2.elf.dir/Drivers/STM32F4xx_HAL_Driver/Src/stm32f4xx_hal_uart.c.obj
 .ARM.attributes
                0x0000034d       0x1e D:/STM32Cube/STM32CubeCLT_1.16.0/GNU-tools-for-STM32/bin/../lib/gcc/arm-none-eabi/12.3.1/thumb/v7e-m/nofp\libgcc.a(_aeabi_uldivmod.o)
 .ARM.attributes
                0x0000036b       0x2e D:/STM32Cube/STM32CubeCLT_1.16.0/GNU-tools-for-STM32/bin/../lib/gcc/arm-none-eabi/12.3.1/thumb/v7e-m/nofp\libgcc.a(_udivmoddi4.o)
 .ARM.attributes
                0x00000399       0x1e D:/STM32Cube/STM32CubeCLT_1.16.0/GNU-tools-for-STM32/bin/../lib/gcc/arm-none-eabi/12.3.1/thumb/v7e-m/nofp\libgcc.a(_dvmd_tls.o)
 .ARM.attributes
                0x000003b7       0x2e D:/STM32Cube/STM32CubeCLT_1.16.0/GNU-tools-for-STM32/bin/../lib/gcc/arm-none-eabi/12.3.1/../../../../arm-none-eabi/lib/thumb/v7e-m/nofp\libg.a(libc_a-memset.o)
 .ARM.attributes
                0x000003e5       0x2e D:/STM32Cube/STM32CubeCLT_1.16.0/GNU-tools-for-STM32/bin/../lib/gcc/arm-none-eabi/12.3.1/../../../../arm-none-eabi/lib/thumb/v7e-m/nofp\libg.a(libc_a-init.o)
 .ARM.attributes
                0x00000413       0x2e D:/STM32Cube/STM32CubeCLT_1.16.0/GNU-tools-for-STM32/bin/../lib/gcc/arm-none-eabi/12.3.1/../../../../arm-none-eabi/lib/thumb/v7e-m/nofp\libg.a(libc_a-lock.o)
 .ARM.attributes
                0x00000441       0x2e D:/STM32Cube/STM32CubeCLT_1.16.0/GNU-tools-for-STM32/bin/../lib/gcc/arm-none-eabi/12.3.1/../../../../arm-none-eabi/lib/thumb/v7e-m/nofp\libg.a(libc_a-__call_atexit.o)
 .ARM.attributes
                0x0000046f       0x2e D:/STM32Cube/STM32CubeCLT_1.16.0/GNU-tools-for-STM32/bin/../lib/gcc/arm-none-eabi/12.3.1/../../../../arm-none-eabi/lib/thumb/v7e-m/nofp\libg.a(libc_a-atexit.o)
 .ARM.attributes
                0x0000049d       0x2e D:/STM32Cube/STM32CubeCLT_1.16.0/GNU-tools-for-STM32/bin/../lib/gcc/arm-none-eabi/12.3.1/../../../../arm-none-eabi/lib/thumb/v7e-m/nofp\libg.a(libc_a-fini.o)
 .ARM.attributes
                0x000004cb       0x2e D:/STM32Cube/STM32CubeCLT_1.16.0/GNU-tools-for-STM32/bin/../lib/gcc/arm-none-eabi/12.3.1/../../../../arm-none-eabi/lib/thumb/v7e-m/nofp\libg.a(libc_a-__atexit.o)
 .ARM.attributes
                0x000004f9       0x1e D:/STM32Cube/STM32CubeCLT_1.16.0/GNU-tools-for-STM32/bin/../lib/gcc/arm-none-eabi/12.3.1/thumb/v7e-m/nofp/crtn.o
OUTPUT(untitled2.elf elf32-littlearm)
LOAD linker stubs
LOAD D:/STM32Cube/STM32CubeCLT_1.16.0/GNU-tools-for-STM32/bin/../lib/gcc/arm-none-eabi/12.3.1/../../../../arm-none-eabi/lib/thumb/v7e-m/nofp\libc.a
LOAD D:/STM32Cube/STM32CubeCLT_1.16.0/GNU-tools-for-STM32/bin/../lib/gcc/arm-none-eabi/12.3.1/../../../../arm-none-eabi/lib/thumb/v7e-m/nofp\libm.a
LOAD D:/STM32Cube/STM32CubeCLT_1.16.0/GNU-tools-for-STM32/bin/../lib/gcc/arm-none-eabi/12.3.1/thumb/v7e-m/nofp\libgcc.a

.debug_info     0x00000000    0x1143c
 .debug_info    0x00000000      0x73e CMakeFiles/untitled2.elf.dir/Core/Src/callback.c.obj
 .debug_info    0x0000073e      0x474 CMakeFiles/untitled2.elf.dir/Core/Src/gpio.c.obj
 .debug_info    0x00000bb2      0xb11 CMakeFiles/untitled2.elf.dir/Core/Src/main.c.obj
 .debug_info    0x000016c3      0x27d CMakeFiles/untitled2.elf.dir/Core/Src/stm32f4xx_hal_msp.c.obj
 .debug_info    0x00001940      0x71f CMakeFiles/untitled2.elf.dir/Core/Src/stm32f4xx_it.c.obj
 .debug_info    0x0000205f      0x34c CMakeFiles/untitled2.elf.dir/Core/Src/system_stm32f4xx.c.obj
 .debug_info    0x000023ab     0x11bb CMakeFiles/untitled2.elf.dir/Core/Src/tim.c.obj
 .debug_info    0x00003566      0x993 CMakeFiles/untitled2.elf.dir/Core/Src/usart.c.obj
 .debug_info    0x00003ef9       0x30 CMakeFiles/untitled2.elf.dir/Core/Startup/startup_stm32f427iihx.s.obj
 .debug_info    0x00003f29      0xa4c CMakeFiles/untitled2.elf.dir/Drivers/STM32F4xx_HAL_Driver/Src/stm32f4xx_hal.c.obj
 .debug_info    0x00004975      0xfe5 CMakeFiles/untitled2.elf.dir/Drivers/STM32F4xx_HAL_Driver/Src/stm32f4xx_hal_cortex.c.obj
 .debug_info    0x0000595a      0x71c CMakeFiles/untitled2.elf.dir/Drivers/STM32F4xx_HAL_Driver/Src/stm32f4xx_hal_gpio.c.obj
 .debug_info    0x00006076      0x78a CMakeFiles/untitled2.elf.dir/Drivers/STM32F4xx_HAL_Driver/Src/stm32f4xx_hal_pwr_ex.c.obj
 .debug_info    0x00006800      0xa85 CMakeFiles/untitled2.elf.dir/Drivers/STM32F4xx_HAL_Driver/Src/stm32f4xx_hal_rcc.c.obj
 .debug_info    0x00007285     0x3be0 CMakeFiles/untitled2.elf.dir/Drivers/STM32F4xx_HAL_Driver/Src/stm32f4xx_hal_tim.c.obj
 .debug_info    0x0000ae65     0x1ac8 CMakeFiles/untitled2.elf.dir/Drivers/STM32F4xx_HAL_Driver/Src/stm32f4xx_hal_tim_ex.c.obj
 .debug_info    0x0000c92d     0x3fcf CMakeFiles/untitled2.elf.dir/Drivers/STM32F4xx_HAL_Driver/Src/stm32f4xx_hal_uart.c.obj
 .debug_info    0x000108fc       0xe0 D:/STM32Cube/STM32CubeCLT_1.16.0/GNU-tools-for-STM32/bin/../lib/gcc/arm-none-eabi/12.3.1/../../../../arm-none-eabi/lib/thumb/v7e-m/nofp\libg.a(libc_a-memset.o)
 .debug_info    0x000109dc      0x10b D:/STM32Cube/STM32CubeCLT_1.16.0/GNU-tools-for-STM32/bin/../lib/gcc/arm-none-eabi/12.3.1/../../../../arm-none-eabi/lib/thumb/v7e-m/nofp\libg.a(libc_a-init.o)
 .debug_info    0x00010ae7      0x20a D:/STM32Cube/STM32CubeCLT_1.16.0/GNU-tools-for-STM32/bin/../lib/gcc/arm-none-eabi/12.3.1/../../../../arm-none-eabi/lib/thumb/v7e-m/nofp\libg.a(libc_a-lock.o)
 .debug_info    0x00010cf1      0x2dd D:/STM32Cube/STM32CubeCLT_1.16.0/GNU-tools-for-STM32/bin/../lib/gcc/arm-none-eabi/12.3.1/../../../../arm-none-eabi/lib/thumb/v7e-m/nofp\libg.a(libc_a-__call_atexit.o)
 .debug_info    0x00010fce      0x118 D:/STM32Cube/STM32CubeCLT_1.16.0/GNU-tools-for-STM32/bin/../lib/gcc/arm-none-eabi/12.3.1/../../../../arm-none-eabi/lib/thumb/v7e-m/nofp\libg.a(libc_a-atexit.o)
 .debug_info    0x000110e6       0xf7 D:/STM32Cube/STM32CubeCLT_1.16.0/GNU-tools-for-STM32/bin/../lib/gcc/arm-none-eabi/12.3.1/../../../../arm-none-eabi/lib/thumb/v7e-m/nofp\libg.a(libc_a-fini.o)
 .debug_info    0x000111dd      0x25f D:/STM32Cube/STM32CubeCLT_1.16.0/GNU-tools-for-STM32/bin/../lib/gcc/arm-none-eabi/12.3.1/../../../../arm-none-eabi/lib/thumb/v7e-m/nofp\libg.a(libc_a-__atexit.o)

.debug_abbrev   0x00000000     0x297c
 .debug_abbrev  0x00000000      0x188 CMakeFiles/untitled2.elf.dir/Core/Src/callback.c.obj
 .debug_abbrev  0x00000188      0x164 CMakeFiles/untitled2.elf.dir/Core/Src/gpio.c.obj
 .debug_abbrev  0x000002ec      0x253 CMakeFiles/untitled2.elf.dir/Core/Src/main.c.obj
 .debug_abbrev  0x0000053f       0xd6 CMakeFiles/untitled2.elf.dir/Core/Src/stm32f4xx_hal_msp.c.obj
 .debug_abbrev  0x00000615      0x19d CMakeFiles/untitled2.elf.dir/Core/Src/stm32f4xx_it.c.obj
 .debug_abbrev  0x000007b2      0x120 CMakeFiles/untitled2.elf.dir/Core/Src/system_stm32f4xx.c.obj
 .debug_abbrev  0x000008d2      0x242 CMakeFiles/untitled2.elf.dir/Core/Src/tim.c.obj
 .debug_abbrev  0x00000b14      0x217 CMakeFiles/untitled2.elf.dir/Core/Src/usart.c.obj
 .debug_abbrev  0x00000d2b       0x24 CMakeFiles/untitled2.elf.dir/Core/Startup/startup_stm32f427iihx.s.obj
 .debug_abbrev  0x00000d4f      0x240 CMakeFiles/untitled2.elf.dir/Drivers/STM32F4xx_HAL_Driver/Src/stm32f4xx_hal.c.obj
 .debug_abbrev  0x00000f8f      0x391 CMakeFiles/untitled2.elf.dir/Drivers/STM32F4xx_HAL_Driver/Src/stm32f4xx_hal_cortex.c.obj
 .debug_abbrev  0x00001320      0x202 CMakeFiles/untitled2.elf.dir/Drivers/STM32F4xx_HAL_Driver/Src/stm32f4xx_hal_gpio.c.obj
 .debug_abbrev  0x00001522      0x1e6 CMakeFiles/untitled2.elf.dir/Drivers/STM32F4xx_HAL_Driver/Src/stm32f4xx_hal_pwr_ex.c.obj
 .debug_abbrev  0x00001708      0x2c7 CMakeFiles/untitled2.elf.dir/Drivers/STM32F4xx_HAL_Driver/Src/stm32f4xx_hal_rcc.c.obj
 .debug_abbrev  0x000019cf      0x271 CMakeFiles/untitled2.elf.dir/Drivers/STM32F4xx_HAL_Driver/Src/stm32f4xx_hal_tim.c.obj
 .debug_abbrev  0x00001c40      0x26f CMakeFiles/untitled2.elf.dir/Drivers/STM32F4xx_HAL_Driver/Src/stm32f4xx_hal_tim_ex.c.obj
 .debug_abbrev  0x00001eaf      0x32f CMakeFiles/untitled2.elf.dir/Drivers/STM32F4xx_HAL_Driver/Src/stm32f4xx_hal_uart.c.obj
 .debug_abbrev  0x000021de       0x9e D:/STM32Cube/STM32CubeCLT_1.16.0/GNU-tools-for-STM32/bin/../lib/gcc/arm-none-eabi/12.3.1/../../../../arm-none-eabi/lib/thumb/v7e-m/nofp\libg.a(libc_a-memset.o)
 .debug_abbrev  0x0000227c       0xc9 D:/STM32Cube/STM32CubeCLT_1.16.0/GNU-tools-for-STM32/bin/../lib/gcc/arm-none-eabi/12.3.1/../../../../arm-none-eabi/lib/thumb/v7e-m/nofp\libg.a(libc_a-init.o)
 .debug_abbrev  0x00002345      0x115 D:/STM32Cube/STM32CubeCLT_1.16.0/GNU-tools-for-STM32/bin/../lib/gcc/arm-none-eabi/12.3.1/../../../../arm-none-eabi/lib/thumb/v7e-m/nofp\libg.a(libc_a-lock.o)
 .debug_abbrev  0x0000245a      0x20c D:/STM32Cube/STM32CubeCLT_1.16.0/GNU-tools-for-STM32/bin/../lib/gcc/arm-none-eabi/12.3.1/../../../../arm-none-eabi/lib/thumb/v7e-m/nofp\libg.a(libc_a-__call_atexit.o)
 .debug_abbrev  0x00002666       0xc1 D:/STM32Cube/STM32CubeCLT_1.16.0/GNU-tools-for-STM32/bin/../lib/gcc/arm-none-eabi/12.3.1/../../../../arm-none-eabi/lib/thumb/v7e-m/nofp\libg.a(libc_a-atexit.o)
 .debug_abbrev  0x00002727       0xcc D:/STM32Cube/STM32CubeCLT_1.16.0/GNU-tools-for-STM32/bin/../lib/gcc/arm-none-eabi/12.3.1/../../../../arm-none-eabi/lib/thumb/v7e-m/nofp\libg.a(libc_a-fini.o)
 .debug_abbrev  0x000027f3      0x189 D:/STM32Cube/STM32CubeCLT_1.16.0/GNU-tools-for-STM32/bin/../lib/gcc/arm-none-eabi/12.3.1/../../../../arm-none-eabi/lib/thumb/v7e-m/nofp\libg.a(libc_a-__atexit.o)

.debug_loclists
                0x00000000     0x8191
 .debug_loclists
                0x00000000       0x34 CMakeFiles/untitled2.elf.dir/Core/Src/callback.c.obj
 .debug_loclists
                0x00000034       0xdb CMakeFiles/untitled2.elf.dir/Core/Src/system_stm32f4xx.c.obj
 .debug_loclists
                0x0000010f       0xa6 CMakeFiles/untitled2.elf.dir/Core/Src/tim.c.obj
 .debug_loclists
                0x000001b5       0x5c CMakeFiles/untitled2.elf.dir/Core/Src/usart.c.obj
 .debug_loclists
                0x00000211       0xc9 CMakeFiles/untitled2.elf.dir/Drivers/STM32F4xx_HAL_Driver/Src/stm32f4xx_hal.c.obj
 .debug_loclists
                0x000002da      0x439 CMakeFiles/untitled2.elf.dir/Drivers/STM32F4xx_HAL_Driver/Src/stm32f4xx_hal_cortex.c.obj
 .debug_loclists
                0x00000713      0x356 CMakeFiles/untitled2.elf.dir/Drivers/STM32F4xx_HAL_Driver/Src/stm32f4xx_hal_gpio.c.obj
 .debug_loclists
                0x00000a69      0x14e CMakeFiles/untitled2.elf.dir/Drivers/STM32F4xx_HAL_Driver/Src/stm32f4xx_hal_pwr_ex.c.obj
 .debug_loclists
                0x00000bb7      0x3a9 CMakeFiles/untitled2.elf.dir/Drivers/STM32F4xx_HAL_Driver/Src/stm32f4xx_hal_rcc.c.obj
 .debug_loclists
                0x00000f60     0x3331 CMakeFiles/untitled2.elf.dir/Drivers/STM32F4xx_HAL_Driver/Src/stm32f4xx_hal_tim.c.obj
 .debug_loclists
                0x00004291     0x129a CMakeFiles/untitled2.elf.dir/Drivers/STM32F4xx_HAL_Driver/Src/stm32f4xx_hal_tim_ex.c.obj
 .debug_loclists
                0x0000552b     0x29f1 CMakeFiles/untitled2.elf.dir/Drivers/STM32F4xx_HAL_Driver/Src/stm32f4xx_hal_uart.c.obj
 .debug_loclists
                0x00007f1c       0x47 D:/STM32Cube/STM32CubeCLT_1.16.0/GNU-tools-for-STM32/bin/../lib/gcc/arm-none-eabi/12.3.1/../../../../arm-none-eabi/lib/thumb/v7e-m/nofp\libg.a(libc_a-memset.o)
 .debug_loclists
                0x00007f63       0x44 D:/STM32Cube/STM32CubeCLT_1.16.0/GNU-tools-for-STM32/bin/../lib/gcc/arm-none-eabi/12.3.1/../../../../arm-none-eabi/lib/thumb/v7e-m/nofp\libg.a(libc_a-init.o)
 .debug_loclists
                0x00007fa7       0x23 D:/STM32Cube/STM32CubeCLT_1.16.0/GNU-tools-for-STM32/bin/../lib/gcc/arm-none-eabi/12.3.1/../../../../arm-none-eabi/lib/thumb/v7e-m/nofp\libg.a(libc_a-lock.o)
 .debug_loclists
                0x00007fca       0xd4 D:/STM32Cube/STM32CubeCLT_1.16.0/GNU-tools-for-STM32/bin/../lib/gcc/arm-none-eabi/12.3.1/../../../../arm-none-eabi/lib/thumb/v7e-m/nofp\libg.a(libc_a-__call_atexit.o)
 .debug_loclists
                0x0000809e       0x2a D:/STM32Cube/STM32CubeCLT_1.16.0/GNU-tools-for-STM32/bin/../lib/gcc/arm-none-eabi/12.3.1/../../../../arm-none-eabi/lib/thumb/v7e-m/nofp\libg.a(libc_a-atexit.o)
 .debug_loclists
                0x000080c8       0x3b D:/STM32Cube/STM32CubeCLT_1.16.0/GNU-tools-for-STM32/bin/../lib/gcc/arm-none-eabi/12.3.1/../../../../arm-none-eabi/lib/thumb/v7e-m/nofp\libg.a(libc_a-fini.o)
 .debug_loclists
                0x00008103       0x8e D:/STM32Cube/STM32CubeCLT_1.16.0/GNU-tools-for-STM32/bin/../lib/gcc/arm-none-eabi/12.3.1/../../../../arm-none-eabi/lib/thumb/v7e-m/nofp\libg.a(libc_a-__atexit.o)

.debug_aranges  0x00000000      0xd68
 .debug_aranges
                0x00000000       0x20 CMakeFiles/untitled2.elf.dir/Core/Src/callback.c.obj
 .debug_aranges
                0x00000020       0x20 CMakeFiles/untitled2.elf.dir/Core/Src/gpio.c.obj
 .debug_aranges
                0x00000040       0x30 CMakeFiles/untitled2.elf.dir/Core/Src/main.c.obj
 .debug_aranges
                0x00000070       0x20 CMakeFiles/untitled2.elf.dir/Core/Src/stm32f4xx_hal_msp.c.obj
 .debug_aranges
                0x00000090       0x70 CMakeFiles/untitled2.elf.dir/Core/Src/stm32f4xx_it.c.obj
 .debug_aranges
                0x00000100       0x28 CMakeFiles/untitled2.elf.dir/Core/Src/system_stm32f4xx.c.obj
 .debug_aranges
                0x00000128       0x40 CMakeFiles/untitled2.elf.dir/Core/Src/tim.c.obj
 .debug_aranges
                0x00000168       0x30 CMakeFiles/untitled2.elf.dir/Core/Src/usart.c.obj
 .debug_aranges
                0x00000198       0x28 CMakeFiles/untitled2.elf.dir/Core/Startup/startup_stm32f427iihx.s.obj
 .debug_aranges
                0x000001c0      0x100 CMakeFiles/untitled2.elf.dir/Drivers/STM32F4xx_HAL_Driver/Src/stm32f4xx_hal.c.obj
 .debug_aranges
                0x000002c0       0xf8 CMakeFiles/untitled2.elf.dir/Drivers/STM32F4xx_HAL_Driver/Src/stm32f4xx_hal_cortex.c.obj
 .debug_aranges
                0x000003b8       0x58 CMakeFiles/untitled2.elf.dir/Drivers/STM32F4xx_HAL_Driver/Src/stm32f4xx_hal_gpio.c.obj
 .debug_aranges
                0x00000410       0x60 CMakeFiles/untitled2.elf.dir/Drivers/STM32F4xx_HAL_Driver/Src/stm32f4xx_hal_pwr_ex.c.obj
 .debug_aranges
                0x00000470       0x88 CMakeFiles/untitled2.elf.dir/Drivers/STM32F4xx_HAL_Driver/Src/stm32f4xx_hal_rcc.c.obj
 .debug_aranges
                0x000004f8      0x3d0 CMakeFiles/untitled2.elf.dir/Drivers/STM32F4xx_HAL_Driver/Src/stm32f4xx_hal_tim.c.obj
 .debug_aranges
                0x000008c8      0x168 CMakeFiles/untitled2.elf.dir/Drivers/STM32F4xx_HAL_Driver/Src/stm32f4xx_hal_tim_ex.c.obj
 .debug_aranges
                0x00000a30      0x208 CMakeFiles/untitled2.elf.dir/Drivers/STM32F4xx_HAL_Driver/Src/stm32f4xx_hal_uart.c.obj
 .debug_aranges
                0x00000c38       0x20 D:/STM32Cube/STM32CubeCLT_1.16.0/GNU-tools-for-STM32/bin/../lib/gcc/arm-none-eabi/12.3.1/../../../../arm-none-eabi/lib/thumb/v7e-m/nofp\libg.a(libc_a-memset.o)
 .debug_aranges
                0x00000c58       0x20 D:/STM32Cube/STM32CubeCLT_1.16.0/GNU-tools-for-STM32/bin/../lib/gcc/arm-none-eabi/12.3.1/../../../../arm-none-eabi/lib/thumb/v7e-m/nofp\libg.a(libc_a-init.o)
 .debug_aranges
                0x00000c78       0x68 D:/STM32Cube/STM32CubeCLT_1.16.0/GNU-tools-for-STM32/bin/../lib/gcc/arm-none-eabi/12.3.1/../../../../arm-none-eabi/lib/thumb/v7e-m/nofp\libg.a(libc_a-lock.o)
 .debug_aranges
                0x00000ce0       0x28 D:/STM32Cube/STM32CubeCLT_1.16.0/GNU-tools-for-STM32/bin/../lib/gcc/arm-none-eabi/12.3.1/../../../../arm-none-eabi/lib/thumb/v7e-m/nofp\libg.a(libc_a-__call_atexit.o)
 .debug_aranges
                0x00000d08       0x20 D:/STM32Cube/STM32CubeCLT_1.16.0/GNU-tools-for-STM32/bin/../lib/gcc/arm-none-eabi/12.3.1/../../../../arm-none-eabi/lib/thumb/v7e-m/nofp\libg.a(libc_a-atexit.o)
 .debug_aranges
                0x00000d28       0x20 D:/STM32Cube/STM32CubeCLT_1.16.0/GNU-tools-for-STM32/bin/../lib/gcc/arm-none-eabi/12.3.1/../../../../arm-none-eabi/lib/thumb/v7e-m/nofp\libg.a(libc_a-fini.o)
 .debug_aranges
                0x00000d48       0x20 D:/STM32Cube/STM32CubeCLT_1.16.0/GNU-tools-for-STM32/bin/../lib/gcc/arm-none-eabi/12.3.1/../../../../arm-none-eabi/lib/thumb/v7e-m/nofp\libg.a(libc_a-__atexit.o)

.debug_rnglists
                0x00000000      0xa20
 .debug_rnglists
                0x00000000       0x13 CMakeFiles/untitled2.elf.dir/Core/Src/callback.c.obj
 .debug_rnglists
                0x00000013       0x14 CMakeFiles/untitled2.elf.dir/Core/Src/gpio.c.obj
 .debug_rnglists
                0x00000027       0x20 CMakeFiles/untitled2.elf.dir/Core/Src/main.c.obj
 .debug_rnglists
                0x00000047       0x13 CMakeFiles/untitled2.elf.dir/Core/Src/stm32f4xx_hal_msp.c.obj
 .debug_rnglists
                0x0000005a       0x4f CMakeFiles/untitled2.elf.dir/Core/Src/stm32f4xx_it.c.obj
 .debug_rnglists
                0x000000a9       0x1a CMakeFiles/untitled2.elf.dir/Core/Src/system_stm32f4xx.c.obj
 .debug_rnglists
                0x000000c3       0x2c CMakeFiles/untitled2.elf.dir/Core/Src/tim.c.obj
 .debug_rnglists
                0x000000ef       0x1f CMakeFiles/untitled2.elf.dir/Core/Src/usart.c.obj
 .debug_rnglists
                0x0000010e       0x19 CMakeFiles/untitled2.elf.dir/Core/Startup/startup_stm32f427iihx.s.obj
 .debug_rnglists
                0x00000127       0xbb CMakeFiles/untitled2.elf.dir/Drivers/STM32F4xx_HAL_Driver/Src/stm32f4xx_hal.c.obj
 .debug_rnglists
                0x000001e2       0xb5 CMakeFiles/untitled2.elf.dir/Drivers/STM32F4xx_HAL_Driver/Src/stm32f4xx_hal_cortex.c.obj
 .debug_rnglists
                0x00000297       0x3f CMakeFiles/untitled2.elf.dir/Drivers/STM32F4xx_HAL_Driver/Src/stm32f4xx_hal_gpio.c.obj
 .debug_rnglists
                0x000002d6       0x44 CMakeFiles/untitled2.elf.dir/Drivers/STM32F4xx_HAL_Driver/Src/stm32f4xx_hal_pwr_ex.c.obj
 .debug_rnglists
                0x0000031a       0x75 CMakeFiles/untitled2.elf.dir/Drivers/STM32F4xx_HAL_Driver/Src/stm32f4xx_hal_rcc.c.obj
 .debug_rnglists
                0x0000038f      0x302 CMakeFiles/untitled2.elf.dir/Drivers/STM32F4xx_HAL_Driver/Src/stm32f4xx_hal_tim.c.obj
 .debug_rnglists
                0x00000691      0x11b CMakeFiles/untitled2.elf.dir/Drivers/STM32F4xx_HAL_Driver/Src/stm32f4xx_hal_tim_ex.c.obj
 .debug_rnglists
                0x000007ac      0x1a1 CMakeFiles/untitled2.elf.dir/Drivers/STM32F4xx_HAL_Driver/Src/stm32f4xx_hal_uart.c.obj
 .debug_rnglists
                0x0000094d       0x13 D:/STM32Cube/STM32CubeCLT_1.16.0/GNU-tools-for-STM32/bin/../lib/gcc/arm-none-eabi/12.3.1/../../../../arm-none-eabi/lib/thumb/v7e-m/nofp\libg.a(libc_a-memset.o)
 .debug_rnglists
                0x00000960       0x13 D:/STM32Cube/STM32CubeCLT_1.16.0/GNU-tools-for-STM32/bin/../lib/gcc/arm-none-eabi/12.3.1/../../../../arm-none-eabi/lib/thumb/v7e-m/nofp\libg.a(libc_a-init.o)
 .debug_rnglists
                0x00000973       0x49 D:/STM32Cube/STM32CubeCLT_1.16.0/GNU-tools-for-STM32/bin/../lib/gcc/arm-none-eabi/12.3.1/../../../../arm-none-eabi/lib/thumb/v7e-m/nofp\libg.a(libc_a-lock.o)
 .debug_rnglists
                0x000009bc       0x2a D:/STM32Cube/STM32CubeCLT_1.16.0/GNU-tools-for-STM32/bin/../lib/gcc/arm-none-eabi/12.3.1/../../../../arm-none-eabi/lib/thumb/v7e-m/nofp\libg.a(libc_a-__call_atexit.o)
 .debug_rnglists
                0x000009e6       0x13 D:/STM32Cube/STM32CubeCLT_1.16.0/GNU-tools-for-STM32/bin/../lib/gcc/arm-none-eabi/12.3.1/../../../../arm-none-eabi/lib/thumb/v7e-m/nofp\libg.a(libc_a-atexit.o)
 .debug_rnglists
                0x000009f9       0x13 D:/STM32Cube/STM32CubeCLT_1.16.0/GNU-tools-for-STM32/bin/../lib/gcc/arm-none-eabi/12.3.1/../../../../arm-none-eabi/lib/thumb/v7e-m/nofp\libg.a(libc_a-fini.o)
 .debug_rnglists
                0x00000a0c       0x14 D:/STM32Cube/STM32CubeCLT_1.16.0/GNU-tools-for-STM32/bin/../lib/gcc/arm-none-eabi/12.3.1/../../../../arm-none-eabi/lib/thumb/v7e-m/nofp\libg.a(libc_a-__atexit.o)

.debug_line     0x00000000     0xfad3
 .debug_line    0x00000000      0x2a9 CMakeFiles/untitled2.elf.dir/Core/Src/callback.c.obj
 .debug_line    0x000002a9      0x26b CMakeFiles/untitled2.elf.dir/Core/Src/gpio.c.obj
 .debug_line    0x00000514      0x45e CMakeFiles/untitled2.elf.dir/Core/Src/main.c.obj
 .debug_line    0x00000972      0x1ed CMakeFiles/untitled2.elf.dir/Core/Src/stm32f4xx_hal_msp.c.obj
 .debug_line    0x00000b5f      0x393 CMakeFiles/untitled2.elf.dir/Core/Src/stm32f4xx_it.c.obj
 .debug_line    0x00000ef2      0x2b5 CMakeFiles/untitled2.elf.dir/Core/Src/system_stm32f4xx.c.obj
 .debug_line    0x000011a7      0x56a CMakeFiles/untitled2.elf.dir/Core/Src/tim.c.obj
 .debug_line    0x00001711      0x385 CMakeFiles/untitled2.elf.dir/Core/Src/usart.c.obj
 .debug_line    0x00001a96       0x7a CMakeFiles/untitled2.elf.dir/Core/Startup/startup_stm32f427iihx.s.obj
 .debug_line    0x00001b10      0x663 CMakeFiles/untitled2.elf.dir/Drivers/STM32F4xx_HAL_Driver/Src/stm32f4xx_hal.c.obj
 .debug_line    0x00002173      0x918 CMakeFiles/untitled2.elf.dir/Drivers/STM32F4xx_HAL_Driver/Src/stm32f4xx_hal_cortex.c.obj
 .debug_line    0x00002a8b      0x780 CMakeFiles/untitled2.elf.dir/Drivers/STM32F4xx_HAL_Driver/Src/stm32f4xx_hal_gpio.c.obj
 .debug_line    0x0000320b      0x564 CMakeFiles/untitled2.elf.dir/Drivers/STM32F4xx_HAL_Driver/Src/stm32f4xx_hal_pwr_ex.c.obj
 .debug_line    0x0000376f      0xbe9 CMakeFiles/untitled2.elf.dir/Drivers/STM32F4xx_HAL_Driver/Src/stm32f4xx_hal_rcc.c.obj
 .debug_line    0x00004358     0x4b26 CMakeFiles/untitled2.elf.dir/Drivers/STM32F4xx_HAL_Driver/Src/stm32f4xx_hal_tim.c.obj
 .debug_line    0x00008e7e     0x1dbf CMakeFiles/untitled2.elf.dir/Drivers/STM32F4xx_HAL_Driver/Src/stm32f4xx_hal_tim_ex.c.obj
 .debug_line    0x0000ac3d     0x4384 CMakeFiles/untitled2.elf.dir/Drivers/STM32F4xx_HAL_Driver/Src/stm32f4xx_hal_uart.c.obj
 .debug_line    0x0000efc1      0x17e D:/STM32Cube/STM32CubeCLT_1.16.0/GNU-tools-for-STM32/bin/../lib/gcc/arm-none-eabi/12.3.1/../../../../arm-none-eabi/lib/thumb/v7e-m/nofp\libg.a(libc_a-memset.o)
 .debug_line    0x0000f13f      0x188 D:/STM32Cube/STM32CubeCLT_1.16.0/GNU-tools-for-STM32/bin/../lib/gcc/arm-none-eabi/12.3.1/../../../../arm-none-eabi/lib/thumb/v7e-m/nofp\libg.a(libc_a-init.o)
 .debug_line    0x0000f2c7      0x19b D:/STM32Cube/STM32CubeCLT_1.16.0/GNU-tools-for-STM32/bin/../lib/gcc/arm-none-eabi/12.3.1/../../../../arm-none-eabi/lib/thumb/v7e-m/nofp\libg.a(libc_a-lock.o)
 .debug_line    0x0000f462      0x28a D:/STM32Cube/STM32CubeCLT_1.16.0/GNU-tools-for-STM32/bin/../lib/gcc/arm-none-eabi/12.3.1/../../../../arm-none-eabi/lib/thumb/v7e-m/nofp\libg.a(libc_a-__call_atexit.o)
 .debug_line    0x0000f6ec      0x102 D:/STM32Cube/STM32CubeCLT_1.16.0/GNU-tools-for-STM32/bin/../lib/gcc/arm-none-eabi/12.3.1/../../../../arm-none-eabi/lib/thumb/v7e-m/nofp\libg.a(libc_a-atexit.o)
 .debug_line    0x0000f7ee      0x140 D:/STM32Cube/STM32CubeCLT_1.16.0/GNU-tools-for-STM32/bin/../lib/gcc/arm-none-eabi/12.3.1/../../../../arm-none-eabi/lib/thumb/v7e-m/nofp\libg.a(libc_a-fini.o)
 .debug_line    0x0000f92e      0x1a5 D:/STM32Cube/STM32CubeCLT_1.16.0/GNU-tools-for-STM32/bin/../lib/gcc/arm-none-eabi/12.3.1/../../../../arm-none-eabi/lib/thumb/v7e-m/nofp\libg.a(libc_a-__atexit.o)

.debug_str      0x00000000     0x4400
 .debug_str     0x00000000      0x6aa CMakeFiles/untitled2.elf.dir/Core/Src/callback.c.obj
                                0x756 (size before relaxing)
 .debug_str     0x000006aa      0x1c5 CMakeFiles/untitled2.elf.dir/Core/Src/gpio.c.obj
                                0x39d (size before relaxing)
 .debug_str     0x0000086f      0x457 CMakeFiles/untitled2.elf.dir/Core/Src/main.c.obj
                                0x990 (size before relaxing)
 .debug_str     0x00000cc6       0x40 CMakeFiles/untitled2.elf.dir/Core/Src/stm32f4xx_hal_msp.c.obj
                                0x2de (size before relaxing)
 .debug_str     0x00000d06      0x111 CMakeFiles/untitled2.elf.dir/Core/Src/stm32f4xx_it.c.obj
                                0x7c0 (size before relaxing)
 .debug_str     0x00000e17       0x9b CMakeFiles/untitled2.elf.dir/Core/Src/system_stm32f4xx.c.obj
                                0x344 (size before relaxing)
 .debug_str     0x00000eb2      0x82f CMakeFiles/untitled2.elf.dir/Core/Src/tim.c.obj
                               0x1123 (size before relaxing)
 .debug_str     0x000016e1       0x75 CMakeFiles/untitled2.elf.dir/Core/Src/usart.c.obj
                                0x859 (size before relaxing)
 .debug_str     0x00001756       0x58 CMakeFiles/untitled2.elf.dir/Core/Startup/startup_stm32f427iihx.s.obj
                                 0x81 (size before relaxing)
 .debug_str     0x000017ae      0x394 CMakeFiles/untitled2.elf.dir/Drivers/STM32F4xx_HAL_Driver/Src/stm32f4xx_hal.c.obj
                                0xc0f (size before relaxing)
 .debug_str     0x00001b42      0x4d3 CMakeFiles/untitled2.elf.dir/Drivers/STM32F4xx_HAL_Driver/Src/stm32f4xx_hal_cortex.c.obj
                                0xcd2 (size before relaxing)
 .debug_str     0x00002015      0x11b CMakeFiles/untitled2.elf.dir/Drivers/STM32F4xx_HAL_Driver/Src/stm32f4xx_hal_gpio.c.obj
                                0x503 (size before relaxing)
 .debug_str     0x00002130      0x152 CMakeFiles/untitled2.elf.dir/Drivers/STM32F4xx_HAL_Driver/Src/stm32f4xx_hal_pwr_ex.c.obj
                                0x4ee (size before relaxing)
 .debug_str     0x00002282      0x1b8 CMakeFiles/untitled2.elf.dir/Drivers/STM32F4xx_HAL_Driver/Src/stm32f4xx_hal_rcc.c.obj
                                0x729 (size before relaxing)
 .debug_str     0x0000243a      0xe27 CMakeFiles/untitled2.elf.dir/Drivers/STM32F4xx_HAL_Driver/Src/stm32f4xx_hal_tim.c.obj
                               0x170f (size before relaxing)
 .debug_str     0x00003261      0x450 CMakeFiles/untitled2.elf.dir/Drivers/STM32F4xx_HAL_Driver/Src/stm32f4xx_hal_tim_ex.c.obj
                                0xf1b (size before relaxing)
 .debug_str     0x000036b1      0x63b CMakeFiles/untitled2.elf.dir/Drivers/STM32F4xx_HAL_Driver/Src/stm32f4xx_hal_uart.c.obj
                                0xdab (size before relaxing)
 .debug_str     0x00003cec      0x16a D:/STM32Cube/STM32CubeCLT_1.16.0/GNU-tools-for-STM32/bin/../lib/gcc/arm-none-eabi/12.3.1/../../../../arm-none-eabi/lib/thumb/v7e-m/nofp\libg.a(libc_a-memset.o)
                                0x206 (size before relaxing)
 .debug_str     0x00003e56       0xbc D:/STM32Cube/STM32CubeCLT_1.16.0/GNU-tools-for-STM32/bin/../lib/gcc/arm-none-eabi/12.3.1/../../../../arm-none-eabi/lib/thumb/v7e-m/nofp\libg.a(libc_a-init.o)
                                0x267 (size before relaxing)
 .debug_str     0x00003f12      0x266 D:/STM32Cube/STM32CubeCLT_1.16.0/GNU-tools-for-STM32/bin/../lib/gcc/arm-none-eabi/12.3.1/../../../../arm-none-eabi/lib/thumb/v7e-m/nofp\libg.a(libc_a-lock.o)
                                0x379 (size before relaxing)
 .debug_str     0x00004178      0x105 D:/STM32Cube/STM32CubeCLT_1.16.0/GNU-tools-for-STM32/bin/../lib/gcc/arm-none-eabi/12.3.1/../../../../arm-none-eabi/lib/thumb/v7e-m/nofp\libg.a(libc_a-__call_atexit.o)
                                0x343 (size before relaxing)
 .debug_str     0x0000427d       0x9e D:/STM32Cube/STM32CubeCLT_1.16.0/GNU-tools-for-STM32/bin/../lib/gcc/arm-none-eabi/12.3.1/../../../../arm-none-eabi/lib/thumb/v7e-m/nofp\libg.a(libc_a-atexit.o)
                                0x243 (size before relaxing)
 .debug_str     0x0000431b       0x7a D:/STM32Cube/STM32CubeCLT_1.16.0/GNU-tools-for-STM32/bin/../lib/gcc/arm-none-eabi/12.3.1/../../../../arm-none-eabi/lib/thumb/v7e-m/nofp\libg.a(libc_a-fini.o)
                                0x23d (size before relaxing)
 .debug_str     0x00004395       0x6b D:/STM32Cube/STM32CubeCLT_1.16.0/GNU-tools-for-STM32/bin/../lib/gcc/arm-none-eabi/12.3.1/../../../../arm-none-eabi/lib/thumb/v7e-m/nofp\libg.a(libc_a-__atexit.o)
                                0x31a (size before relaxing)

.comment        0x00000000       0x43
 .comment       0x00000000       0x43 CMakeFiles/untitled2.elf.dir/Core/Src/callback.c.obj
                                 0x44 (size before relaxing)
 .comment       0x00000043       0x44 CMakeFiles/untitled2.elf.dir/Core/Src/gpio.c.obj
 .comment       0x00000043       0x44 CMakeFiles/untitled2.elf.dir/Core/Src/main.c.obj
 .comment       0x00000043       0x44 CMakeFiles/untitled2.elf.dir/Core/Src/stm32f4xx_hal_msp.c.obj
 .comment       0x00000043       0x44 CMakeFiles/untitled2.elf.dir/Core/Src/stm32f4xx_it.c.obj
 .comment       0x00000043       0x44 CMakeFiles/untitled2.elf.dir/Core/Src/system_stm32f4xx.c.obj
 .comment       0x00000043       0x44 CMakeFiles/untitled2.elf.dir/Core/Src/tim.c.obj
 .comment       0x00000043       0x44 CMakeFiles/untitled2.elf.dir/Core/Src/usart.c.obj
 .comment       0x00000043       0x44 CMakeFiles/untitled2.elf.dir/Drivers/STM32F4xx_HAL_Driver/Src/stm32f4xx_hal.c.obj
 .comment       0x00000043       0x44 CMakeFiles/untitled2.elf.dir/Drivers/STM32F4xx_HAL_Driver/Src/stm32f4xx_hal_cortex.c.obj
 .comment       0x00000043       0x44 CMakeFiles/untitled2.elf.dir/Drivers/STM32F4xx_HAL_Driver/Src/stm32f4xx_hal_gpio.c.obj
 .comment       0x00000043       0x44 CMakeFiles/untitled2.elf.dir/Drivers/STM32F4xx_HAL_Driver/Src/stm32f4xx_hal_pwr_ex.c.obj
 .comment       0x00000043       0x44 CMakeFiles/untitled2.elf.dir/Drivers/STM32F4xx_HAL_Driver/Src/stm32f4xx_hal_rcc.c.obj
 .comment       0x00000043       0x44 CMakeFiles/untitled2.elf.dir/Drivers/STM32F4xx_HAL_Driver/Src/stm32f4xx_hal_tim.c.obj
 .comment       0x00000043       0x44 CMakeFiles/untitled2.elf.dir/Drivers/STM32F4xx_HAL_Driver/Src/stm32f4xx_hal_tim_ex.c.obj
 .comment       0x00000043       0x44 CMakeFiles/untitled2.elf.dir/Drivers/STM32F4xx_HAL_Driver/Src/stm32f4xx_hal_uart.c.obj
 .comment       0x00000043       0x44 D:/STM32Cube/STM32CubeCLT_1.16.0/GNU-tools-for-STM32/bin/../lib/gcc/arm-none-eabi/12.3.1/../../../../arm-none-eabi/lib/thumb/v7e-m/nofp\libg.a(libc_a-memset.o)
 .comment       0x00000043       0x44 D:/STM32Cube/STM32CubeCLT_1.16.0/GNU-tools-for-STM32/bin/../lib/gcc/arm-none-eabi/12.3.1/../../../../arm-none-eabi/lib/thumb/v7e-m/nofp\libg.a(libc_a-init.o)
 .comment       0x00000043       0x44 D:/STM32Cube/STM32CubeCLT_1.16.0/GNU-tools-for-STM32/bin/../lib/gcc/arm-none-eabi/12.3.1/../../../../arm-none-eabi/lib/thumb/v7e-m/nofp\libg.a(libc_a-lock.o)
 .comment       0x00000043       0x44 D:/STM32Cube/STM32CubeCLT_1.16.0/GNU-tools-for-STM32/bin/../lib/gcc/arm-none-eabi/12.3.1/../../../../arm-none-eabi/lib/thumb/v7e-m/nofp\libg.a(libc_a-__call_atexit.o)
 .comment       0x00000043       0x44 D:/STM32Cube/STM32CubeCLT_1.16.0/GNU-tools-for-STM32/bin/../lib/gcc/arm-none-eabi/12.3.1/../../../../arm-none-eabi/lib/thumb/v7e-m/nofp\libg.a(libc_a-atexit.o)
 .comment       0x00000043       0x44 D:/STM32Cube/STM32CubeCLT_1.16.0/GNU-tools-for-STM32/bin/../lib/gcc/arm-none-eabi/12.3.1/../../../../arm-none-eabi/lib/thumb/v7e-m/nofp\libg.a(libc_a-fini.o)
 .comment       0x00000043       0x44 D:/STM32Cube/STM32CubeCLT_1.16.0/GNU-tools-for-STM32/bin/../lib/gcc/arm-none-eabi/12.3.1/../../../../arm-none-eabi/lib/thumb/v7e-m/nofp\libg.a(libc_a-__atexit.o)

.debug_frame    0x00000000     0x2168
 .debug_frame   0x00000000       0x28 CMakeFiles/untitled2.elf.dir/Core/Src/callback.c.obj
 .debug_frame   0x00000028       0x30 CMakeFiles/untitled2.elf.dir/Core/Src/gpio.c.obj
 .debug_frame   0x00000058       0x58 CMakeFiles/untitled2.elf.dir/Core/Src/main.c.obj
 .debug_frame   0x000000b0       0x28 CMakeFiles/untitled2.elf.dir/Core/Src/stm32f4xx_hal_msp.c.obj
 .debug_frame   0x000000d8       0xd8 CMakeFiles/untitled2.elf.dir/Core/Src/stm32f4xx_it.c.obj
 .debug_frame   0x000001b0       0x30 CMakeFiles/untitled2.elf.dir/Core/Src/system_stm32f4xx.c.obj
 .debug_frame   0x000001e0       0xac CMakeFiles/untitled2.elf.dir/Core/Src/tim.c.obj
 .debug_frame   0x0000028c       0x60 CMakeFiles/untitled2.elf.dir/Core/Src/usart.c.obj
 .debug_frame   0x000002ec      0x20c CMakeFiles/untitled2.elf.dir/Drivers/STM32F4xx_HAL_Driver/Src/stm32f4xx_hal.c.obj
 .debug_frame   0x000004f8      0x214 CMakeFiles/untitled2.elf.dir/Drivers/STM32F4xx_HAL_Driver/Src/stm32f4xx_hal_cortex.c.obj
 .debug_frame   0x0000070c       0xd4 CMakeFiles/untitled2.elf.dir/Drivers/STM32F4xx_HAL_Driver/Src/stm32f4xx_hal_gpio.c.obj
 .debug_frame   0x000007e0       0xec CMakeFiles/untitled2.elf.dir/Drivers/STM32F4xx_HAL_Driver/Src/stm32f4xx_hal_pwr_ex.c.obj
 .debug_frame   0x000008cc      0x16c CMakeFiles/untitled2.elf.dir/Drivers/STM32F4xx_HAL_Driver/Src/stm32f4xx_hal_rcc.c.obj
 .debug_frame   0x00000a38      0xb08 CMakeFiles/untitled2.elf.dir/Drivers/STM32F4xx_HAL_Driver/Src/stm32f4xx_hal_tim.c.obj
 .debug_frame   0x00001540      0x40c CMakeFiles/untitled2.elf.dir/Drivers/STM32F4xx_HAL_Driver/Src/stm32f4xx_hal_tim_ex.c.obj
 .debug_frame   0x0000194c      0x5dc CMakeFiles/untitled2.elf.dir/Drivers/STM32F4xx_HAL_Driver/Src/stm32f4xx_hal_uart.c.obj
 .debug_frame   0x00001f28       0x2c D:/STM32Cube/STM32CubeCLT_1.16.0/GNU-tools-for-STM32/bin/../lib/gcc/arm-none-eabi/12.3.1/thumb/v7e-m/nofp\libgcc.a(_aeabi_uldivmod.o)
 .debug_frame   0x00001f54       0x34 D:/STM32Cube/STM32CubeCLT_1.16.0/GNU-tools-for-STM32/bin/../lib/gcc/arm-none-eabi/12.3.1/thumb/v7e-m/nofp\libgcc.a(_udivmoddi4.o)
 .debug_frame   0x00001f88       0x20 D:/STM32Cube/STM32CubeCLT_1.16.0/GNU-tools-for-STM32/bin/../lib/gcc/arm-none-eabi/12.3.1/../../../../arm-none-eabi/lib/thumb/v7e-m/nofp\libg.a(libc_a-memset.o)
 .debug_frame   0x00001fa8       0x2c D:/STM32Cube/STM32CubeCLT_1.16.0/GNU-tools-for-STM32/bin/../lib/gcc/arm-none-eabi/12.3.1/../../../../arm-none-eabi/lib/thumb/v7e-m/nofp\libg.a(libc_a-init.o)
 .debug_frame   0x00001fd4       0xb0 D:/STM32Cube/STM32CubeCLT_1.16.0/GNU-tools-for-STM32/bin/../lib/gcc/arm-none-eabi/12.3.1/../../../../arm-none-eabi/lib/thumb/v7e-m/nofp\libg.a(libc_a-lock.o)
 .debug_frame   0x00002084       0x58 D:/STM32Cube/STM32CubeCLT_1.16.0/GNU-tools-for-STM32/bin/../lib/gcc/arm-none-eabi/12.3.1/../../../../arm-none-eabi/lib/thumb/v7e-m/nofp\libg.a(libc_a-__call_atexit.o)
 .debug_frame   0x000020dc       0x20 D:/STM32Cube/STM32CubeCLT_1.16.0/GNU-tools-for-STM32/bin/../lib/gcc/arm-none-eabi/12.3.1/../../../../arm-none-eabi/lib/thumb/v7e-m/nofp\libg.a(libc_a-atexit.o)
 .debug_frame   0x000020fc       0x38 D:/STM32Cube/STM32CubeCLT_1.16.0/GNU-tools-for-STM32/bin/../lib/gcc/arm-none-eabi/12.3.1/../../../../arm-none-eabi/lib/thumb/v7e-m/nofp\libg.a(libc_a-fini.o)
 .debug_frame   0x00002134       0x34 D:/STM32Cube/STM32CubeCLT_1.16.0/GNU-tools-for-STM32/bin/../lib/gcc/arm-none-eabi/12.3.1/../../../../arm-none-eabi/lib/thumb/v7e-m/nofp\libg.a(libc_a-__atexit.o)

.debug_line_str
                0x00000000       0x65
 .debug_line_str
                0x00000000       0x65 CMakeFiles/untitled2.elf.dir/Core/Startup/startup_stm32f427iihx.s.obj
